Archive member included to satisfy reference by file (symbol)

app/libapp.a(main.c.obj)      (--whole-archive)
app/libapp.a(input.c.obj)     (--whole-archive)
app/libapp.a(es_button.c.obj)
                              (--whole-archive)
zephyr/libzephyr.a(crc32_sw.c.obj)
                              (--whole-archive)
zephyr/libzephyr.a(crc16_sw.c.obj)
                              (--whole-archive)
zephyr/libzephyr.a(crc8_sw.c.obj)
                              (--whole-archive)
zephyr/libzephyr.a(crc7_sw.c.obj)
                              (--whole-archive)
zephyr/libzephyr.a(dec.c.obj)
                              (--whole-archive)
zephyr/libzephyr.a(fdtable.c.obj)
                              (--whole-archive)
zephyr/libzephyr.a(hex.c.obj)
                              (--whole-archive)
zephyr/libzephyr.a(mempool.c.obj)
                              (--whole-archive)
zephyr/libzephyr.a(rb.c.obj)  (--whole-archive)
zephyr/libzephyr.a(sem.c.obj)
                              (--whole-archive)
zephyr/libzephyr.a(thread_entry.c.obj)
                              (--whole-archive)
zephyr/libzephyr.a(timeutil.c.obj)
                              (--whole-archive)
zephyr/libzephyr.a(work_q.c.obj)
                              (--whole-archive)
zephyr/libzephyr.a(printk.c.obj)
                              (--whole-archive)
zephyr/libzephyr.a(configs.c.obj)
                              (--whole-archive)
zephyr/libzephyr.a(validate_base_addresses.c.obj)
                              (--whole-archive)
zephyr/libzephyr.a(log_list.c.obj)
                              (--whole-archive)
zephyr/libzephyr.a(log_core.c.obj)
                              (--whole-archive)
zephyr/libzephyr.a(log_msg.c.obj)
                              (--whole-archive)
zephyr/libzephyr.a(log_output.c.obj)
                              (--whole-archive)
zephyr/libzephyr.a(log_backend_uart.c.obj)
                              (--whole-archive)
zephyr/libzephyr.a(power.c.obj)
                              (--whole-archive)
zephyr/libzephyr.a(policy_residency.c.obj)
                              (--whole-archive)
zephyr/libzephyr.a(uart_console.c.obj)
                              (--whole-archive)
zephyr/libzephyr.a(nrf_power_clock.c.obj)
                              (--whole-archive)
zephyr/libzephyr.a(sys_clock_init.c.obj)
                              (--whole-archive)
zephyr/libzephyr.a(nrf_rtc_timer.c.obj)
                              (--whole-archive)
zephyr/arch/common/libarch__common.a(isr_tables.c.obj)
                              (--whole-archive)
zephyr/arch/common/libarch__common.a(sw_isr_common.c.obj)
                              (--whole-archive)
zephyr/arch/arch/arm/core/libarch__arm__core.a(exc_exit.S.obj)
                              (--whole-archive)
zephyr/arch/arch/arm/core/libarch__arm__core.a(swap.c.obj)
                              (--whole-archive)
zephyr/arch/arch/arm/core/libarch__arm__core.a(swap_helper.S.obj)
                              (--whole-archive)
zephyr/arch/arch/arm/core/libarch__arm__core.a(irq_manage.c.obj)
                              (--whole-archive)
zephyr/arch/arch/arm/core/libarch__arm__core.a(thread.c.obj)
                              (--whole-archive)
zephyr/arch/arch/arm/core/libarch__arm__core.a(cpu_idle.S.obj)
                              (--whole-archive)
zephyr/arch/arch/arm/core/libarch__arm__core.a(fault_s.S.obj)
                              (--whole-archive)
zephyr/arch/arch/arm/core/libarch__arm__core.a(fatal.c.obj)
                              (--whole-archive)
zephyr/arch/arch/arm/core/libarch__arm__core.a(nmi.c.obj)
                              (--whole-archive)
zephyr/arch/arch/arm/core/libarch__arm__core.a(nmi_on_reset.S.obj)
                              (--whole-archive)
zephyr/arch/arch/arm/core/libarch__arm__core.a(prep_c.c.obj)
                              (--whole-archive)
zephyr/arch/arch/arm/core/libarch__arm__core.a(isr_wrapper.S.obj)
                              (--whole-archive)
zephyr/arch/arch/arm/core/cortex_m/libarch__arm__core__cortex_m.a(vector_table.S.obj)
                              (--whole-archive)
zephyr/arch/arch/arm/core/cortex_m/libarch__arm__core__cortex_m.a(reset.S.obj)
                              (--whole-archive)
zephyr/arch/arch/arm/core/cortex_m/libarch__arm__core__cortex_m.a(fault.c.obj)
                              (--whole-archive)
zephyr/arch/arch/arm/core/cortex_m/libarch__arm__core__cortex_m.a(scb.c.obj)
                              (--whole-archive)
zephyr/arch/arch/arm/core/cortex_m/libarch__arm__core__cortex_m.a(irq_init.c.obj)
                              (--whole-archive)
zephyr/arch/arch/arm/core/cortex_m/libarch__arm__core__cortex_m.a(thread_abort.c.obj)
                              (--whole-archive)
zephyr/arch/arch/arm/core/cortex_m/mpu/libarch__arm__core__cortex_m__mpu.a(arm_core_mpu.c.obj)
                              (--whole-archive)
[...]
Memory Configuration

Name             Origin             Length             Attributes
FLASH            0x0000000000000000 0x0000000000080000 xr
SRAM             0x0000000020000000 0x0000000000010000 xw
IDT_LIST         0x0000000020010000 0x0000000000000800 xw
*default*        0x0000000000000000 0xffffffffffffffff

Linker script and memory map

LOAD zephyr/CMakeFiles/zephyr_prebuilt.dir/misc/empty_file.c.obj
                0x0000000000000020                _region_min_align = 0x20

.rel.plt        0x0000000000000000        0x0
 *(SORT_BY_ALIGNMENT(.rel.plt))
                [!provide]                        PROVIDE (__rel_iplt_start = .)
 *(SORT_BY_ALIGNMENT(.rel.iplt))
 .rel.iplt      0x0000000000000000        0x0 app/libapp.a(main.c.obj)
                [!provide]                        PROVIDE (__rel_iplt_end = .)

.rela.plt       0x0000000000000000        0x0
 *(SORT_BY_ALIGNMENT(.rela.plt))
                [!provide]                        PROVIDE (__rela_iplt_start = .)
 *(SORT_BY_ALIGNMENT(.rela.iplt))
                [!provide]                        PROVIDE (__rela_iplt_end = .)

.rel.dyn
 *(SORT_BY_ALIGNMENT(.rel.*))

.rela.dyn
 *(SORT_BY_ALIGNMENT(.rela.*))

/DISCARD/
 *(SORT_BY_ALIGNMENT(.plt))
 *(SORT_BY_ALIGNMENT(.iplt))
 *(SORT_BY_ALIGNMENT(.got.plt))
 *(SORT_BY_ALIGNMENT(.igot.plt))
 *(SORT_BY_ALIGNMENT(.got))
 *(SORT_BY_ALIGNMENT(.igot))
 *(SORT_BY_ALIGNMENT(.note.GNU-stack))
                0x0000000000000000                _image_rom_start = 0x0

text            0x0000000000000000       0xdc
                0x0000000000000000                . = 0x0
                0x0000000000000000                _vector_start = .
 *(SORT_BY_ALIGNMENT(.exc_vector_table))
 *(SORT_BY_ALIGNMENT(.exc_vector_table.*))
 .exc_vector_table._vector_table_section
                0x0000000000000000       0x40 zephyr/arch/arch/arm/core/cortex_m/libarch__arm__core__cortex_m.a(vector_table.S.obj)
                0x0000000000000000                _vector_table
 *(SORT_BY_ALIGNMENT(.gnu.linkonce.irq_vector_table))
 .gnu.linkonce.irq_vector_table
                0x0000000000000040       0x9c zephyr/arch/common/libarch__common.a(isr_tables.c.obj)
                0x0000000000000040                _irq_vector_table
 *(SORT_BY_ALIGNMENT(.vectors))
 *(SORT_BY_ALIGNMENT(.openocd_dbg))
 *(SORT_BY_ALIGNMENT(.openocd_dbg.*))
                0x00000000000000dc                _vector_end = .

_TEXT_SECTION_NAME_2
                0x00000000000000dc     0x564a
                0x00000000000000dc                _image_text_start = .
 *(SORT_BY_ALIGNMENT(.text))
 .text          0x00000000000000dc       0x30 /home/tarcisio/zephyr-sdk-0.10.3/arm-zephyr-eabi/bin/../lib/gcc/arm-zephyr-eabi/8.3.0/thumb/v7e-m/nofp/libgcc.a(_aeabi_uldivmod.o)
                0x00000000000000dc                __aeabi_uldivmod
 .text          0x000000000000010c        0x4 /home/tarcisio/zephyr-sdk-0.10.3/arm-zephyr-eabi/bin/../lib/gcc/arm-zephyr-eabi/8.3.0/thumb/v7e-m/nofp/libgcc.a(_dvmd_tls.o)
                0x000000000000010c                __aeabi_ldiv0
                0x000000000000010c                __aeabi_idiv0
 .text          0x0000000000000110      0x2b4 /home/tarcisio/zephyr-sdk-0.10.3/arm-zephyr-eabi/bin/../lib/gcc/arm-zephyr-eabi/8.3.0/thumb/v7e-m/nofp/libgcc.a(_udivmoddi4.o)
                0x0000000000000110                __udivmoddi4
 *(SORT_BY_ALIGNMENT(.text.*))
 .text.button0_callback
                0x00000000000003c4       0x24 app/libapp.a(main.c.obj)
                0x00000000000003c4                button0_callback
 .text.pwm_pin_set_usec.constprop.2
                0x00000000000003e8       0x8c app/libapp.a(main.c.obj)
 .text.state_machine_action
                0x0000000000000474       0x58 app/libapp.a(main.c.obj)
                0x0000000000000474                state_machine_action
 .text.state_machine
                0x00000000000004cc       0x24 app/libapp.a(main.c.obj)
                0x00000000000004cc                state_machine
 .text.readThread
                0x00000000000004f0       0x3c app/libapp.a(main.c.obj)
                0x00000000000004f0                readThread
 .text.buttonPWMThread
                0x000000000000052c       0x84 app/libapp.a(main.c.obj)
                0x000000000000052c                buttonPWMThread
 .text.printThread
                0x00000000000005b0       0x4c app/libapp.a(main.c.obj)
                0x00000000000005b0                printThread
 .text.sensor   0x00000000000005fc       0x34 app/libapp.a(main.c.obj)
                0x00000000000005fc                sensor
 .text.main     0x0000000000000630       0x88 app/libapp.a(main.c.obj)
                0x0000000000000630                main
 .text.input_open
                0x00000000000006b8       0x24 app/libapp.a(input.c.obj)
                0x00000000000006b8                input_open
 .text.char_out
                0x00000000000006dc       0x10 zephyr/libzephyr.a(printk.c.obj)
 .text._printk_dec_ulong
                0x00000000000006ec       0x98 zephyr/libzephyr.a(printk.c.obj)
 .text.__printk_hook_install
                0x0000000000000784        0xc zephyr/libzephyr.a(printk.c.obj)
                0x0000000000000784                __printk_hook_install
 .text.vprintk  0x0000000000000790       0x1c zephyr/libzephyr.a(printk.c.obj)
                0x0000000000000790                vprintk
 .text.enable_logger
                0x00000000000007ac       0x54 zephyr/libzephyr.a(log_core.c.obj)
 .text.log_process_thread_timer_expiry_fn
                0x0000000000000800        0xc zephyr/libzephyr.a(log_core.c.obj)
 .text.log_core_init
                0x000000000000080c       0x40 zephyr/libzephyr.a(log_core.c.obj)
                0x000000000000080c                log_core_init
 .text.dropped_notify
                0x000000000000084c       0x4c zephyr/libzephyr.a(log_core.c.obj)
                0x000000000000084c                dropped_notify
 .text.log_dropped
                0x0000000000000898       0x20 zephyr/libzephyr.a(log_core.c.obj)
                0x0000000000000898                log_dropped
 .text.log_source_name_get
                0x00000000000008b8       0x1c zephyr/libzephyr.a(log_core.c.obj)
                0x00000000000008b8                log_source_name_get
 .text.log_backend_enable
                0x00000000000008d4       0x34 zephyr/libzephyr.a(log_core.c.obj)
                0x00000000000008d4                log_backend_enable
 .text.log_init
                0x0000000000000908       0x54 zephyr/libzephyr.a(log_core.c.obj)
                0x0000000000000908                log_init
 .text.log_strdup
                0x000000000000095c       0x6c zephyr/libzephyr.a(log_core.c.obj)
                0x000000000000095c                log_strdup
 .text.log_is_strdup
                0x00000000000009c8       0x1c zephyr/libzephyr.a(log_core.c.obj)
                0x00000000000009c8                log_is_strdup
 .text.z_impl_log_process
                0x00000000000009e4      0x188 zephyr/libzephyr.a(log_core.c.obj)
                0x00000000000009e4                z_impl_log_process
 .text.msg_finalize
                0x0000000000000b6c       0xb8 zephyr/libzephyr.a(log_core.c.obj)
 .text.log_process_thread_func
                0x0000000000000c24       0x44 zephyr/libzephyr.a(log_core.c.obj)
 .text.z_impl_log_panic
                0x0000000000000c68       0x48 zephyr/libzephyr.a(log_core.c.obj)
                0x0000000000000c68                z_impl_log_panic
 .text.log_free
                0x0000000000000cb0       0x34 zephyr/libzephyr.a(log_core.c.obj)
                0x0000000000000cb0                log_free
 .text.log_msg_pool_init
                0x0000000000000ce4       0x14 zephyr/libzephyr.a(log_msg.c.obj)
                0x0000000000000ce4                log_msg_pool_init
 .text.log_msg_no_space_handle
                0x0000000000000cf8       0x30 zephyr/libzephyr.a(log_msg.c.obj)
                0x0000000000000cf8                log_msg_no_space_handle
 .text.log_msg_chunk_alloc
                0x0000000000000d28       0x24 zephyr/libzephyr.a(log_msg.c.obj)
                0x0000000000000d28                log_msg_chunk_alloc
 .text.msg_free
                0x0000000000000d4c       0x64 zephyr/libzephyr.a(log_msg.c.obj)
 .text.print_formatted
                0x0000000000000db0       0x24 zephyr/libzephyr.a(log_output.c.obj)
 .text.prefix_print
                0x0000000000000dd4      0x11c zephyr/libzephyr.a(log_output.c.obj)
 .text.postfix_print
                0x0000000000000ef0       0x3c zephyr/libzephyr.a(log_output.c.obj)
 .text.hexdump_line_print
                0x0000000000000f2c       0xd8 zephyr/libzephyr.a(log_output.c.obj)
 .text.log_output_msg_process
                0x0000000000001004       0xec zephyr/libzephyr.a(log_output.c.obj)
                0x0000000000001004                log_output_msg_process
 .text.log_output_dropped_process
                0x00000000000010f0       0x54 zephyr/libzephyr.a(log_output.c.obj)
                0x00000000000010f0                log_output_dropped_process
 .text.log_output_timestamp_freq_set
                0x0000000000001144       0x30 zephyr/libzephyr.a(log_output.c.obj)
                0x0000000000001144                log_output_timestamp_freq_set
 .text.panic    0x0000000000001174        0xc zephyr/libzephyr.a(log_backend_uart.c.obj)
 .text.dropped  0x0000000000001180        0xc zephyr/libzephyr.a(log_backend_uart.c.obj)
 .text.log_backend_uart_init
                0x000000000000118c       0x18 zephyr/libzephyr.a(log_backend_uart.c.obj)
 .text.put      0x00000000000011a4       0x24 zephyr/libzephyr.a(log_backend_uart.c.obj)
 .text.console_out
                0x00000000000011c8       0x28 zephyr/libzephyr.a(uart_console.c.obj)
 .text.uart_console_hook_install
                0x00000000000011f0       0x18 zephyr/libzephyr.a(uart_console.c.obj)
                0x00000000000011f0                uart_console_hook_install
 .text.uart_console_init
                0x0000000000001208       0x1c zephyr/libzephyr.a(uart_console.c.obj)
 .text.nrf_power_clock_isr
                0x0000000000001224       0x68 zephyr/libzephyr.a(nrf_power_clock.c.obj)
                0x0000000000001224                nrf_power_clock_isr
 .text.rtc1_nrf_isr
                0x000000000000128c       0x40 zephyr/libzephyr.a(nrf_rtc_timer.c.obj)
                0x000000000000128c                rtc1_nrf_isr
 .text.z_clock_driver_init
                0x00000000000012cc       0x84 zephyr/libzephyr.a(nrf_rtc_timer.c.obj)
                0x00000000000012cc                z_clock_driver_init
 .text.z_clock_set_timeout
                0x0000000000001350       0xac zephyr/libzephyr.a(nrf_rtc_timer.c.obj)
                0x0000000000001350                z_clock_set_timeout
 .text.z_clock_elapsed
                0x00000000000013fc       0x34 zephyr/libzephyr.a(nrf_rtc_timer.c.obj)
                0x00000000000013fc                z_clock_elapsed
 .text.z_timer_cycle_get_32
                0x0000000000001430       0x34 zephyr/libzephyr.a(nrf_rtc_timer.c.obj)
                0x0000000000001430                z_timer_cycle_get_32
 .text._HandlerModeExit
                0x0000000000001464       0x1c zephyr/arch/arch/arm/core/libarch__arm__core.a(exc_exit.S.obj)
                0x0000000000001464                z_arm_exc_exit
                0x0000000000001464                z_arm_int_exit
 .text.arch_swap
                0x0000000000001480       0x34 zephyr/arch/arch/arm/core/libarch__arm__core.a(swap.c.obj)
                0x0000000000001480                arch_swap
 .text.z_arm_pendsv
                0x00000000000014b4       0x54 zephyr/arch/arch/arm/core/libarch__arm__core.a(swap_helper.S.obj)
                0x00000000000014b4                z_arm_pendsv
 .text.z_arm_svc
                0x0000000000001508       0x20 zephyr/arch/arch/arm/core/libarch__arm__core.a(swap_helper.S.obj)
                0x0000000000001508                z_arm_svc
 .text.arch_irq_enable
                0x0000000000001528       0x20 zephyr/arch/arch/arm/core/libarch__arm__core.a(irq_manage.c.obj)
                0x0000000000001528                arch_irq_enable
 .text.z_arm_irq_priority_set
                0x0000000000001548       0x30 zephyr/arch/arch/arm/core/libarch__arm__core.a(irq_manage.c.obj)
                0x0000000000001548                z_arm_irq_priority_set
 .text.arch_new_thread
                0x0000000000001578       0x44 zephyr/arch/arch/arm/core/libarch__arm__core.a(thread.c.obj)
                0x0000000000001578                arch_new_thread
 .text.arch_switch_to_main_thread
                0x00000000000015bc       0x3c zephyr/arch/arch/arm/core/libarch__arm__core.a(thread.c.obj)
                0x00000000000015bc                arch_switch_to_main_thread
 .text.z_arm_cpu_idle_init
                0x00000000000015f8        0xc zephyr/arch/arch/arm/core/libarch__arm__core.a(cpu_idle.S.obj)
                0x00000000000015f8                z_arm_cpu_idle_init
 .text.arch_cpu_idle
                0x0000000000001604        0xc zephyr/arch/arch/arm/core/libarch__arm__core.a(cpu_idle.S.obj)
                0x0000000000001604                arch_cpu_idle
 .text.__fault  0x0000000000001610       0x14 zephyr/arch/arch/arm/core/libarch__arm__core.a(fault_s.S.obj)
                0x0000000000001610                z_arm_bus_fault
                0x0000000000001610                z_arm_usage_fault
                0x0000000000001610                z_arm_mpu_fault
                0x0000000000001610                z_arm_reserved
                0x0000000000001610                z_arm_debug_monitor
                0x0000000000001610                z_arm_hard_fault
 .text.z_arm_fatal_error
                0x0000000000001624       0xa4 zephyr/arch/arch/arm/core/libarch__arm__core.a(fatal.c.obj)
                0x0000000000001624                z_arm_fatal_error
 .text.z_SysNmiOnReset
                0x00000000000016c8        0x8 zephyr/arch/arch/arm/core/libarch__arm__core.a(nmi_on_reset.S.obj)
                0x00000000000016c8                z_SysNmiOnReset
 .text.z_arm_prep_c
                0x00000000000016d0       0x2c zephyr/arch/arch/arm/core/libarch__arm__core.a(prep_c.c.obj)
                0x00000000000016d0                z_arm_prep_c
 .text._isr_wrapper
                0x00000000000016fc       0x40 zephyr/arch/arch/arm/core/libarch__arm__core.a(isr_wrapper.S.obj)
                0x00000000000016fc                _isr_wrapper
 .text._reset_section
                0x000000000000173c       0x30 zephyr/arch/arch/arm/core/cortex_m/libarch__arm__core__cortex_m.a(reset.S.obj)
                0x000000000000173c                z_arm_reset
                0x000000000000173c                __start
 .text.usage_fault.isra.2
                0x000000000000176c      0x104 zephyr/arch/arch/arm/core/cortex_m/libarch__arm__core__cortex_m.a(fault.c.obj)
 .text.mem_manage_fault.isra.4
                0x0000000000001870      0x110 zephyr/arch/arch/arm/core/cortex_m/libarch__arm__core__cortex_m.a(fault.c.obj)
 .text.bus_fault.isra.5
                0x0000000000001980      0x12c zephyr/arch/arch/arm/core/cortex_m/libarch__arm__core__cortex_m.a(fault.c.obj)
 .text.z_arm_fault
                0x0000000000001aac      0x1d0 zephyr/arch/arch/arm/core/cortex_m/libarch__arm__core__cortex_m.a(fault.c.obj)
                0x0000000000001aac                z_arm_fault
 .text.z_arm_fault_init
                0x0000000000001c7c       0x10 zephyr/arch/arch/arm/core/cortex_m/libarch__arm__core__cortex_m.a(fault.c.obj)
                0x0000000000001c7c                z_arm_fault_init
 .text.z_arm_int_lib_init
                0x0000000000001c8c       0x18 zephyr/arch/arch/arm/core/cortex_m/libarch__arm__core__cortex_m.a(irq_init.c.obj)
                0x0000000000001c8c                z_arm_int_lib_init
 .text.z_impl_k_thread_abort
                0x0000000000001ca4       0x4c zephyr/arch/arch/arm/core/cortex_m/libarch__arm__core__cortex_m.a(thread_abort.c.obj)
                0x0000000000001ca4                z_impl_k_thread_abort
 .text.z_arm_configure_static_mpu_regions
                0x0000000000001cf0       0x38 zephyr/arch/arch/arm/core/cortex_m/mpu/libarch__arm__core__cortex_m__mpu.a(arm_core_mpu.c.obj)
                0x0000000000001cf0                z_arm_configure_static_mpu_regions
 .text.mpu_configure_regions
                0x0000000000001d28       0xd0 zephyr/arch/arch/arm/core/cortex_m/mpu/libarch__arm__core__cortex_m__mpu.a(arm_mpu.c.obj)
 .text.arm_core_mpu_enable
                0x0000000000001df8       0x14 zephyr/arch/arch/arm/core/cortex_m/mpu/libarch__arm__core__cortex_m__mpu.a(arm_mpu.c.obj)
                0x0000000000001df8                arm_core_mpu_enable
 .text.arm_core_mpu_disable
                0x0000000000001e0c       0x10 zephyr/arch/arch/arm/core/cortex_m/mpu/libarch__arm__core__cortex_m__mpu.a(arm_mpu.c.obj)
                0x0000000000001e0c                arm_core_mpu_disable
 .text.arm_mpu_init
                0x0000000000001e1c       0x5c zephyr/arch/arch/arm/core/cortex_m/mpu/libarch__arm__core__cortex_m__mpu.a(arm_mpu.c.obj)
 .text.arm_core_mpu_configure_static_mpu_regions
                0x0000000000001e78       0x14 zephyr/arch/arch/arm/core/cortex_m/mpu/libarch__arm__core__cortex_m__mpu.a(arm_mpu.c.obj)
                0x0000000000001e78                arm_core_mpu_configure_static_mpu_regions
 .text.arm_core_mpu_configure_dynamic_mpu_regions
                0x0000000000001e8c       0x2c zephyr/arch/arch/arm/core/cortex_m/mpu/libarch__arm__core__cortex_m__mpu.a(arm_mpu.c.obj)
                0x0000000000001e8c                arm_core_mpu_configure_dynamic_mpu_regions
 .text.z_prf    0x0000000000001eb8      0x970 zephyr/lib/libc/minimal/liblib__libc__minimal.a(prf.c.obj)
                0x0000000000001eb8                z_prf
 .text.__stdout_hook_install
                0x0000000000002828        0xc zephyr/lib/libc/minimal/liblib__libc__minimal.a(stdout_console.c.obj)
                0x0000000000002828                __stdout_hook_install
 .text.snprintf
                0x0000000000002834       0x30 zephyr/lib/libc/minimal/liblib__libc__minimal.a(sprintf.c.obj)
                0x0000000000002834                snprintf
 .text.nordicsemi_nrf52_init
                0x0000000000002864       0x30 zephyr/soc/arm/nordic_nrf/nrf52/libsoc__arm__nordic_nrf__nrf52.a(soc.c.obj)
 .text.gpio_nrfx_init
                0x0000000000002894       0x30 zephyr/drivers/gpio/libdrivers__gpio.a(gpio_nrfx.c.obj)
 .text.gpiote_pin_int_cfg
                0x00000000000028c4      0x160 zephyr/drivers/gpio/libdrivers__gpio.a(gpio_nrfx.c.obj)
 .text.gpiote_event_handler
                0x0000000000002a24      0x160 zephyr/drivers/gpio/libdrivers__gpio.a(gpio_nrfx.c.obj)
 .text.pwm_nrfx_get_cycles_per_sec
                0x0000000000002b84       0x10 zephyr/drivers/pwm/libdrivers__pwm.a(pwm_nrfx.c.obj)
 .text.pwm_nrfx_init
                0x0000000000002b94       0x54 zephyr/drivers/pwm/libdrivers__pwm.a(pwm_nrfx.c.obj)
 .text.pwm_nrfx_pin_set
                0x0000000000002be8      0x1f0 zephyr/drivers/pwm/libdrivers__pwm.a(pwm_nrfx.c.obj)
 .text.uart_nrfx_err_check
                0x0000000000002dd8       0x10 zephyr/drivers/serial/libdrivers__serial.a(uart_nrfx_uart.c.obj)
 .text.uart_nrfx_configure
                0x0000000000002de8      0x16c zephyr/drivers/serial/libdrivers__serial.a(uart_nrfx_uart.c.obj)
 .text.uart_nrfx_poll_in
                0x0000000000002f54       0x2c zephyr/drivers/serial/libdrivers__serial.a(uart_nrfx_uart.c.obj)
 .text.uart_nrfx_poll_out
                0x0000000000002f80       0x34 zephyr/drivers/serial/libdrivers__serial.a(uart_nrfx_uart.c.obj)
 .text.uart_nrfx_init
                0x0000000000002fb4       0x68 zephyr/drivers/serial/libdrivers__serial.a(uart_nrfx_uart.c.obj)
 .text.errata_12
                0x000000000000301c       0x1c zephyr/modules/nordic/lib..__modules__hal__nordic.a(system_nrf52.c.obj)
 .text.errata_16
                0x0000000000003038       0x2c zephyr/modules/nordic/lib..__modules__hal__nordic.a(system_nrf52.c.obj)
 .text.SystemInit
                0x0000000000003064      0x254 zephyr/modules/nordic/lib..__modules__hal__nordic.a(system_nrf52.c.obj)
                0x0000000000003064                SystemInit
 .text.nrfx_pwm_init
                0x00000000000032b8      0x10c zephyr/modules/nordic/lib..__modules__hal__nordic.a(nrfx_pwm.c.obj)
                0x00000000000032b8                nrfx_pwm_init
 .text.nrfx_pwm_simple_playback
                0x00000000000033c4       0x78 zephyr/modules/nordic/lib..__modules__hal__nordic.a(nrfx_pwm.c.obj)
                0x00000000000033c4                nrfx_pwm_simple_playback
 .text.nrfx_pwm_is_stopped
                0x000000000000343c       0x28 zephyr/modules/nordic/lib..__modules__hal__nordic.a(nrfx_pwm.c.obj)
                0x000000000000343c                nrfx_pwm_is_stopped
 .text.z_sys_device_do_config_level
                0x0000000000003464       0x34 zephyr/kernel/libkernel.a(device.c.obj)
                0x0000000000003464                z_sys_device_do_config_level
 .text.z_impl_device_get_binding
                0x0000000000003498       0x4c zephyr/kernel/libkernel.a(device.c.obj)
                0x0000000000003498                z_impl_device_get_binding
 .text.k_sys_fatal_error_handler
                0x00000000000034e4       0x38 zephyr/kernel/libkernel.a(fatal.c.obj)
                0x00000000000034e4                k_sys_fatal_error_handler
 .text.z_fatal_error
                0x000000000000351c       0xc8 zephyr/kernel/libkernel.a(fatal.c.obj)
                0x000000000000351c                z_fatal_error
 .text.idle     0x00000000000035e4       0x34 zephyr/kernel/libkernel.a(idle.c.obj)
                0x00000000000035e4                idle
 .text.z_bss_zero
                0x0000000000003618       0x14 zephyr/kernel/libkernel.a(init.c.obj)
                0x0000000000003618                z_bss_zero
 .text.z_data_copy
                0x000000000000362c       0x34 zephyr/kernel/libkernel.a(init.c.obj)
                0x000000000000362c                z_data_copy
 .text.bg_thread_main
                0x0000000000003660       0x3c zephyr/kernel/libkernel.a(init.c.obj)
 .text.z_cstart
                0x000000000000369c      0x110 zephyr/kernel/libkernel.a(init.c.obj)
                0x000000000000369c                z_cstart
 .text.init_mem_slab_module
                0x00000000000037ac       0x38 zephyr/kernel/libkernel.a(mem_slab.c.obj)
 .text.k_mem_slab_alloc
                0x00000000000037e4       0x58 zephyr/kernel/libkernel.a(mem_slab.c.obj)
                0x00000000000037e4                k_mem_slab_alloc
 .text.k_mem_slab_free
                0x000000000000383c       0x5c zephyr/kernel/libkernel.a(mem_slab.c.obj)
                0x000000000000383c                k_mem_slab_free
 .text.z_reset_time_slice
                0x0000000000003898       0x2c zephyr/kernel/libkernel.a(sched.c.obj)
                0x0000000000003898                z_reset_time_slice
 .text.k_sched_time_slice_set
                0x00000000000038c4       0x58 zephyr/kernel/libkernel.a(sched.c.obj)
                0x00000000000038c4                k_sched_time_slice_set
 .text.k_sched_lock
                0x000000000000391c       0x28 zephyr/kernel/libkernel.a(sched.c.obj)
                0x000000000000391c                k_sched_lock
 .text.z_priq_dumb_remove
                0x0000000000003944       0x2c zephyr/kernel/libkernel.a(sched.c.obj)
                0x0000000000003944                z_priq_dumb_remove
 .text.update_cache
                0x0000000000003970       0x3c zephyr/kernel/libkernel.a(sched.c.obj)
 .text.k_sched_unlock
                0x00000000000039ac       0x38 zephyr/kernel/libkernel.a(sched.c.obj)
                0x00000000000039ac                k_sched_unlock
 .text.z_add_thread_to_ready_q
                0x00000000000039e4       0x6c zephyr/kernel/libkernel.a(sched.c.obj)
                0x00000000000039e4                z_add_thread_to_ready_q
 .text.z_move_thread_to_end_of_prio_q
                0x0000000000003a50       0x84 zephyr/kernel/libkernel.a(sched.c.obj)
                0x0000000000003a50                z_move_thread_to_end_of_prio_q
 .text.z_time_slice
                0x0000000000003ad4       0x6c zephyr/kernel/libkernel.a(sched.c.obj)
                0x0000000000003ad4                z_time_slice
 .text.z_remove_thread_from_ready_q
                0x0000000000003b40       0x4c zephyr/kernel/libkernel.a(sched.c.obj)
                0x0000000000003b40                z_remove_thread_from_ready_q
 .text.pend     0x0000000000003b8c       0x88 zephyr/kernel/libkernel.a(sched.c.obj)
 .text.z_pend_curr
                0x0000000000003c14       0x28 zephyr/kernel/libkernel.a(sched.c.obj)
                0x0000000000003c14                z_pend_curr
 .text.z_tick_sleep.part.19
                0x0000000000003c3c       0x5c zephyr/kernel/libkernel.a(sched.c.obj)
 .text.z_sched_init
                0x0000000000003c98       0x18 zephyr/kernel/libkernel.a(sched.c.obj)
                0x0000000000003c98                z_sched_init
 .text.z_impl_k_yield
                0x0000000000003cb0       0x98 zephyr/kernel/libkernel.a(sched.c.obj)
                0x0000000000003cb0                z_impl_k_yield
 .text.z_impl_k_sleep
                0x0000000000003d48       0x50 zephyr/kernel/libkernel.a(sched.c.obj)
                0x0000000000003d48                z_impl_k_sleep
 .text.z_impl_k_current_get
                0x0000000000003d98        0xc zephyr/kernel/libkernel.a(sched.c.obj)
                0x0000000000003d98                z_impl_k_current_get
 .text.z_impl_k_sem_give
                0x0000000000003da4       0x4c zephyr/kernel/libkernel.a(sem.c.obj)
                0x0000000000003da4                z_impl_k_sem_give
 .text.z_impl_k_sem_take
                0x0000000000003df0       0x48 zephyr/kernel/libkernel.a(sem.c.obj)
                0x0000000000003df0                z_impl_k_sem_take
 .text.z_impl_k_thread_start
                0x0000000000003e38       0x48 zephyr/kernel/libkernel.a(thread.c.obj)
                0x0000000000003e38                z_impl_k_thread_start
 .text.z_setup_new_thread
                0x0000000000003e80       0x30 zephyr/kernel/libkernel.a(thread.c.obj)
                0x0000000000003e80                z_setup_new_thread
 .text.z_impl_k_thread_create
                0x0000000000003eb0       0x60 zephyr/kernel/libkernel.a(thread.c.obj)
                0x0000000000003eb0                z_impl_k_thread_create
 .text.z_thread_single_suspend
                0x0000000000003f10       0x48 zephyr/kernel/libkernel.a(thread.c.obj)
                0x0000000000003f10                z_thread_single_suspend
 .text.z_impl_k_thread_suspend
                0x0000000000003f58       0x40 zephyr/kernel/libkernel.a(thread.c.obj)
                0x0000000000003f58                z_impl_k_thread_suspend
 .text.z_init_static_threads
                0x0000000000003f98       0xb4 zephyr/kernel/libkernel.a(thread.c.obj)
                0x0000000000003f98                z_init_static_threads
 .text.elapsed  0x000000000000404c       0x14 zephyr/kernel/libkernel.a(timeout.c.obj)
 .text.remove_timeout
                0x0000000000004060       0x28 zephyr/kernel/libkernel.a(timeout.c.obj)
 .text.next_timeout
                0x0000000000004088       0x38 zephyr/kernel/libkernel.a(timeout.c.obj)
 .text.z_add_timeout
                0x00000000000040c0       0x84 zephyr/kernel/libkernel.a(timeout.c.obj)
                0x00000000000040c0                z_add_timeout
 .text.z_clock_announce
                0x0000000000004144       0xac zephyr/kernel/libkernel.a(timeout.c.obj)
                0x0000000000004144                z_clock_announce
 .text.z_tick_get
                0x00000000000041f0       0x3c zephyr/kernel/libkernel.a(timeout.c.obj)
                0x00000000000041f0                z_tick_get
 .text.z_timer_expiration_handler
                0x000000000000422c       0x48 zephyr/kernel/libkernel.a(timer.c.obj)
                0x000000000000422c                z_timer_expiration_handler
 .text.z_impl_k_timer_start
                0x0000000000004274       0x5c zephyr/kernel/libkernel.a(timer.c.obj)
                0x0000000000004274                z_impl_k_timer_start
 .text.init_static_pools
                0x00000000000042d0       0x28 zephyr/kernel/libkernel.a(mempool.c.obj)
                0x00000000000042d0                init_static_pools
 .text.k_sleep  0x00000000000042f8        0x4 app/libapp.a(main.c.obj)
 .text.input_configure
                0x00000000000042fc       0x16 app/libapp.a(input.c.obj)
                0x00000000000042fc                input_configure
 .text.input_read
                0x0000000000004312       0x16 app/libapp.a(input.c.obj)
                0x0000000000004312                input_read
 .text.button_create
                0x0000000000004328       0x48 app/libapp.a(es_button.c.obj)
                0x0000000000004328                button_create
 .text.z_sys_mem_pool_base_init
                0x0000000000004370       0x8c zephyr/libzephyr.a(mempool.c.obj)
                0x0000000000004370                z_sys_mem_pool_base_init
 .text.z_thread_entry
                0x00000000000043fc       0x14 zephyr/libzephyr.a(thread_entry.c.obj)
                0x00000000000043fc                z_thread_entry
 .text.arch_printk_char_out
                0x0000000000004410        0x4 zephyr/libzephyr.a(printk.c.obj)
                0x0000000000004410                arch_printk_char_out
 .text.print_err
                0x0000000000004414       0x1c zephyr/libzephyr.a(printk.c.obj)
 .text.z_vprintk
                0x0000000000004430      0x2e0 zephyr/libzephyr.a(printk.c.obj)
                0x0000000000004430                z_vprintk
 .text.printk   0x0000000000004710       0x1a zephyr/libzephyr.a(printk.c.obj)
                0x0000000000004710                printk
 .text._ConfigAbsSyms
                0x000000000000472a        0x2 zephyr/libzephyr.a(configs.c.obj)
                0x000000000000472a                _ConfigAbsSyms
 .text.log_list_init
                0x000000000000472c        0x8 zephyr/libzephyr.a(log_list.c.obj)
                0x000000000000472c                log_list_init
 .text.log_list_add_tail
                0x0000000000004734       0x14 zephyr/libzephyr.a(log_list.c.obj)
                0x0000000000004734                log_list_add_tail
 .text.log_list_head_peek
                0x0000000000004748        0x4 zephyr/libzephyr.a(log_list.c.obj)
                0x0000000000004748                log_list_head_peek
 .text.log_list_head_get
                0x000000000000474c        0xc zephyr/libzephyr.a(log_list.c.obj)
                0x000000000000474c                log_list_head_get
 .text.z_log_msg_std_alloc
                0x0000000000004758       0x12 zephyr/libzephyr.a(log_core.c.obj)
 .text.k_cycle_get_32_wrapper
                0x000000000000476a        0x4 zephyr/libzephyr.a(log_core.c.obj)
 .text.dummy_timestamp
                0x000000000000476e        0x4 zephyr/libzephyr.a(log_core.c.obj)
 .text.log_0    0x0000000000004772       0x1a zephyr/libzephyr.a(log_core.c.obj)
                0x0000000000004772                log_0
 .text.log_1    0x000000000000478c       0x28 zephyr/libzephyr.a(log_core.c.obj)
                0x000000000000478c                log_1
 .text.log_2    0x00000000000047b4       0x30 zephyr/libzephyr.a(log_core.c.obj)
                0x00000000000047b4                log_2
 .text.log_3    0x00000000000047e4       0x36 zephyr/libzephyr.a(log_core.c.obj)
                0x00000000000047e4                log_3
 .text.log_n    0x000000000000481a       0x16 zephyr/libzephyr.a(log_core.c.obj)
                0x000000000000481a                log_n
 .text.log_msg_hexdump_data_op
                0x0000000000004830       0xa4 zephyr/libzephyr.a(log_msg.c.obj)
 .text.log_msg_get
                0x00000000000048d4       0x1a zephyr/libzephyr.a(log_msg.c.obj)
                0x00000000000048d4                log_msg_get
 .text.log_msg_nargs_get
                0x00000000000048ee        0x6 zephyr/libzephyr.a(log_msg.c.obj)
                0x00000000000048ee                log_msg_nargs_get
 .text.log_msg_arg_get
                0x00000000000048f4       0x3a zephyr/libzephyr.a(log_msg.c.obj)
                0x00000000000048f4                log_msg_arg_get
 .text.log_msg_put
                0x000000000000492e       0x26 zephyr/libzephyr.a(log_msg.c.obj)
                0x000000000000492e                log_msg_put
 .text.log_msg_str_get
                0x0000000000004954        0x4 zephyr/libzephyr.a(log_msg.c.obj)
                0x0000000000004954                log_msg_str_get
 .text.log_msg_create_n
                0x0000000000004958       0xa8 zephyr/libzephyr.a(log_msg.c.obj)
                0x0000000000004958                log_msg_create_n
 .text.log_msg_hexdump_data_get
                0x0000000000004a00        0xe zephyr/libzephyr.a(log_msg.c.obj)
                0x0000000000004a00                log_msg_hexdump_data_get
 .text.buffer_write
                0x0000000000004a0e       0x1a zephyr/libzephyr.a(log_output.c.obj)
 .text.std_print
                0x0000000000004a28      0x2ba zephyr/libzephyr.a(log_output.c.obj)
 .text.log_output_flush
                0x0000000000004ce2       0x1a zephyr/libzephyr.a(log_output.c.obj)
                0x0000000000004ce2                log_output_flush
 .text.out_func
                0x0000000000004cfc       0x22 zephyr/libzephyr.a(log_output.c.obj)
 .text.char_out
                0x0000000000004d1e       0x20 zephyr/libzephyr.a(log_backend_uart.c.obj)
 .text.get_status
                0x0000000000004d3e       0x14 zephyr/libzephyr.a(nrf_power_clock.c.obj)
 .text.lfclk_init
                0x0000000000004d52        0xa zephyr/libzephyr.a(nrf_power_clock.c.obj)
 .text.clkstarted_handle
                0x0000000000004d5c       0x40 zephyr/libzephyr.a(nrf_power_clock.c.obj)
 .text.clock_async_start
                0x0000000000004d9c       0xb2 zephyr/libzephyr.a(nrf_power_clock.c.obj)
 .text.clock_start
                0x0000000000004e4e        0x6 zephyr/libzephyr.a(nrf_power_clock.c.obj)
 .text.hfclk_init
                0x0000000000004e54       0x2e zephyr/libzephyr.a(nrf_power_clock.c.obj)
 .text.clock_stop
                0x0000000000004e82       0x68 zephyr/libzephyr.a(nrf_power_clock.c.obj)
 .text.z_clock_isr
                0x0000000000004eea        0x2 zephyr/libzephyr.a(sys_clock_init.c.obj)
                0x0000000000004eea                z_clock_isr
 .text.z_clock_idle_exit
                0x0000000000004eec        0x2 zephyr/libzephyr.a(sys_clock_init.c.obj)
                0x0000000000004eec                z_clock_idle_exit
 .text.z_irq_spurious
                0x0000000000004eee        0x4 zephyr/arch/arch/arm/core/libarch__arm__core.a(irq_manage.c.obj)
                0x0000000000004eee                z_irq_spurious
 .text.z_do_kernel_oops
                0x0000000000004ef2        0x8 zephyr/arch/arch/arm/core/libarch__arm__core.a(fatal.c.obj)
                0x0000000000004ef2                z_do_kernel_oops
 .text.z_arm_nmi
                0x0000000000004efa        0xe zephyr/arch/arch/arm/core/libarch__arm__core.a(nmi.c.obj)
                0x0000000000004efa                z_arm_nmi
 .text.z_arm_configure_dynamic_mpu_regions
                0x0000000000004f08       0x10 zephyr/arch/arch/arm/core/cortex_m/mpu/libarch__arm__core__cortex_m__mpu.a(arm_core_mpu.c.obj)
                0x0000000000004f08                z_arm_configure_dynamic_mpu_regions
 .text.strncpy  0x0000000000004f18       0x26 zephyr/lib/libc/minimal/liblib__libc__minimal.a(string.c.obj)
                0x0000000000004f18                strncpy
 .text.strchr   0x0000000000004f3e       0x1c zephyr/lib/libc/minimal/liblib__libc__minimal.a(string.c.obj)
                0x0000000000004f3e                strchr
 .text.strcmp   0x0000000000004f5a       0x18 zephyr/lib/libc/minimal/liblib__libc__minimal.a(string.c.obj)
                0x0000000000004f5a                strcmp
 .text.memcpy   0x0000000000004f72       0x54 zephyr/lib/libc/minimal/liblib__libc__minimal.a(string.c.obj)
                0x0000000000004f72                memcpy
 .text.memset   0x0000000000004fc6       0x44 zephyr/lib/libc/minimal/liblib__libc__minimal.a(string.c.obj)
                0x0000000000004fc6                memset
 .text._to_x    0x000000000000500a       0x44 zephyr/lib/libc/minimal/liblib__libc__minimal.a(prf.c.obj)
 .text._rlrshift
                0x000000000000504e       0x24 zephyr/lib/libc/minimal/liblib__libc__minimal.a(prf.c.obj)
 .text._ldiv5   0x0000000000005072       0x58 zephyr/lib/libc/minimal/liblib__libc__minimal.a(prf.c.obj)
 .text._get_digit
                0x00000000000050ca       0x2e zephyr/lib/libc/minimal/liblib__libc__minimal.a(prf.c.obj)
 .text._stdout_hook_default
                0x00000000000050f8        0x6 zephyr/lib/libc/minimal/liblib__libc__minimal.a(stdout_console.c.obj)
 .text.sprintf_out
                0x00000000000050fe       0x1a zephyr/lib/libc/minimal/liblib__libc__minimal.a(sprintf.c.obj)
 .text.z_platform_init
                0x0000000000005118        0x4 zephyr/soc/arm/nordic_nrf/nrf52/libsoc__arm__nordic_nrf__nrf52.a(soc.c.obj)
                0x0000000000005118                z_platform_init
 .text.gpio_nrfx_write
                0x000000000000511c       0x3c zephyr/drivers/gpio/libdrivers__gpio.a(gpio_nrfx.c.obj)
 .text.gpio_nrfx_read
                0x0000000000005158       0x30 zephyr/drivers/gpio/libdrivers__gpio.a(gpio_nrfx.c.obj)
 .text.gpio_nrfx_manage_callback
                0x0000000000005188       0x56 zephyr/drivers/gpio/libdrivers__gpio.a(gpio_nrfx.c.obj)
 .text.gpio_nrfx_config
                0x00000000000051de      0x124 zephyr/drivers/gpio/libdrivers__gpio.a(gpio_nrfx.c.obj)
 .text.gpio_nrfx_pin_disable_callback
                0x0000000000005302       0x42 zephyr/drivers/gpio/libdrivers__gpio.a(gpio_nrfx.c.obj)
 .text.gpio_nrfx_pin_enable_callback
                0x0000000000005344       0x40 zephyr/drivers/gpio/libdrivers__gpio.a(gpio_nrfx.c.obj)
 .text.uart_nrfx_config_get
                0x0000000000005384       0x10 zephyr/drivers/serial/libdrivers__serial.a(uart_nrfx_uart.c.obj)
 .text.nrf_pwm_event_clear
                0x0000000000005394       0x10 zephyr/modules/nordic/lib..__modules__hal__nordic.a(nrfx_pwm.c.obj)
 .text.start_playback.isra.2
                0x00000000000053a4       0x4c zephyr/modules/nordic/lib..__modules__hal__nordic.a(nrfx_pwm.c.obj)
 .text.nrfx_pwm_stop
                0x00000000000053f0       0x26 zephyr/modules/nordic/lib..__modules__hal__nordic.a(nrfx_pwm.c.obj)
                0x00000000000053f0                nrfx_pwm_stop
 .text.arch_system_halt
                0x0000000000005416       0x12 zephyr/kernel/libkernel.a(fatal.c.obj)
                0x0000000000005416                arch_system_halt
 .text.z_sys_power_save_idle_exit
                0x0000000000005428        0x4 zephyr/kernel/libkernel.a(idle.c.obj)
                0x0000000000005428                z_sys_power_save_idle_exit
 .text.k_mem_slab_init
                0x000000000000542c       0x24 zephyr/kernel/libkernel.a(mem_slab.c.obj)
                0x000000000000542c                k_mem_slab_init
 .text.z_is_thread_ready
                0x0000000000005450       0x12 zephyr/kernel/libkernel.a(sched.c.obj)
 .text.z_find_first_thread_to_unpend
                0x0000000000005462       0x20 zephyr/kernel/libkernel.a(sched.c.obj)
                0x0000000000005462                z_find_first_thread_to_unpend
 .text.z_unpend_thread_no_timeout
                0x0000000000005482       0x32 zephyr/kernel/libkernel.a(sched.c.obj)
                0x0000000000005482                z_unpend_thread_no_timeout
 .text.z_reschedule
                0x00000000000054b4       0x16 zephyr/kernel/libkernel.a(sched.c.obj)
                0x00000000000054b4                z_reschedule
 .text.z_reschedule_irqlock
                0x00000000000054ca       0x18 zephyr/kernel/libkernel.a(sched.c.obj)
                0x00000000000054ca                z_reschedule_irqlock
 .text.z_reschedule_unlocked
                0x00000000000054e2       0x14 zephyr/kernel/libkernel.a(sched.c.obj)
 .text.z_priq_dumb_best
                0x00000000000054f6        0xc zephyr/kernel/libkernel.a(sched.c.obj)
                0x00000000000054f6                z_priq_dumb_best
 .text.z_thread_timeout
                0x0000000000005502       0x62 zephyr/kernel/libkernel.a(sched.c.obj)
                0x0000000000005502                z_thread_timeout
 .text.z_unpend_first_thread
                0x0000000000005564       0x5a zephyr/kernel/libkernel.a(sched.c.obj)
                0x0000000000005564                z_unpend_first_thread
 .text.z_is_thread_ready
                0x00000000000055be       0x12 zephyr/kernel/libkernel.a(thread.c.obj)
 .text.z_impl_k_thread_name_set
                0x00000000000055d0        0x6 zephyr/kernel/libkernel.a(thread.c.obj)
                0x00000000000055d0                z_impl_k_thread_name_set
 .text.k_thread_name_get
                0x00000000000055d6        0x4 zephyr/kernel/libkernel.a(thread.c.obj)
                0x00000000000055d6                k_thread_name_get
 .text.z_new_thread_init
                0x00000000000055da       0x1e zephyr/kernel/libkernel.a(thread.c.obj)
                0x00000000000055da                z_new_thread_init
 .text.z_thread_single_abort
                0x00000000000055f8       0x3e zephyr/kernel/libkernel.a(thread.c.obj)
                0x00000000000055f8                z_thread_single_abort
 .text.z_abort_timeout
                0x0000000000005636       0x2c zephyr/kernel/libkernel.a(timeout.c.obj)
                0x0000000000005636                z_abort_timeout
 .text.z_get_next_timeout_expiry
                0x0000000000005662       0x20 zephyr/kernel/libkernel.a(timeout.c.obj)
                0x0000000000005662                z_get_next_timeout_expiry
 .text.z_set_timeout_expiry
                0x0000000000005682       0x34 zephyr/kernel/libkernel.a(timeout.c.obj)
                0x0000000000005682                z_set_timeout_expiry
 .text.z_tick_get_32
                0x00000000000056b6        0x8 zephyr/kernel/libkernel.a(timeout.c.obj)
                0x00000000000056b6                z_tick_get_32
 .text.k_timer_init
                0x00000000000056be       0x18 zephyr/kernel/libkernel.a(timer.c.obj)
                0x00000000000056be                k_timer_init
 .text.z_impl_k_timer_stop
                0x00000000000056d6       0x4e zephyr/kernel/libkernel.a(timer.c.obj)
                0x00000000000056d6                z_impl_k_timer_stop
 .text._OffsetAbsSyms
                0x0000000000005724        0x2 zephyr/CMakeFiles/offsets.dir/arch/arm/core/offsets/offsets.c.obj
                0x0000000000005724                _OffsetAbsSyms
 *(SORT_BY_ALIGNMENT(.gnu.linkonce.t.*))
 *(SORT_BY_ALIGNMENT(.glue_7t))
 .glue_7t       0x0000000000005726        0x0 linker stubs
 *(SORT_BY_ALIGNMENT(.glue_7))
 .glue_7        0x0000000000005726        0x0 linker stubs
 *(SORT_BY_ALIGNMENT(.vfp11_veneer))
 .vfp11_veneer  0x0000000000005726        0x0 linker stubs
 *(SORT_BY_ALIGNMENT(.v4_bx))
 .v4_bx         0x0000000000005726        0x0 linker stubs
                0x0000000000005726                _image_text_end = .

.ARM.exidx      0x0000000000005728        0x8
                0x0000000000005728                __exidx_start = .
 *(SORT_BY_ALIGNMENT(.ARM.exidx*) SORT_BY_ALIGNMENT(gnu.linkonce.armexidx.*))
 .ARM.exidx     0x0000000000005728        0x8 /home/tarcisio/zephyr-sdk-0.10.3/arm-zephyr-eabi/bin/../lib/gcc/arm-zephyr-eabi/8.3.0/thumb/v7e-m/nofp/libgcc.a(_udivmoddi4.o)
                0x0000000000005730                __exidx_end = .
                0x0000000000005730                _image_rodata_start = .

sw_isr_table    0x0000000000005730      0x138
                0x0000000000005730                . = ALIGN (0x0)
 *(SORT_BY_ALIGNMENT(.gnu.linkonce.sw_isr_table))
 .gnu.linkonce.sw_isr_table
                0x0000000000005730      0x138 zephyr/arch/common/libarch__common.a(isr_tables.c.obj)
                0x0000000000005730                _sw_isr_table

app_shmem_regions
                0x0000000000005868        0x0
                0x0000000000005868                __app_shmem_regions_start = .
 *(SORT_BY_NAME(SORT_BY_ALIGNMENT(.app_regions.*)))
                0x0000000000005868                __app_shmem_regions_end = .

devconfig       0x0000000000005868       0x90
                0x0000000000005868                __devconfig_start = .
 *(SORT_BY_ALIGNMENT(.devconfig.*))
 .devconfig.init
                0x0000000000005868        0xc zephyr/libzephyr.a(log_core.c.obj)
 .devconfig.init
                0x0000000000005874        0xc zephyr/libzephyr.a(uart_console.c.obj)
 .devconfig.init
                0x0000000000005880       0x18 zephyr/libzephyr.a(nrf_power_clock.c.obj)
 .devconfig.init
                0x0000000000005898        0xc zephyr/libzephyr.a(sys_clock_init.c.obj)
 .devconfig.init
                0x00000000000058a4        0xc zephyr/arch/arch/arm/core/cortex_m/mpu/libarch__arm__core__cortex_m__mpu.a(arm_mpu.c.obj)
 .devconfig.init
                0x00000000000058b0        0xc zephyr/soc/arm/nordic_nrf/nrf52/libsoc__arm__nordic_nrf__nrf52.a(soc.c.obj)
 .devconfig.init
                0x00000000000058bc        0xc zephyr/drivers/gpio/libdrivers__gpio.a(gpio_nrfx.c.obj)
 .devconfig.init
                0x00000000000058c8        0xc zephyr/drivers/pwm/libdrivers__pwm.a(pwm_nrfx.c.obj)
 .devconfig.init
                0x00000000000058d4        0xc zephyr/drivers/serial/libdrivers__serial.a(uart_nrfx_uart.c.obj)
 .devconfig.init
                0x00000000000058e0        0xc zephyr/kernel/libkernel.a(mem_slab.c.obj)
 .devconfig.init
                0x00000000000058ec        0xc zephyr/kernel/libkernel.a(mempool.c.obj)
 *(SORT_BY_NAME(SORT_BY_ALIGNMENT(.devconfig*)))
                0x00000000000058f8                __devconfig_end = .

net_l2          0x00000000000058f8        0x0
                0x00000000000058f8                __net_l2_start = .
 *(SORT_BY_ALIGNMENT(.net_l2.init))
 *(SORT_BY_NAME(SORT_BY_ALIGNMENT(.net_l2.init*)))
                0x00000000000058f8                __net_l2_end = .

_bt_channels_area
                0x00000000000058f8        0x0
                0x00000000000058f8                _bt_l2cap_fixed_chan_list_start = .
 *(SORT_BY_NAME(SORT_BY_ALIGNMENT(._bt_l2cap_fixed_chan.static.*)))
                0x00000000000058f8                _bt_l2cap_fixed_chan_list_end = .

_bt_services_area
                0x00000000000058f8        0x0
                0x00000000000058f8                _bt_gatt_service_static_list_start = .
 *(SORT_BY_NAME(SORT_BY_ALIGNMENT(._bt_gatt_service_static.static.*)))
                0x00000000000058f8                _bt_gatt_service_static_list_end = .

log_const_sections
                0x00000000000058f8       0x38
                0x00000000000058f8                __log_const_start = .
 *(SORT_BY_NAME(SORT_BY_ALIGNMENT(.log_const_*)))
 .log_const_clock_control
                0x00000000000058f8        0x8 zephyr/libzephyr.a(nrf_power_clock.c.obj)
                0x00000000000058f8                log_const_clock_control
 .log_const_log
                0x0000000000005900        0x8 zephyr/libzephyr.a(log_core.c.obj)
                0x0000000000005900                log_const_log
 .log_const_mpu
                0x0000000000005908        0x8 zephyr/arch/arch/arm/core/cortex_m/mpu/libarch__arm__core__cortex_m__mpu.a(arm_core_mpu.c.obj)
                0x0000000000005908                log_const_mpu
 .log_const_os  0x0000000000005910        0x8 zephyr/kernel/libkernel.a(init.c.obj)
                0x0000000000005910                log_const_os
 .log_const_power
                0x0000000000005918        0x8 zephyr/libzephyr.a(power.c.obj)
                0x0000000000005918                log_const_power
 .log_const_pwm_nrfx
                0x0000000000005920        0x8 zephyr/drivers/pwm/libdrivers__pwm.a(pwm_nrfx.c.obj)
                0x0000000000005920                log_const_pwm_nrfx
 .log_const_soc
                0x0000000000005928        0x8 zephyr/soc/arm/nordic_nrf/nrf52/libsoc__arm__nordic_nrf__nrf52.a(soc.c.obj)
                0x0000000000005928                log_const_soc
                0x0000000000005930                __log_const_end = .

log_backends_sections
                0x0000000000005930       0x10
                0x0000000000005930                __log_backends_start = .
 *(SORT_BY_ALIGNMENT(._log_backend.*))
 ._log_backend.static.log_backend_uart
                0x0000000000005930       0x10 zephyr/libzephyr.a(log_backend_uart.c.obj)
                0x0000000000005940                __log_backends_end = .

shell_root_cmds_sections
                0x0000000000005940        0x0
                0x0000000000005940                __shell_root_cmds_start = .
 *(SORT_BY_NAME(SORT_BY_ALIGNMENT(.shell_root_cmd_*)))
                0x0000000000005940                __shell_root_cmds_end = .

font_entry_sections
                0x0000000000005940        0x0
                0x0000000000005940                __font_entry_start = .
 *(SORT_BY_NAME(SORT_BY_ALIGNMENT(._cfb_font.*)))
                0x0000000000005940                __font_entry_end = .

rodata          0x0000000000005940      0xab8
 *(SORT_BY_ALIGNMENT(.rodata))
 *(SORT_BY_ALIGNMENT(.rodata.*))
 .rodata.colors
                0x0000000000005940       0x14 zephyr/libzephyr.a(log_output.c.obj)
 .rodata.severity
                0x0000000000005954       0x14 zephyr/libzephyr.a(log_output.c.obj)
 .rodata.log_backend_uart_api
                0x0000000000005968       0x18 zephyr/libzephyr.a(log_backend_uart.c.obj)
                0x0000000000005968                log_backend_uart_api
 .rodata.log_output
                0x0000000000005980       0x10 zephyr/libzephyr.a(log_backend_uart.c.obj)
 .rodata.clock_control_api
                0x0000000000005990       0x14 zephyr/libzephyr.a(nrf_power_clock.c.obj)
 .rodata.hfclk_config
                0x00000000000059a4        0xc zephyr/libzephyr.a(nrf_power_clock.c.obj)
 .rodata.lfclk_config
                0x00000000000059b0        0xc zephyr/libzephyr.a(nrf_power_clock.c.obj)
 .rodata.mpu_config
                0x00000000000059bc        0x8 zephyr/soc/arm/common/cortex_m/libsoc__arm__common__cortex_m.a(arm_mpu_regions.c.obj)
                0x00000000000059bc                mpu_config
 .rodata.mpu_regions
                0x00000000000059c4       0x18 zephyr/soc/arm/common/cortex_m/libsoc__arm__common__cortex_m.a(arm_mpu_regions.c.obj)
 .rodata.gpio_nrfx_drv_api_funcs
                0x00000000000059dc       0x1c zephyr/drivers/gpio/libdrivers__gpio.a(gpio_nrfx.c.obj)
 .rodata.gpio_nrfx_p0_cfg
                0x00000000000059f8        0x8 zephyr/drivers/gpio/libdrivers__gpio.a(gpio_nrfx.c.obj)
 .rodata.pwm_nrfx_0config
                0x0000000000005a00       0x24 zephyr/drivers/pwm/libdrivers__pwm.a(pwm_nrfx.c.obj)
 .rodata.pwm_nrfx_drv_api_funcs
                0x0000000000005a24        0x8 zephyr/drivers/pwm/libdrivers__pwm.a(pwm_nrfx.c.obj)
 .rodata.uart_nrfx_uart_driver_api
                0x0000000000005a2c       0x14 zephyr/drivers/serial/libdrivers__serial.a(uart_nrfx_uart.c.obj)
 .rodata.config_levels.8412
                0x0000000000005a40       0x14 zephyr/kernel/libkernel.a(device.c.obj)
 .rodata._k_neg_eagain
                0x0000000000005a54        0x4 zephyr/kernel/libkernel.a(errno.c.obj)
                0x0000000000005a54                _k_neg_eagain
 .rodata.CSWTCH.10
                0x0000000000005a58       0x14 zephyr/kernel/libkernel.a(fatal.c.obj)
 .rodata.button0_callback.str1.1
                0x0000000000005a6c       0x28 app/libapp.a(main.c.obj)
 .rodata.buttonPWMThread.str1.1
                0x0000000000005a94       0x40 app/libapp.a(main.c.obj)
 .rodata.main.str1.1
                0x0000000000005ad4       0x89 app/libapp.a(main.c.obj)
 .rodata.printThread.str1.1
                0x0000000000005b5d       0x28 app/libapp.a(main.c.obj)
 .rodata.readThread.str1.1
                0x0000000000005b85       0x13 app/libapp.a(main.c.obj)
 .rodata.sensor.str1.1
                0x0000000000005b98       0x4f app/libapp.a(main.c.obj)
 .rodata.state_machine_action.str1.1
                0x0000000000005be7       0x55 app/libapp.a(main.c.obj)
 .rodata.str1.1
                0x0000000000005c3c       0x18 app/libapp.a(main.c.obj)
 .rodata.input_open.str1.1
                0x0000000000005c54       0x34 app/libapp.a(input.c.obj)
 .rodata.enable_logger.str1.1
                0x0000000000005c88        0x8 zephyr/libzephyr.a(log_core.c.obj)
 .rodata.log_strdup.str1.1
                0x0000000000005c90       0x1a zephyr/libzephyr.a(log_core.c.obj)
 .rodata.str1.1
                0x0000000000005caa        0x4 zephyr/libzephyr.a(log_core.c.obj)
                                          0x5 (size before relaxing)
 .rodata.z_impl_log_process.str1.1
                0x0000000000005cae       0x36 zephyr/libzephyr.a(log_core.c.obj)
 .rodata.hexdump_line_print.str1.1
                0x0000000000005ce4        0xf zephyr/libzephyr.a(log_output.c.obj)
                                         0x11 (size before relaxing)
 .rodata.log_output_dropped_process.str1.1
                0x0000000000005cf3        0xf zephyr/libzephyr.a(log_output.c.obj)
                                          0x3 (size before relaxing)
 .rodata.log_output_msg_process.str1.1
                0x0000000000005cf3        0x2 zephyr/libzephyr.a(log_output.c.obj)
 .rodata.postfix.9180
                0x0000000000005cf5       0x1c zephyr/libzephyr.a(log_output.c.obj)
 .rodata.postfix_print.str1.1
                0x0000000000005d11        0x3 zephyr/libzephyr.a(log_output.c.obj)
                                          0x5 (size before relaxing)
 .rodata.prefix.9179
                0x0000000000005d14        0xc zephyr/libzephyr.a(log_output.c.obj)
 .rodata.prefix_print.str1.1
                0x0000000000005d20       0x39 zephyr/libzephyr.a(log_output.c.obj)
                                         0x3c (size before relaxing)
 .rodata.str1.1
                0x0000000000005d59       0x20 zephyr/libzephyr.a(log_output.c.obj)
 .rodata.log_backend_uart_init.str1.1
                0x0000000000005d79        0x7 zephyr/libzephyr.a(log_backend_uart.c.obj)
 .rodata.str1.1
                0x0000000000005d80       0x11 zephyr/libzephyr.a(log_backend_uart.c.obj)
 .rodata.str1.1
                0x0000000000005d91        0x6 zephyr/libzephyr.a(power.c.obj)
 .rodata.str1.1
                0x0000000000005d97        0x1 zephyr/libzephyr.a(uart_console.c.obj)
 .rodata.uart_console_init.str1.1
                0x0000000000005d97        0x7 zephyr/libzephyr.a(uart_console.c.obj)
 .rodata.str1.1
                0x0000000000005d97       0x22 zephyr/libzephyr.a(nrf_power_clock.c.obj)
 .rodata.str1.1
                0x0000000000005db9        0xa zephyr/libzephyr.a(sys_clock_init.c.obj)
 .rodata.z_clock_driver_init.str1.1
                0x0000000000005dc3        0xa zephyr/libzephyr.a(nrf_rtc_timer.c.obj)
 .rodata.z_arm_fatal_error.str1.1
                0x0000000000005dc3       0x9b zephyr/arch/arch/arm/core/libarch__arm__core.a(fatal.c.obj)
 .rodata.bus_fault.isra.5.str1.1
                0x0000000000005e5e       0x88 zephyr/arch/arch/arm/core/cortex_m/libarch__arm__core__cortex_m.a(fault.c.obj)
 .rodata.mem_manage_fault.isra.4.str1.1
                0x0000000000005ee6       0xd8 zephyr/arch/arch/arm/core/cortex_m/libarch__arm__core__cortex_m.a(fault.c.obj)
 .rodata.usage_fault.isra.2.str1.1
                0x0000000000005fbe       0xcd zephyr/arch/arch/arm/core/cortex_m/libarch__arm__core__cortex_m.a(fault.c.obj)
 .rodata.z_arm_fault.str1.1
                0x000000000000608b       0xf9 zephyr/arch/arch/arm/core/cortex_m/libarch__arm__core__cortex_m.a(fault.c.obj)
 .rodata.str1.1
                0x0000000000006184        0x4 zephyr/arch/arch/arm/core/cortex_m/mpu/libarch__arm__core__cortex_m__mpu.a(arm_core_mpu.c.obj)
 .rodata.mpu_configure_regions.str1.1
                0x0000000000006188       0x49 zephyr/arch/arch/arm/core/cortex_m/mpu/libarch__arm__core__cortex_m__mpu.a(arm_mpu.c.obj)
 .rodata.str1.1
                0x00000000000061d1        0x1 zephyr/arch/arch/arm/core/cortex_m/mpu/libarch__arm__core__cortex_m__mpu.a(arm_mpu.c.obj)
 .rodata.z_prf.str1.1
                0x00000000000061d1        0xa zephyr/lib/libc/minimal/liblib__libc__minimal.a(prf.c.obj)
 .rodata.str1.1
                0x00000000000061db        0xf zephyr/soc/arm/common/cortex_m/libsoc__arm__common__cortex_m.a(arm_mpu_regions.c.obj)
 .rodata.str1.1
                0x00000000000061ea        0x4 zephyr/soc/arm/nordic_nrf/nrf52/libsoc__arm__nordic_nrf__nrf52.a(soc.c.obj)
                                          0x5 (size before relaxing)
 .rodata.str1.1
                0x00000000000061ee        0x7 zephyr/drivers/gpio/libdrivers__gpio.a(gpio_nrfx.c.obj)
 .rodata.__func__.9492
                0x00000000000061ee       0x11 zephyr/drivers/pwm/libdrivers__pwm.a(pwm_nrfx.c.obj)
 .rodata.pwm_nrfx_init.str1.1
                0x00000000000061ff       0x20 zephyr/drivers/pwm/libdrivers__pwm.a(pwm_nrfx.c.obj)
 .rodata.pwm_nrfx_pin_set.str1.1
                0x000000000000621f       0xa1 zephyr/drivers/pwm/libdrivers__pwm.a(pwm_nrfx.c.obj)
 .rodata.str1.1
                0x00000000000062c0        0x9 zephyr/drivers/pwm/libdrivers__pwm.a(pwm_nrfx.c.obj)
                                          0xf (size before relaxing)
 .rodata.str1.1
                0x00000000000062c9        0x7 zephyr/drivers/serial/libdrivers__serial.a(uart_nrfx_uart.c.obj)
 .rodata.uart_nrfx_uart0_config
                0x00000000000062c9        0x1 zephyr/drivers/serial/libdrivers__serial.a(uart_nrfx_uart.c.obj)
 .rodata.CSWTCH.0
                0x00000000000062ca        0x4 zephyr/modules/nordic/lib..__modules__hal__nordic.a(system_nrf52.c.obj)
 .rodata.CSWTCH.4
                0x00000000000062ce        0x4 zephyr/modules/nordic/lib..__modules__hal__nordic.a(system_nrf52.c.obj)
 .rodata.k_sys_fatal_error_handler.str1.1
                0x00000000000062d2        0xf zephyr/kernel/libkernel.a(fatal.c.obj)
 .rodata.str1.1
                0x00000000000062e1       0x4a zephyr/kernel/libkernel.a(fatal.c.obj)
 .rodata.z_fatal_error.str1.1
                0x000000000000632b       0x77 zephyr/kernel/libkernel.a(fatal.c.obj)
 .rodata.bg_thread_main.str1.1
                0x00000000000063a2       0x47 zephyr/kernel/libkernel.a(init.c.obj)
                                         0x48 (size before relaxing)
 .rodata.str1.1
                0x00000000000063e9        0x3 zephyr/kernel/libkernel.a(init.c.obj)
 .rodata.z_cstart.str1.1
                0x00000000000063ec        0xa zephyr/kernel/libkernel.a(init.c.obj)
 .rodata.str1.1
                0x00000000000063f6        0x1 zephyr/kernel/libkernel.a(mem_slab.c.obj)
 .rodata.str1.1
                0x00000000000063f6        0x1 zephyr/kernel/libkernel.a(mempool.c.obj)
 *(SORT_BY_ALIGNMENT(.gnu.linkonce.r.*))
                0x00000000000063f8                . = ALIGN (0x4)
 *fill*         0x00000000000063f6        0x2 
                0x00000000000063f8                _image_rodata_end = .
                0x0000000000006400                . = ALIGN (_region_min_align)
                0x0000000000008000                . = ALIGN ((0x1 << LOG2CEIL ((_image_rodata_end - _image_rom_start))))
                0x0000000000008000                _image_rom_end = .
                0x0000000020000000                . = 0x20000000
                0x0000000020000000                . = ALIGN (_region_min_align)
                0x0000000020000000                _image_ram_start = .

.ramfunc        0x0000000020000000        0x0 load address 0x00000000000063f8
                0x0000000020000000                . = ALIGN (_region_min_align)
                0x0000000020000000                . = ALIGN ((0x1 << LOG2CEIL (_ramfunc_ram_size)))
                0x0000000020000000                _ramfunc_ram_start = .
 *(SORT_BY_ALIGNMENT(.ramfunc))
 *(SORT_BY_ALIGNMENT(.ramfunc.*))
                0x0000000020000000                . = ALIGN (_region_min_align)
                0x0000000020000000                . = ALIGN ((0x1 << LOG2CEIL (_ramfunc_ram_size)))
                0x0000000020000000                _ramfunc_ram_end = .
                0x0000000000000000                _ramfunc_ram_size = (_ramfunc_ram_end - _ramfunc_ram_start)
                0x00000000000063f8                _ramfunc_rom_start = LOADADDR (.ramfunc)

bss             0x0000000020000000      0x3f1
                0x0000000020000000                . = ALIGN (0x4)
                0x0000000020000000                __bss_start = .
                0x0000000020000000                __kernel_ram_start = .
 *(SORT_BY_ALIGNMENT(.bss))
 *(SORT_BY_ALIGNMENT(.bss.*))
 .bss.curr_tick
                0x0000000020000000        0x8 zephyr/kernel/libkernel.a(timeout.c.obj)
 .bss._k_thread_obj_buttonid
                0x0000000020000008       0x6c app/libapp.a(main.c.obj)
                0x0000000020000008                _k_thread_obj_buttonid
 .bss._k_thread_obj_printid
                0x0000000020000074       0x6c app/libapp.a(main.c.obj)
                0x0000000020000074                _k_thread_obj_printid
 .bss._k_thread_obj_readid
                0x00000000200000e0       0x6c app/libapp.a(main.c.obj)
                0x00000000200000e0                _k_thread_obj_readid
 .bss.button0   0x000000002000014c       0x14 app/libapp.a(main.c.obj)
                0x000000002000014c                button0
 .bss.pwm_dev   0x0000000020000160        0x4 app/libapp.a(main.c.obj)
                0x0000000020000160                pwm_dev
 .bss.sensor1   0x0000000020000164       0x18 app/libapp.a(main.c.obj)
                0x0000000020000164                sensor1
 .bss.val       0x000000002000017c        0x4 app/libapp.a(main.c.obj)
                0x000000002000017c                val
 .bss.buffered_cnt
                0x0000000020000180        0x4 zephyr/libzephyr.a(log_core.c.obj)
 .bss.dropped_cnt
                0x0000000020000184        0x4 zephyr/libzephyr.a(log_core.c.obj)
 .bss.initialized
                0x0000000020000188        0x4 zephyr/libzephyr.a(log_core.c.obj)
 .bss.list      0x000000002000018c        0x8 zephyr/libzephyr.a(log_core.c.obj)
 .bss.log_process_thread_timer
                0x0000000020000194       0x2c zephyr/libzephyr.a(log_core.c.obj)
 .bss.log_strdup_pool
                0x00000000200001c0       0x1c zephyr/libzephyr.a(log_core.c.obj)
                0x00000000200001c0                log_strdup_pool
 .bss.logging_thread
                0x00000000200001dc       0x6c zephyr/libzephyr.a(log_core.c.obj)
                0x00000000200001dc                logging_thread
 .bss.proc_tid  0x0000000020000248        0x4 zephyr/libzephyr.a(log_core.c.obj)
 .bss.log_msg_pool
                0x000000002000024c       0x1c zephyr/libzephyr.a(log_msg.c.obj)
                0x000000002000024c                log_msg_pool
 .bss.freq      0x0000000020000268        0x4 zephyr/libzephyr.a(log_output.c.obj)
 .bss.timestamp_div
                0x000000002000026c        0x4 zephyr/libzephyr.a(log_output.c.obj)
 .bss.backend_cb_log_backend_uart
                0x0000000020000270        0x8 zephyr/libzephyr.a(log_backend_uart.c.obj)
 .bss.log_output_control_block
                0x0000000020000278        0xc zephyr/libzephyr.a(log_backend_uart.c.obj)
 .bss.uart_console_dev
                0x0000000020000284        0x4 zephyr/libzephyr.a(uart_console.c.obj)
 .bss.hfclk     0x0000000020000288        0xc zephyr/libzephyr.a(nrf_power_clock.c.obj)
 .bss.lfclk     0x0000000020000294        0xc zephyr/libzephyr.a(nrf_power_clock.c.obj)
 .bss.last_count
                0x00000000200002a0        0x4 zephyr/libzephyr.a(nrf_rtc_timer.c.obj)
 .bss.gpio_nrfx_p0_data
                0x00000000200002a4       0x20 zephyr/drivers/gpio/libdrivers__gpio.a(gpio_nrfx.c.obj)
 .bss.m_cb      0x00000000200002c4        0xc zephyr/modules/nordic/lib..__modules__hal__nordic.a(nrfx_pwm.c.obj)
 .bss.z_idle_thread
                0x00000000200002d0       0x6c zephyr/kernel/libkernel.a(init.c.obj)
                0x00000000200002d0                z_idle_thread
 .bss.z_main_thread
                0x000000002000033c       0x6c zephyr/kernel/libkernel.a(init.c.obj)
                0x000000002000033c                z_main_thread
 .bss._kernel   0x00000000200003a8       0x30 zephyr/kernel/libkernel.a(sched.c.obj)
                0x00000000200003a8                _kernel
 .bss.pending_current
                0x00000000200003d8        0x4 zephyr/kernel/libkernel.a(sched.c.obj)
 .bss.slice_max_prio
                0x00000000200003dc        0x4 zephyr/kernel/libkernel.a(sched.c.obj)
 .bss.slice_time
                0x00000000200003e0        0x4 zephyr/kernel/libkernel.a(sched.c.obj)
 .bss.announce_remaining
                0x00000000200003e4        0x4 zephyr/kernel/libkernel.a(timeout.c.obj)
 .bss.button0_pressed
                0x00000000200003e8        0x1 app/libapp.a(main.c.obj)
                0x00000000200003e8                button0_pressed
 .bss.current_event
                0x00000000200003e9        0x1 app/libapp.a(main.c.obj)
                0x00000000200003e9                current_event
 .bss.data      0x00000000200003ea        0x1 app/libapp.a(main.c.obj)
                0x00000000200003ea                data
 .bss.backend_attached
                0x00000000200003eb        0x1 zephyr/libzephyr.a(log_core.c.obj)
 .bss.panic_mode
                0x00000000200003ec        0x1 zephyr/libzephyr.a(log_core.c.obj)
 .bss.buf       0x00000000200003ed        0x1 zephyr/libzephyr.a(log_backend_uart.c.obj)
 .bss.static_regions_num
                0x00000000200003ee        0x1 zephyr/arch/arch/arm/core/cortex_m/mpu/libarch__arm__core__cortex_m__mpu.a(arm_mpu.c.obj)
 .bss.gpio_initialized.9265
                0x00000000200003ef        0x1 zephyr/drivers/gpio/libdrivers__gpio.a(gpio_nrfx.c.obj)
 .bss.z_sys_device_level
                0x00000000200003f0        0x1 zephyr/kernel/libkernel.a(device.c.obj)
                0x00000000200003f0                z_sys_device_level
 .bss.lock      0x00000000200003f1        0x0 zephyr/kernel/libkernel.a(mem_slab.c.obj)
 .bss.lock      0x00000000200003f1        0x0 zephyr/kernel/libkernel.a(sem.c.obj)
 .bss.lock      0x00000000200003f1        0x0 zephyr/kernel/libkernel.a(thread.c.obj)
 *(SORT_BY_ALIGNMENT(COMMON))
 *(SORT_BY_ALIGNMENT(.kernel_bss.*))
                0x00000000200003f4                __bss_end = ALIGN (0x4)

noinit          0x00000000200003f8     0x2108
 *(SORT_BY_ALIGNMENT(.noinit))
 *(SORT_BY_ALIGNMENT(.noinit.*))
 .noinit."../src/main.c".1
                0x00000000200003f8      0x400 app/libapp.a(main.c.obj)
                0x00000000200003f8                _k_thread_stack_readid
 .noinit."../src/main.c".2
                0x00000000200007f8      0x400 app/libapp.a(main.c.obj)
                0x00000000200007f8                _k_thread_stack_printid
 .noinit."../src/main.c".3
                0x0000000020000bf8      0x400 app/libapp.a(main.c.obj)
                0x0000000020000bf8                _k_thread_stack_buttonid
 .noinit."ZEPHYR_BASE/subsys/logging/log_core.c".1
                0x0000000020000ff8      0x300 zephyr/libzephyr.a(log_core.c.obj)
                0x0000000020000ff8                logging_stack
 .noinit."ZEPHYR_BASE/kernel/init.c".3
                0x00000000200012f8      0x400 zephyr/kernel/libkernel.a(init.c.obj)
                0x00000000200012f8                z_main_stack
 .noinit."ZEPHYR_BASE/kernel/init.c".4
                0x00000000200016f8      0x140 zephyr/kernel/libkernel.a(init.c.obj)
                0x00000000200016f8                z_idle_stack
 .noinit."ZEPHYR_BASE/kernel/init.c".5
                0x0000000020001838      0x800 zephyr/kernel/libkernel.a(init.c.obj)
                0x0000000020001838                _interrupt_stack
 .noinit."../src/main.c".0
                0x0000000020002038       0x28 app/libapp.a(main.c.obj)
 .noinit."ZEPHYR_BASE/subsys/logging/log_core.c".0
                0x0000000020002060       0xa0 zephyr/libzephyr.a(log_core.c.obj)
 .noinit."ZEPHYR_BASE/subsys/logging/log_msg.c".0
                0x0000000020002100      0x400 zephyr/libzephyr.a(log_msg.c.obj)
 *(SORT_BY_ALIGNMENT(.kernel_noinit.*))

datas           0x0000000020002500       0x31 load address 0x00000000000063f8
                0x0000000020002500                __data_ram_start = .
 *(SORT_BY_ALIGNMENT(.data))
 *(SORT_BY_ALIGNMENT(.data.*))
 .data._char_out
                0x0000000020002500        0x4 zephyr/libzephyr.a(printk.c.obj)
                0x0000000020002500                _char_out
 .data.timestamp_func
                0x0000000020002504        0x4 zephyr/libzephyr.a(log_core.c.obj)
 .data._stdout_hook
                0x0000000020002508        0x4 zephyr/lib/libc/minimal/liblib__libc__minimal.a(stdout_console.c.obj)
 .data.pwm_nrfx_0_data
                0x000000002000250c       0x10 zephyr/drivers/pwm/libdrivers__pwm.a(pwm_nrfx.c.obj)
 .data.uart_nrfx_uart0_data
                0x000000002000251c        0x8 zephyr/drivers/serial/libdrivers__serial.a(uart_nrfx_uart.c.obj)
 .data.SystemCoreClock
                0x0000000020002524        0x4 zephyr/modules/nordic/lib..__modules__hal__nordic.a(system_nrf52.c.obj)
                0x0000000020002524                SystemCoreClock
 .data.timeout_list
                0x0000000020002528        0x8 zephyr/kernel/libkernel.a(timeout.c.obj)
 .data.state    0x0000000020002530        0x1 app/libapp.a(main.c.obj)
                0x0000000020002530                state
 *(SORT_BY_ALIGNMENT(.kernel.*))
                0x00000000000063f8                __data_rom_start = LOADADDR (datas)

initlevel       0x0000000020002534       0x90 load address 0x000000000000642c
                0x0000000020002534                __device_init_start = .
                0x0000000020002534                __device_PRE_KERNEL_1_start = .
 *(SORT_BY_NAME(SORT_BY_ALIGNMENT(.init_PRE_KERNEL_1[0-9])))
 .init_PRE_KERNEL_10
                0x0000000020002534        0xc zephyr/soc/arm/nordic_nrf/nrf52/libsoc__arm__nordic_nrf__nrf52.a(soc.c.obj)
 *(SORT_BY_NAME(SORT_BY_ALIGNMENT(.init_PRE_KERNEL_1[1-9][0-9])))
 .init_PRE_KERNEL_130
                0x0000000020002540        0xc zephyr/kernel/libkernel.a(mem_slab.c.obj)
 .init_PRE_KERNEL_130
                0x000000002000254c        0xc zephyr/kernel/libkernel.a(mempool.c.obj)
 .init_PRE_KERNEL_140
                0x0000000020002558        0xc zephyr/arch/arch/arm/core/cortex_m/mpu/libarch__arm__core__cortex_m__mpu.a(arm_mpu.c.obj)
 .init_PRE_KERNEL_150
                0x0000000020002564       0x18 zephyr/libzephyr.a(nrf_power_clock.c.obj)
 .init_PRE_KERNEL_150
                0x000000002000257c        0xc zephyr/drivers/serial/libdrivers__serial.a(uart_nrfx_uart.c.obj)
 .init_PRE_KERNEL_160
                0x0000000020002588        0xc zephyr/libzephyr.a(uart_console.c.obj)
                0x0000000020002594                __device_PRE_KERNEL_2_start = .
 *(SORT_BY_NAME(SORT_BY_ALIGNMENT(.init_PRE_KERNEL_2[0-9])))
 .init_PRE_KERNEL_20
                0x0000000020002594        0xc zephyr/libzephyr.a(sys_clock_init.c.obj)
 *(SORT_BY_NAME(SORT_BY_ALIGNMENT(.init_PRE_KERNEL_2[1-9][0-9])))
                0x00000000200025a0                __device_POST_KERNEL_start = .
 *(SORT_BY_NAME(SORT_BY_ALIGNMENT(.init_POST_KERNEL[0-9])))
 .init_POST_KERNEL0
                0x00000000200025a0        0xc zephyr/libzephyr.a(log_core.c.obj)
 *(SORT_BY_NAME(SORT_BY_ALIGNMENT(.init_POST_KERNEL[1-9][0-9])))
 .init_POST_KERNEL40
                0x00000000200025ac        0xc zephyr/drivers/gpio/libdrivers__gpio.a(gpio_nrfx.c.obj)
 .init_POST_KERNEL50
                0x00000000200025b8        0xc zephyr/drivers/pwm/libdrivers__pwm.a(pwm_nrfx.c.obj)
                0x00000000200025c4                __device_APPLICATION_start = .
 *(SORT_BY_NAME(SORT_BY_ALIGNMENT(.init_APPLICATION[0-9])))
 *(SORT_BY_NAME(SORT_BY_ALIGNMENT(.init_APPLICATION[1-9][0-9])))
                0x00000000200025c4                __device_init_end = .

initlevel_error
                0x0000000020002531        0x0
 *(SORT_BY_NAME(SORT_BY_ALIGNMENT(.init_[_A-Z0-9]*)))
                0x0000000000000001                ASSERT ((SIZEOF (initlevel_error) == 0x0), Undefined initialization levels used.)

initshell       0x00000000200025c4        0x0 load address 0x00000000000064bc
                0x00000000200025c4                __shell_module_start = .
 *(SORT_BY_ALIGNMENT(.shell_module_*))
                0x00000000200025c4                __shell_module_end = .
                0x00000000200025c4                __shell_cmd_start = .
 *(SORT_BY_ALIGNMENT(.shell_cmd_*))
                0x00000000200025c4                __shell_cmd_end = .

log_dynamic_sections
                0x00000000200025c4        0x0 load address 0x00000000000064bc
                0x00000000200025c4                __log_dynamic_start = .
 *(SORT_BY_NAME(SORT_BY_ALIGNMENT(.log_dynamic_*)))
                0x00000000200025c4                __log_dynamic_end = .

_static_thread_area
                0x00000000200025c4       0x90 load address 0x00000000000064bc
                0x00000000200025c4                __static_thread_data_list_start = .
 *(SORT_BY_NAME(SORT_BY_ALIGNMENT(.__static_thread_data.static.*)))
 .__static_thread_data.static._k_thread_data_buttonid
                0x00000000200025c4       0x30 app/libapp.a(main.c.obj)
                0x00000000200025c4                _k_thread_data_buttonid
 .__static_thread_data.static._k_thread_data_printid
                0x00000000200025f4       0x30 app/libapp.a(main.c.obj)
                0x00000000200025f4                _k_thread_data_printid
 .__static_thread_data.static._k_thread_data_readid
                0x0000000020002624       0x30 app/libapp.a(main.c.obj)
                0x0000000020002624                _k_thread_data_readid
                0x0000000020002654                __static_thread_data_list_end = .

_k_timer_area   0x0000000020002654        0x0 load address 0x000000000000654c
                0x0000000020002654                _k_timer_list_start = .
 *(SORT_BY_ALIGNMENT(._k_timer.static.*))
                0x0000000020002654                _k_timer_list_end = .

_k_mem_slab_area
                0x0000000020002654        0x0 load address 0x000000000000654c
                0x0000000020002654                _k_mem_slab_list_start = .
 *(SORT_BY_ALIGNMENT(._k_mem_slab.static.*))
                0x0000000020002654                _k_mem_slab_list_end = .

_k_mem_pool_area
                0x0000000020002654        0x0 load address 0x000000000000654c
                0x0000000020002654                _k_mem_pool_list_start = .
 *(SORT_BY_ALIGNMENT(._k_mem_pool.static.*))
                0x0000000020002654                _k_mem_pool_list_end = .

_k_sem_area     0x0000000020002654       0x20 load address 0x000000000000654c
                0x0000000020002654                _k_sem_list_start = .
 *(SORT_BY_ALIGNMENT(._k_sem.static.*))
 ._k_sem.static.data_sem
                0x0000000020002654       0x10 app/libapp.a(main.c.obj)
                0x0000000020002654                data_sem
 ._k_sem.static.log_process_thread_sem
                0x0000000020002664       0x10 zephyr/libzephyr.a(log_core.c.obj)
                0x0000000020002664                log_process_thread_sem
 *(SORT_BY_ALIGNMENT(._sys_sem.static.*))
                0x0000000020002674                _k_sem_list_end = .

_k_mutex_area   0x0000000020002674       0x14 load address 0x000000000000656c
                0x0000000020002674                _k_mutex_list_start = .
 *(SORT_BY_ALIGNMENT(._k_mutex.static.*))
 ._k_mutex.static.fdtable_lock
                0x0000000020002674       0x14 zephyr/libzephyr.a(fdtable.c.obj)
                0x0000000020002688                _k_mutex_list_end = .

_k_queue_area   0x0000000020002688        0x0 load address 0x0000000000006580
                0x0000000020002688                _k_queue_list_start = .
 *(SORT_BY_ALIGNMENT(._k_queue.static.*))
 *(SORT_BY_ALIGNMENT(._k_fifo.static.*))
 *(SORT_BY_ALIGNMENT(._k_lifo.static.*))
                0x0000000020002688                _k_queue_list_end = .

_k_stack_area   0x0000000020002688        0x0 load address 0x0000000000006580
                0x0000000020002688                _k_stack_list_start = .
 *(SORT_BY_ALIGNMENT(._k_stack.static.*))
                0x0000000020002688                _k_stack_list_end = .

_k_msgq_area    0x0000000020002688       0x28 load address 0x0000000000006580
                0x0000000020002688                _k_msgq_list_start = .
 *(SORT_BY_ALIGNMENT(._k_msgq.static.*))
 ._k_msgq.static.my_msgq
                0x0000000020002688       0x28 app/libapp.a(main.c.obj)
                0x0000000020002688                my_msgq
                0x00000000200026b0                _k_msgq_list_end = .

_k_mbox_area    0x00000000200026b0        0x0 load address 0x00000000000065a8
                0x00000000200026b0                _k_mbox_list_start = .
 *(SORT_BY_ALIGNMENT(._k_mbox.static.*))
                0x00000000200026b0                _k_mbox_list_end = .

_k_pipe_area    0x00000000200026b0        0x0 load address 0x00000000000065a8
                0x00000000200026b0                _k_pipe_list_start = .
 *(SORT_BY_ALIGNMENT(._k_pipe.static.*))
                0x00000000200026b0                _k_pipe_list_end = .

_net_buf_pool_area
                0x00000000200026b0        0x0 load address 0x00000000000065a8
                0x00000000200026b0                _net_buf_pool_list = .
 *(SORT_BY_NAME(SORT_BY_ALIGNMENT(._net_buf_pool.static.*)))

net_if          0x00000000200026b0        0x0 load address 0x00000000000065a8
                0x00000000200026b0                __net_if_start = .
 *(SORT_BY_ALIGNMENT(.net_if.*))
 *(SORT_BY_NAME(SORT_BY_ALIGNMENT(.net_if.*)))
                0x00000000200026b0                __net_if_end = .

net_if_dev      0x00000000200026b0        0x0 load address 0x00000000000065a8
                0x00000000200026b0                __net_if_dev_start = .
 *(SORT_BY_ALIGNMENT(.net_if_dev.*))
 *(SORT_BY_NAME(SORT_BY_ALIGNMENT(.net_if_dev.*)))
                0x00000000200026b0                __net_if_dev_end = .

net_l2_data     0x00000000200026b0        0x0 load address 0x00000000000065a8
                0x00000000200026b0                __net_l2_data_start = .
 *(SORT_BY_ALIGNMENT(.net_l2.data))
 *(SORT_BY_NAME(SORT_BY_ALIGNMENT(.net_l2.data*)))
                0x00000000200026b0                __net_l2_data_end = .

priv_stacks_noinit
                0x00000000200026b0        0x0 load address 0x00000000000065a8
                0x00000000200026b0                z_priv_stacks_ram_start = .
 *(SORT_BY_ALIGNMENT(.priv_stacks.noinit))
                0x00000000200026b0                z_priv_stacks_ram_end = .
                0x00000000200026b0                __data_ram_end = .
                0x00000000200026b0                _image_ram_end = .
                0x00000000200026b0                _end = .
                0x0000000020010000                __kernel_ram_end = 0x20010000
                0x0000000000010000                __kernel_ram_size = (__kernel_ram_end - __kernel_ram_start)

.intList        0x0000000020010000       0x38
 *(SORT_BY_ALIGNMENT(.irq_info))
 .irq_info      0x0000000020010000        0x8 zephyr/arch/common/libarch__common.a(isr_tables.c.obj)
                0x0000000020010000                _iheader
 *(SORT_BY_ALIGNMENT(.intList))
 .intList       0x0000000020010008       0x10 zephyr/libzephyr.a(nrf_power_clock.c.obj)
 .intList       0x0000000020010018       0x10 zephyr/libzephyr.a(nrf_rtc_timer.c.obj)
 .intList       0x0000000020010028       0x10 zephyr/drivers/gpio/libdrivers__gpio.a(gpio_nrfx.c.obj)

.stab
 *(SORT_BY_ALIGNMENT(.stab))

.stabstr
 *(SORT_BY_ALIGNMENT(.stabstr))

.stab.excl
 *(SORT_BY_ALIGNMENT(.stab.excl))

.stab.exclstr
 *(SORT_BY_ALIGNMENT(.stab.exclstr))

.stab.index
 *(SORT_BY_ALIGNMENT(.stab.index))

.stab.indexstr
 *(SORT_BY_ALIGNMENT(.stab.indexstr))

.gnu.build.attributes
 *(SORT_BY_ALIGNMENT(.gnu.build.attributes) SORT_BY_ALIGNMENT(.gnu.build.attributes.*))

.comment        0x0000000000000000       0x2b
 *(SORT_BY_ALIGNMENT(.comment))
 .comment       0x0000000000000000       0x2b app/libapp.a(main.c.obj)
                                         0x2c (size before relaxing)
 .comment       0x000000000000002b       0x2c app/libapp.a(input.c.obj)
 .comment       0x000000000000002b       0x2c app/libapp.a(es_button.c.obj)
 .comment       0x000000000000002b       0x2c zephyr/libzephyr.a(fdtable.c.obj)
 .comment       0x000000000000002b       0x2c zephyr/libzephyr.a(mempool.c.obj)
 .comment       0x000000000000002b       0x2c zephyr/libzephyr.a(thread_entry.c.obj)
 .comment       0x000000000000002b       0x2c zephyr/libzephyr.a(printk.c.obj)
 .comment       0x000000000000002b       0x2c zephyr/libzephyr.a(configs.c.obj)
 .comment       0x000000000000002b       0x2c zephyr/libzephyr.a(log_list.c.obj)
 .comment       0x000000000000002b       0x2c zephyr/libzephyr.a(log_core.c.obj)
 .comment       0x000000000000002b       0x2c zephyr/libzephyr.a(log_msg.c.obj)
 .comment       0x000000000000002b       0x2c zephyr/libzephyr.a(log_output.c.obj)
 .comment       0x000000000000002b       0x2c zephyr/libzephyr.a(log_backend_uart.c.obj)
 .comment       0x000000000000002b       0x2c zephyr/libzephyr.a(power.c.obj)
 .comment       0x000000000000002b       0x2c zephyr/libzephyr.a(uart_console.c.obj)
 .comment       0x000000000000002b       0x2c zephyr/libzephyr.a(nrf_power_clock.c.obj)
 .comment       0x000000000000002b       0x2c zephyr/libzephyr.a(sys_clock_init.c.obj)
 .comment       0x000000000000002b       0x2c zephyr/libzephyr.a(nrf_rtc_timer.c.obj)
 .comment       0x000000000000002b       0x2c zephyr/arch/common/libarch__common.a(isr_tables.c.obj)
 .comment       0x000000000000002b       0x2c zephyr/arch/arch/arm/core/libarch__arm__core.a(swap.c.obj)
 .comment       0x000000000000002b       0x2c zephyr/arch/arch/arm/core/libarch__arm__core.a(irq_manage.c.obj)
 .comment       0x000000000000002b       0x2c zephyr/arch/arch/arm/core/libarch__arm__core.a(thread.c.obj)
 .comment       0x000000000000002b       0x2c zephyr/arch/arch/arm/core/libarch__arm__core.a(fatal.c.obj)
 .comment       0x000000000000002b       0x2c zephyr/arch/arch/arm/core/libarch__arm__core.a(nmi.c.obj)
 .comment       0x000000000000002b       0x2c zephyr/arch/arch/arm/core/libarch__arm__core.a(prep_c.c.obj)
 .comment       0x000000000000002b       0x2c zephyr/arch/arch/arm/core/cortex_m/libarch__arm__core__cortex_m.a(fault.c.obj)
 .comment       0x000000000000002b       0x2c zephyr/arch/arch/arm/core/cortex_m/libarch__arm__core__cortex_m.a(irq_init.c.obj)
 .comment       0x000000000000002b       0x2c zephyr/arch/arch/arm/core/cortex_m/libarch__arm__core__cortex_m.a(thread_abort.c.obj)
 .comment       0x000000000000002b       0x2c zephyr/arch/arch/arm/core/cortex_m/mpu/libarch__arm__core__cortex_m__mpu.a(arm_core_mpu.c.obj)
 .comment       0x000000000000002b       0x2c zephyr/arch/arch/arm/core/cortex_m/mpu/libarch__arm__core__cortex_m__mpu.a(arm_mpu.c.obj)
 .comment       0x000000000000002b       0x2c zephyr/lib/libc/minimal/liblib__libc__minimal.a(string.c.obj)
 .comment       0x000000000000002b       0x2c zephyr/lib/libc/minimal/liblib__libc__minimal.a(prf.c.obj)
 .comment       0x000000000000002b       0x2c zephyr/lib/libc/minimal/liblib__libc__minimal.a(stdout_console.c.obj)
 .comment       0x000000000000002b       0x2c zephyr/lib/libc/minimal/liblib__libc__minimal.a(sprintf.c.obj)
 .comment       0x000000000000002b       0x2c zephyr/soc/arm/common/cortex_m/libsoc__arm__common__cortex_m.a(arm_mpu_regions.c.obj)
 .comment       0x000000000000002b       0x2c zephyr/soc/arm/nordic_nrf/nrf52/libsoc__arm__nordic_nrf__nrf52.a(soc.c.obj)
 .comment       0x000000000000002b       0x2c zephyr/drivers/gpio/libdrivers__gpio.a(gpio_nrfx.c.obj)
 .comment       0x000000000000002b       0x2c zephyr/drivers/pwm/libdrivers__pwm.a(pwm_nrfx.c.obj)
 .comment       0x000000000000002b       0x2c zephyr/drivers/serial/libdrivers__serial.a(uart_nrfx_uart.c.obj)
 .comment       0x000000000000002b       0x2c zephyr/modules/nordic/lib..__modules__hal__nordic.a(system_nrf52.c.obj)
 .comment       0x000000000000002b       0x2c zephyr/modules/nordic/lib..__modules__hal__nordic.a(nrfx_pwm.c.obj)
 .comment       0x000000000000002b       0x2c zephyr/kernel/libkernel.a(device.c.obj)
 .comment       0x000000000000002b       0x2c zephyr/kernel/libkernel.a(errno.c.obj)
 .comment       0x000000000000002b       0x2c zephyr/kernel/libkernel.a(fatal.c.obj)
 .comment       0x000000000000002b       0x2c zephyr/kernel/libkernel.a(idle.c.obj)
 .comment       0x000000000000002b       0x2c zephyr/kernel/libkernel.a(init.c.obj)
 .comment       0x000000000000002b       0x2c zephyr/kernel/libkernel.a(mem_slab.c.obj)
 .comment       0x000000000000002b       0x2c zephyr/kernel/libkernel.a(sched.c.obj)
 .comment       0x000000000000002b       0x2c zephyr/kernel/libkernel.a(sem.c.obj)
 .comment       0x000000000000002b       0x2c zephyr/kernel/libkernel.a(thread.c.obj)
 .comment       0x000000000000002b       0x2c zephyr/kernel/libkernel.a(timeout.c.obj)
 .comment       0x000000000000002b       0x2c zephyr/kernel/libkernel.a(timer.c.obj)
 .comment       0x000000000000002b       0x2c zephyr/kernel/libkernel.a(mempool.c.obj)
 .comment       0x000000000000002b       0x2c zephyr/CMakeFiles/offsets.dir/arch/arm/core/offsets/offsets.c.obj
 .comment       0x000000000000002b       0x2c /home/tarcisio/zephyr-sdk-0.10.3/arm-zephyr-eabi/bin/../lib/gcc/arm-zephyr-eabi/8.3.0/thumb/v7e-m/nofp/libgcc.a(_udivmoddi4.o)

.debug
 *(SORT_BY_ALIGNMENT(.debug))

.line
 *(SORT_BY_ALIGNMENT(.line))

.debug_srcinfo
 *(SORT_BY_ALIGNMENT(.debug_srcinfo))

.debug_sfnames
 *(SORT_BY_ALIGNMENT(.debug_sfnames))

.debug_aranges  0x0000000000000000     0x11c8
 *(SORT_BY_ALIGNMENT(.debug_aranges))
 .debug_aranges
                0x0000000000000000       0x20 zephyr/arch/arch/arm/core/libarch__arm__core.a(exc_exit.S.obj)
 .debug_aranges
                0x0000000000000020       0x28 zephyr/arch/arch/arm/core/libarch__arm__core.a(swap_helper.S.obj)
 .debug_aranges
                0x0000000000000048       0x30 zephyr/arch/arch/arm/core/libarch__arm__core.a(cpu_idle.S.obj)
 .debug_aranges
                0x0000000000000078       0x20 zephyr/arch/arch/arm/core/libarch__arm__core.a(fault_s.S.obj)
 .debug_aranges
                0x0000000000000098       0x20 zephyr/arch/arch/arm/core/libarch__arm__core.a(nmi_on_reset.S.obj)
 .debug_aranges
                0x00000000000000b8       0x20 zephyr/arch/arch/arm/core/libarch__arm__core.a(isr_wrapper.S.obj)
 .debug_aranges
                0x00000000000000d8       0x20 zephyr/arch/arch/arm/core/cortex_m/libarch__arm__core__cortex_m.a(reset.S.obj)
 .debug_aranges
                0x00000000000000f8       0x20 /home/tarcisio/zephyr-sdk-0.10.3/arm-zephyr-eabi/bin/../lib/gcc/arm-zephyr-eabi/8.3.0/thumb/v7e-m/nofp/libgcc.a(_aeabi_uldivmod.o)
 .debug_aranges
                0x0000000000000118       0x20 /home/tarcisio/zephyr-sdk-0.10.3/arm-zephyr-eabi/bin/../lib/gcc/arm-zephyr-eabi/8.3.0/thumb/v7e-m/nofp/libgcc.a(_dvmd_tls.o)
 .debug_aranges
                0x0000000000000138       0x68 app/libapp.a(main.c.obj)
 .debug_aranges
                0x00000000000001a0       0x30 app/libapp.a(input.c.obj)
 .debug_aranges
                0x00000000000001d0       0x20 app/libapp.a(es_button.c.obj)
 .debug_aranges
                0x00000000000001f0       0x50 zephyr/libzephyr.a(fdtable.c.obj)
 .debug_aranges
                0x0000000000000240       0x68 zephyr/libzephyr.a(mempool.c.obj)
 .debug_aranges
                0x00000000000002a8       0x20 zephyr/libzephyr.a(thread_entry.c.obj)
 .debug_aranges
                0x00000000000002c8       0x80 zephyr/libzephyr.a(printk.c.obj)
 .debug_aranges
                0x0000000000000348       0x20 zephyr/libzephyr.a(configs.c.obj)
 .debug_aranges
                0x0000000000000368       0x38 zephyr/libzephyr.a(log_list.c.obj)
 .debug_aranges
                0x00000000000003a0      0x158 zephyr/libzephyr.a(log_core.c.obj)
 .debug_aranges
                0x00000000000004f8       0x88 zephyr/libzephyr.a(log_msg.c.obj)
 .debug_aranges
                0x0000000000000580       0x80 zephyr/libzephyr.a(log_output.c.obj)
 .debug_aranges
                0x0000000000000600       0x40 zephyr/libzephyr.a(log_backend_uart.c.obj)
 .debug_aranges
                0x0000000000000640       0x40 zephyr/libzephyr.a(power.c.obj)
 .debug_aranges
                0x0000000000000680       0x30 zephyr/libzephyr.a(uart_console.c.obj)
 .debug_aranges
                0x00000000000006b0       0x58 zephyr/libzephyr.a(nrf_power_clock.c.obj)
 .debug_aranges
                0x0000000000000708       0x40 zephyr/libzephyr.a(sys_clock_init.c.obj)
 .debug_aranges
                0x0000000000000748       0x40 zephyr/libzephyr.a(nrf_rtc_timer.c.obj)
 .debug_aranges
                0x0000000000000788       0x18 zephyr/arch/common/libarch__common.a(isr_tables.c.obj)
 .debug_aranges
                0x00000000000007a0       0x20 zephyr/arch/arch/arm/core/libarch__arm__core.a(swap.c.obj)
 .debug_aranges
                0x00000000000007c0       0x48 zephyr/arch/arch/arm/core/libarch__arm__core.a(irq_manage.c.obj)
 .debug_aranges
                0x0000000000000808       0x28 zephyr/arch/arch/arm/core/libarch__arm__core.a(thread.c.obj)
 .debug_aranges
                0x0000000000000830       0x30 zephyr/arch/arch/arm/core/libarch__arm__core.a(fatal.c.obj)
 .debug_aranges
                0x0000000000000860       0x20 zephyr/arch/arch/arm/core/libarch__arm__core.a(nmi.c.obj)
 .debug_aranges
                0x0000000000000880       0x20 zephyr/arch/arch/arm/core/libarch__arm__core.a(prep_c.c.obj)
 .debug_aranges
                0x00000000000008a0       0x40 zephyr/arch/arch/arm/core/cortex_m/libarch__arm__core__cortex_m.a(fault.c.obj)
 .debug_aranges
                0x00000000000008e0       0x20 zephyr/arch/arch/arm/core/cortex_m/libarch__arm__core__cortex_m.a(irq_init.c.obj)
 .debug_aranges
                0x0000000000000900       0x20 zephyr/arch/arch/arm/core/cortex_m/libarch__arm__core__cortex_m.a(thread_abort.c.obj)
 .debug_aranges
                0x0000000000000920       0x28 zephyr/arch/arch/arm/core/cortex_m/mpu/libarch__arm__core__cortex_m__mpu.a(arm_core_mpu.c.obj)
 .debug_aranges
                0x0000000000000948       0x48 zephyr/arch/arch/arm/core/cortex_m/mpu/libarch__arm__core__cortex_m__mpu.a(arm_mpu.c.obj)
 .debug_aranges
                0x0000000000000990       0x90 zephyr/lib/libc/minimal/liblib__libc__minimal.a(string.c.obj)
 .debug_aranges
                0x0000000000000a20       0x40 zephyr/lib/libc/minimal/liblib__libc__minimal.a(prf.c.obj)
 .debug_aranges
                0x0000000000000a60       0x58 zephyr/lib/libc/minimal/liblib__libc__minimal.a(stdout_console.c.obj)
 .debug_aranges
                0x0000000000000ab8       0x40 zephyr/lib/libc/minimal/liblib__libc__minimal.a(sprintf.c.obj)
 .debug_aranges
                0x0000000000000af8       0x18 zephyr/soc/arm/common/cortex_m/libsoc__arm__common__cortex_m.a(arm_mpu_regions.c.obj)
 .debug_aranges
                0x0000000000000b10       0x38 zephyr/soc/arm/nordic_nrf/nrf52/libsoc__arm__nordic_nrf__nrf52.a(soc.c.obj)
 .debug_aranges
                0x0000000000000b48       0x60 zephyr/drivers/gpio/libdrivers__gpio.a(gpio_nrfx.c.obj)
 .debug_aranges
                0x0000000000000ba8       0x30 zephyr/drivers/pwm/libdrivers__pwm.a(pwm_nrfx.c.obj)
 .debug_aranges
                0x0000000000000bd8       0x48 zephyr/drivers/serial/libdrivers__serial.a(uart_nrfx_uart.c.obj)
 .debug_aranges
                0x0000000000000c20       0x38 zephyr/modules/nordic/lib..__modules__hal__nordic.a(system_nrf52.c.obj)
 .debug_aranges
                0x0000000000000c58       0x60 zephyr/modules/nordic/lib..__modules__hal__nordic.a(nrfx_pwm.c.obj)
 .debug_aranges
                0x0000000000000cb8       0x30 zephyr/kernel/libkernel.a(device.c.obj)
 .debug_aranges
                0x0000000000000ce8       0x20 zephyr/kernel/libkernel.a(errno.c.obj)
 .debug_aranges
                0x0000000000000d08       0x38 zephyr/kernel/libkernel.a(fatal.c.obj)
 .debug_aranges
                0x0000000000000d40       0x28 zephyr/kernel/libkernel.a(idle.c.obj)
 .debug_aranges
                0x0000000000000d68       0x48 zephyr/kernel/libkernel.a(init.c.obj)
 .debug_aranges
                0x0000000000000db0       0x38 zephyr/kernel/libkernel.a(mem_slab.c.obj)
 .debug_aranges
                0x0000000000000de8      0x188 zephyr/kernel/libkernel.a(sched.c.obj)
 .debug_aranges
                0x0000000000000f70       0x30 zephyr/kernel/libkernel.a(sem.c.obj)
 .debug_aranges
                0x0000000000000fa0       0xd8 zephyr/kernel/libkernel.a(thread.c.obj)
 .debug_aranges
                0x0000000000001078       0x78 zephyr/kernel/libkernel.a(timeout.c.obj)
 .debug_aranges
                0x00000000000010f0       0x48 zephyr/kernel/libkernel.a(timer.c.obj)
 .debug_aranges
                0x0000000000001138       0x50 zephyr/kernel/libkernel.a(mempool.c.obj)
 .debug_aranges
                0x0000000000001188       0x20 zephyr/CMakeFiles/offsets.dir/arch/arm/core/offsets/offsets.c.obj
 .debug_aranges
                0x00000000000011a8       0x20 /home/tarcisio/zephyr-sdk-0.10.3/arm-zephyr-eabi/bin/../lib/gcc/arm-zephyr-eabi/8.3.0/thumb/v7e-m/nofp/libgcc.a(_udivmoddi4.o)

.debug_pubnames
 *(SORT_BY_ALIGNMENT(.debug_pubnames))

.debug_info     0x0000000000000000    0x45792
 *(SORT_BY_ALIGNMENT(.debug_info) SORT_BY_ALIGNMENT(.gnu.linkonce.wi.*))
 .debug_info    0x0000000000000000     0x199d app/libapp.a(main.c.obj)
 .debug_info    0x000000000000199d     0x1018 app/libapp.a(input.c.obj)
 .debug_info    0x00000000000029b5     0x102a app/libapp.a(es_button.c.obj)
 .debug_info    0x00000000000039df      0xed9 zephyr/libzephyr.a(fdtable.c.obj)
 .debug_info    0x00000000000048b8     0x1c9a zephyr/libzephyr.a(mempool.c.obj)
 .debug_info    0x0000000000006552      0x9d0 zephyr/libzephyr.a(thread_entry.c.obj)
 .debug_info    0x0000000000006f22     0x1373 zephyr/libzephyr.a(printk.c.obj)
 .debug_info    0x0000000000008295       0x38 zephyr/libzephyr.a(configs.c.obj)
 .debug_info    0x00000000000082cd      0x4cc zephyr/libzephyr.a(log_list.c.obj)