Archive member included to satisfy reference by file (symbol)

app/libapp.a(main.c.obj)      (--whole-archive)
app/libapp.a(es_button.c.obj)
                              (--whole-archive)
zephyr/libzephyr.a(crc32_sw.c.obj)
                              (--whole-archive)
zephyr/libzephyr.a(crc16_sw.c.obj)
                              (--whole-archive)
zephyr/libzephyr.a(crc8_sw.c.obj)
                              (--whole-archive)
zephyr/libzephyr.a(crc7_sw.c.obj)
                              (--whole-archive)
zephyr/libzephyr.a(dec.c.obj)
                              (--whole-archive)
zephyr/libzephyr.a(fdtable.c.obj)
                              (--whole-archive)
zephyr/libzephyr.a(hex.c.obj)
                              (--whole-archive)
zephyr/libzephyr.a(mempool.c.obj)
                              (--whole-archive)
zephyr/libzephyr.a(rb.c.obj)  (--whole-archive)
zephyr/libzephyr.a(sem.c.obj)
                              (--whole-archive)
zephyr/libzephyr.a(thread_entry.c.obj)
                              (--whole-archive)
zephyr/libzephyr.a(timeutil.c.obj)
                              (--whole-archive)
zephyr/libzephyr.a(work_q.c.obj)
                              (--whole-archive)
zephyr/libzephyr.a(printk.c.obj)
                              (--whole-archive)
zephyr/libzephyr.a(configs.c.obj)
                              (--whole-archive)
zephyr/libzephyr.a(validate_base_addresses.c.obj)
                              (--whole-archive)
zephyr/libzephyr.a(log_list.c.obj)
                              (--whole-archive)
zephyr/libzephyr.a(log_core.c.obj)
                              (--whole-archive)
zephyr/libzephyr.a(log_msg.c.obj)
                              (--whole-archive)
zephyr/libzephyr.a(log_output.c.obj)
                              (--whole-archive)
zephyr/libzephyr.a(log_backend_uart.c.obj)
                              (--whole-archive)
zephyr/libzephyr.a(power.c.obj)
                              (--whole-archive)
zephyr/libzephyr.a(policy_residency.c.obj)
                              (--whole-archive)
zephyr/libzephyr.a(uart_console.c.obj)
                              (--whole-archive)
zephyr/libzephyr.a(nrf_power_clock.c.obj)
                              (--whole-archive)
zephyr/libzephyr.a(sys_clock_init.c.obj)
                              (--whole-archive)
zephyr/libzephyr.a(nrf_rtc_timer.c.obj)
                              (--whole-archive)
zephyr/arch/common/libarch__common.a(isr_tables.c.obj)
                              (--whole-archive)
zephyr/arch/common/libarch__common.a(sw_isr_common.c.obj)
                              (--whole-archive)
zephyr/arch/arch/arm/core/libarch__arm__core.a(exc_exit.S.obj)
                              (--whole-archive)
zephyr/arch/arch/arm/core/libarch__arm__core.a(swap.c.obj)
                              (--whole-archive)
zephyr/arch/arch/arm/core/libarch__arm__core.a(swap_helper.S.obj)
                              (--whole-archive)
zephyr/arch/arch/arm/core/libarch__arm__core.a(irq_manage.c.obj)
                              (--whole-archive)
zephyr/arch/arch/arm/core/libarch__arm__core.a(thread.c.obj)
                              (--whole-archive)
zephyr/arch/arch/arm/core/libarch__arm__core.a(cpu_idle.S.obj)
                              (--whole-archive)
zephyr/arch/arch/arm/core/libarch__arm__core.a(fault_s.S.obj)
                              (--whole-archive)
zephyr/arch/arch/arm/core/libarch__arm__core.a(fatal.c.obj)
                              (--whole-archive)
zephyr/arch/arch/arm/core/libarch__arm__core.a(nmi.c.obj)
                              (--whole-archive)
zephyr/arch/arch/arm/core/libarch__arm__core.a(nmi_on_reset.S.obj)
                              (--whole-archive)
zephyr/arch/arch/arm/core/libarch__arm__core.a(prep_c.c.obj)
                              (--whole-archive)
zephyr/arch/arch/arm/core/libarch__arm__core.a(isr_wrapper.S.obj)
                              (--whole-archive)
zephyr/arch/arch/arm/core/cortex_m/libarch__arm__core__cortex_m.a(vector_table.S.obj)
                              (--whole-archive)
zephyr/arch/arch/arm/core/cortex_m/libarch__arm__core__cortex_m.a(reset.S.obj)
                              (--whole-archive)
zephyr/arch/arch/arm/core/cortex_m/libarch__arm__core__cortex_m.a(fault.c.obj)
                              (--whole-archive)
zephyr/arch/arch/arm/core/cortex_m/libarch__arm__core__cortex_m.a(scb.c.obj)
                              (--whole-archive)
zephyr/arch/arch/arm/core/cortex_m/libarch__arm__core__cortex_m.a(irq_init.c.obj)
                              (--whole-archive)
zephyr/arch/arch/arm/core/cortex_m/libarch__arm__core__cortex_m.a(thread_abort.c.obj)
                              (--whole-archive)
zephyr/arch/arch/arm/core/cortex_m/mpu/libarch__arm__core__cortex_m__mpu.a(arm_core_mpu.c.obj)
                              (--whole-archive)
zephyr/arch/arch/arm/core/cortex_m/mpu/libarch__arm__core__cortex_m__mpu.a(arm_mpu.c.obj)
[...]
Memory Configuration

Name             Origin             Length             Attributes
FLASH            0x0000000000000000 0x0000000000080000 xr
SRAM             0x0000000020000000 0x0000000000010000 xw
IDT_LIST         0x0000000020010000 0x0000000000000800 xw
*default*        0x0000000000000000 0xffffffffffffffff

Linker script and memory map

LOAD zephyr/CMakeFiles/zephyr_final.dir/misc/empty_file.c.obj
LOAD zephyr/CMakeFiles/zephyr_final.dir/isr_tables.c.obj
                0x0000000000000020                _region_min_align = 0x20

.rel.plt        0x0000000000000000        0x0
 *(SORT_BY_ALIGNMENT(.rel.plt))
                [!provide]                        PROVIDE (__rel_iplt_start = .)
 *(SORT_BY_ALIGNMENT(.rel.iplt))
 .rel.iplt      0x0000000000000000        0x0 zephyr/CMakeFiles/zephyr_final.dir/isr_tables.c.obj
                [!provide]                        PROVIDE (__rel_iplt_end = .)

.rela.plt       0x0000000000000000        0x0
 *(SORT_BY_ALIGNMENT(.rela.plt))
                [!provide]                        PROVIDE (__rela_iplt_start = .)
 *(SORT_BY_ALIGNMENT(.rela.iplt))
                [!provide]                        PROVIDE (__rela_iplt_end = .)

.rel.dyn
 *(SORT_BY_ALIGNMENT(.rel.*))

.rela.dyn
 *(SORT_BY_ALIGNMENT(.rela.*))

/DISCARD/
 *(SORT_BY_ALIGNMENT(.plt))
 *(SORT_BY_ALIGNMENT(.iplt))
 *(SORT_BY_ALIGNMENT(.got.plt))
 *(SORT_BY_ALIGNMENT(.igot.plt))
 *(SORT_BY_ALIGNMENT(.got))
 *(SORT_BY_ALIGNMENT(.igot))
 *(SORT_BY_ALIGNMENT(.irq_info))
 *(SORT_BY_ALIGNMENT(.intList))
 *(SORT_BY_ALIGNMENT(.note.GNU-stack))
                0x0000000000000000                _image_rom_start = 0x0

text            0x0000000000000000       0xdc
                0x0000000000000000                . = 0x0
                0x0000000000000000                _vector_start = .
 *(SORT_BY_ALIGNMENT(.exc_vector_table))
 *(SORT_BY_ALIGNMENT(.exc_vector_table.*))
 .exc_vector_table._vector_table_section
                0x0000000000000000       0x40 zephyr/arch/arch/arm/core/cortex_m/libarch__arm__core__cortex_m.a(vector_table.S.obj)
                0x0000000000000000                _vector_table
 *(SORT_BY_ALIGNMENT(.gnu.linkonce.irq_vector_table))
 .gnu.linkonce.irq_vector_table
                0x0000000000000040       0x9c zephyr/CMakeFiles/zephyr_final.dir/isr_tables.c.obj
                0x0000000000000040                _irq_vector_table
 *(SORT_BY_ALIGNMENT(.vectors))
 *(SORT_BY_ALIGNMENT(.openocd_dbg))
 *(SORT_BY_ALIGNMENT(.openocd_dbg.*))
                0x00000000000000dc                _vector_end = .

_TEXT_SECTION_NAME_2
                0x00000000000000dc     0x5522
                0x00000000000000dc                _image_text_start = .
 *(SORT_BY_ALIGNMENT(.text))
 .text          0x00000000000000dc       0x30 /home/tarcisio/zephyr-sdk-0.10.3/arm-zephyr-eabi/bin/../lib/gcc/arm-zephyr-eabi/8.3.0/thumb/v7e-m/nofp/libgcc.a(_aeabi_uldivmod.o)
                0x00000000000000dc                __aeabi_uldivmod
 .text          0x000000000000010c        0x4 /home/tarcisio/zephyr-sdk-0.10.3/arm-zephyr-eabi/bin/../lib/gcc/arm-zephyr-eabi/8.3.0/thumb/v7e-m/nofp/libgcc.a(_dvmd_tls.o)
                0x000000000000010c                __aeabi_ldiv0
                0x000000000000010c                __aeabi_idiv0
 .text          0x0000000000000110      0x2b4 /home/tarcisio/zephyr-sdk-0.10.3/arm-zephyr-eabi/bin/../lib/gcc/arm-zephyr-eabi/8.3.0/thumb/v7e-m/nofp/libgcc.a(_udivmoddi4.o)
                0x0000000000000110                __udivmoddi4
 *(SORT_BY_ALIGNMENT(.text.*))
 .text.button0_callback
                0x00000000000003c4       0x24 app/libapp.a(main.c.obj)
                0x00000000000003c4                button0_callback
 .text.pwm_pin_set_usec.constprop.0
                0x00000000000003e8       0x8c app/libapp.a(main.c.obj)
 .text.buttonPWMThread
                0x0000000000000474       0x68 app/libapp.a(main.c.obj)
                0x0000000000000474                buttonPWMThread
 .text.printThread
                0x00000000000004dc       0x40 app/libapp.a(main.c.obj)
                0x00000000000004dc                printThread
 .text.readThread
                0x000000000000051c       0x38 app/libapp.a(main.c.obj)
                0x000000000000051c                readThread
 .text.main     0x0000000000000554       0x8c app/libapp.a(main.c.obj)
                0x0000000000000554                main
 .text.char_out
                0x00000000000005e0       0x10 zephyr/libzephyr.a(printk.c.obj)
 .text._printk_dec_ulong
                0x00000000000005f0       0x98 zephyr/libzephyr.a(printk.c.obj)
 .text.__printk_hook_install
                0x0000000000000688        0xc zephyr/libzephyr.a(printk.c.obj)
                0x0000000000000688                __printk_hook_install
 .text.vprintk  0x0000000000000694       0x1c zephyr/libzephyr.a(printk.c.obj)
                0x0000000000000694                vprintk
 .text.enable_logger
                0x00000000000006b0       0x54 zephyr/libzephyr.a(log_core.c.obj)
 .text.log_process_thread_timer_expiry_fn
                0x0000000000000704        0xc zephyr/libzephyr.a(log_core.c.obj)
 .text.log_core_init
                0x0000000000000710       0x40 zephyr/libzephyr.a(log_core.c.obj)
                0x0000000000000710                log_core_init
 .text.dropped_notify
                0x0000000000000750       0x4c zephyr/libzephyr.a(log_core.c.obj)
                0x0000000000000750                dropped_notify
 .text.log_dropped
                0x000000000000079c       0x20 zephyr/libzephyr.a(log_core.c.obj)
                0x000000000000079c                log_dropped
 .text.log_source_name_get
                0x00000000000007bc       0x1c zephyr/libzephyr.a(log_core.c.obj)
                0x00000000000007bc                log_source_name_get
 .text.log_backend_enable
                0x00000000000007d8       0x34 zephyr/libzephyr.a(log_core.c.obj)
                0x00000000000007d8                log_backend_enable
 .text.log_init
                0x000000000000080c       0x54 zephyr/libzephyr.a(log_core.c.obj)
                0x000000000000080c                log_init
 .text.log_strdup
                0x0000000000000860       0x6c zephyr/libzephyr.a(log_core.c.obj)
                0x0000000000000860                log_strdup
 .text.log_is_strdup
                0x00000000000008cc       0x1c zephyr/libzephyr.a(log_core.c.obj)
                0x00000000000008cc                log_is_strdup
 .text.z_impl_log_process
                0x00000000000008e8      0x188 zephyr/libzephyr.a(log_core.c.obj)
                0x00000000000008e8                z_impl_log_process
 .text.msg_finalize
                0x0000000000000a70       0xb8 zephyr/libzephyr.a(log_core.c.obj)
 .text.log_process_thread_func
                0x0000000000000b28       0x44 zephyr/libzephyr.a(log_core.c.obj)
 .text.z_impl_log_panic
                0x0000000000000b6c       0x48 zephyr/libzephyr.a(log_core.c.obj)
                0x0000000000000b6c                z_impl_log_panic
 .text.log_free
                0x0000000000000bb4       0x34 zephyr/libzephyr.a(log_core.c.obj)
                0x0000000000000bb4                log_free
 .text.log_msg_pool_init
                0x0000000000000be8       0x14 zephyr/libzephyr.a(log_msg.c.obj)
                0x0000000000000be8                log_msg_pool_init
 .text.log_msg_no_space_handle
                0x0000000000000bfc       0x30 zephyr/libzephyr.a(log_msg.c.obj)
                0x0000000000000bfc                log_msg_no_space_handle
 .text.log_msg_chunk_alloc
                0x0000000000000c2c       0x24 zephyr/libzephyr.a(log_msg.c.obj)
                0x0000000000000c2c                log_msg_chunk_alloc
 .text.msg_free
                0x0000000000000c50       0x64 zephyr/libzephyr.a(log_msg.c.obj)
 .text.print_formatted
                0x0000000000000cb4       0x24 zephyr/libzephyr.a(log_output.c.obj)
 .text.prefix_print
                0x0000000000000cd8      0x11c zephyr/libzephyr.a(log_output.c.obj)
 .text.postfix_print
                0x0000000000000df4       0x3c zephyr/libzephyr.a(log_output.c.obj)
 .text.hexdump_line_print
                0x0000000000000e30       0xd8 zephyr/libzephyr.a(log_output.c.obj)
 .text.log_output_msg_process
                0x0000000000000f08       0xec zephyr/libzephyr.a(log_output.c.obj)
                0x0000000000000f08                log_output_msg_process
 .text.log_output_dropped_process
                0x0000000000000ff4       0x54 zephyr/libzephyr.a(log_output.c.obj)
                0x0000000000000ff4                log_output_dropped_process
 .text.log_output_timestamp_freq_set
                0x0000000000001048       0x30 zephyr/libzephyr.a(log_output.c.obj)
                0x0000000000001048                log_output_timestamp_freq_set
 .text.panic    0x0000000000001078        0xc zephyr/libzephyr.a(log_backend_uart.c.obj)
 .text.dropped  0x0000000000001084        0xc zephyr/libzephyr.a(log_backend_uart.c.obj)
 .text.log_backend_uart_init
                0x0000000000001090       0x18 zephyr/libzephyr.a(log_backend_uart.c.obj)
 .text.put      0x00000000000010a8       0x24 zephyr/libzephyr.a(log_backend_uart.c.obj)
 .text.console_out
                0x00000000000010cc       0x28 zephyr/libzephyr.a(uart_console.c.obj)
 .text.uart_console_hook_install
                0x00000000000010f4       0x18 zephyr/libzephyr.a(uart_console.c.obj)
                0x00000000000010f4                uart_console_hook_install
 .text.uart_console_init
                0x000000000000110c       0x1c zephyr/libzephyr.a(uart_console.c.obj)
 .text.nrf_power_clock_isr
                0x0000000000001128       0x68 zephyr/libzephyr.a(nrf_power_clock.c.obj)
                0x0000000000001128                nrf_power_clock_isr
 .text.rtc1_nrf_isr
                0x0000000000001190       0x40 zephyr/libzephyr.a(nrf_rtc_timer.c.obj)
                0x0000000000001190                rtc1_nrf_isr
 .text.z_clock_driver_init
                0x00000000000011d0       0x84 zephyr/libzephyr.a(nrf_rtc_timer.c.obj)
                0x00000000000011d0                z_clock_driver_init
 .text.z_clock_set_timeout
                0x0000000000001254       0xac zephyr/libzephyr.a(nrf_rtc_timer.c.obj)
                0x0000000000001254                z_clock_set_timeout
 .text.z_clock_elapsed
                0x0000000000001300       0x34 zephyr/libzephyr.a(nrf_rtc_timer.c.obj)
                0x0000000000001300                z_clock_elapsed
 .text.z_timer_cycle_get_32
                0x0000000000001334       0x34 zephyr/libzephyr.a(nrf_rtc_timer.c.obj)
                0x0000000000001334                z_timer_cycle_get_32
 .text._HandlerModeExit
                0x0000000000001368       0x1c zephyr/arch/arch/arm/core/libarch__arm__core.a(exc_exit.S.obj)
                0x0000000000001368                z_arm_exc_exit
                0x0000000000001368                z_arm_int_exit
 .text.arch_swap
                0x0000000000001384       0x34 zephyr/arch/arch/arm/core/libarch__arm__core.a(swap.c.obj)
                0x0000000000001384                arch_swap
 .text.z_arm_pendsv
                0x00000000000013b8       0x54 zephyr/arch/arch/arm/core/libarch__arm__core.a(swap_helper.S.obj)
                0x00000000000013b8                z_arm_pendsv
 .text.z_arm_svc
                0x000000000000140c       0x20 zephyr/arch/arch/arm/core/libarch__arm__core.a(swap_helper.S.obj)
                0x000000000000140c                z_arm_svc
 .text.arch_irq_enable
                0x000000000000142c       0x20 zephyr/arch/arch/arm/core/libarch__arm__core.a(irq_manage.c.obj)
                0x000000000000142c                arch_irq_enable
 .text.z_arm_irq_priority_set
                0x000000000000144c       0x30 zephyr/arch/arch/arm/core/libarch__arm__core.a(irq_manage.c.obj)
                0x000000000000144c                z_arm_irq_priority_set
 .text.arch_new_thread
                0x000000000000147c       0x44 zephyr/arch/arch/arm/core/libarch__arm__core.a(thread.c.obj)
                0x000000000000147c                arch_new_thread
 .text.arch_switch_to_main_thread
                0x00000000000014c0       0x3c zephyr/arch/arch/arm/core/libarch__arm__core.a(thread.c.obj)
                0x00000000000014c0                arch_switch_to_main_thread
 .text.z_arm_cpu_idle_init
                0x00000000000014fc        0xc zephyr/arch/arch/arm/core/libarch__arm__core.a(cpu_idle.S.obj)
                0x00000000000014fc                z_arm_cpu_idle_init
 .text.arch_cpu_idle
                0x0000000000001508        0xc zephyr/arch/arch/arm/core/libarch__arm__core.a(cpu_idle.S.obj)
                0x0000000000001508                arch_cpu_idle
 .text.__fault  0x0000000000001514       0x14 zephyr/arch/arch/arm/core/libarch__arm__core.a(fault_s.S.obj)
                0x0000000000001514                z_arm_bus_fault
                0x0000000000001514                z_arm_usage_fault
                0x0000000000001514                z_arm_mpu_fault
                0x0000000000001514                z_arm_reserved
                0x0000000000001514                z_arm_debug_monitor
                0x0000000000001514                z_arm_hard_fault
 .text.z_arm_fatal_error
                0x0000000000001528       0xa4 zephyr/arch/arch/arm/core/libarch__arm__core.a(fatal.c.obj)
                0x0000000000001528                z_arm_fatal_error
 .text.z_SysNmiOnReset
                0x00000000000015cc        0x8 zephyr/arch/arch/arm/core/libarch__arm__core.a(nmi_on_reset.S.obj)
                0x00000000000015cc                z_SysNmiOnReset
 .text.z_arm_prep_c
                0x00000000000015d4       0x2c zephyr/arch/arch/arm/core/libarch__arm__core.a(prep_c.c.obj)
                0x00000000000015d4                z_arm_prep_c
 .text._isr_wrapper
                0x0000000000001600       0x40 zephyr/arch/arch/arm/core/libarch__arm__core.a(isr_wrapper.S.obj)
                0x0000000000001600                _isr_wrapper
 .text._reset_section
                0x0000000000001640       0x30 zephyr/arch/arch/arm/core/cortex_m/libarch__arm__core__cortex_m.a(reset.S.obj)
                0x0000000000001640                z_arm_reset
                0x0000000000001640                __start
 .text.usage_fault.isra.2
                0x0000000000001670      0x104 zephyr/arch/arch/arm/core/cortex_m/libarch__arm__core__cortex_m.a(fault.c.obj)
 .text.mem_manage_fault.isra.4
                0x0000000000001774      0x110 zephyr/arch/arch/arm/core/cortex_m/libarch__arm__core__cortex_m.a(fault.c.obj)
 .text.bus_fault.isra.5
                0x0000000000001884      0x12c zephyr/arch/arch/arm/core/cortex_m/libarch__arm__core__cortex_m.a(fault.c.obj)
 .text.z_arm_fault
                0x00000000000019b0      0x1d0 zephyr/arch/arch/arm/core/cortex_m/libarch__arm__core__cortex_m.a(fault.c.obj)
                0x00000000000019b0                z_arm_fault
 .text.z_arm_fault_init
                0x0000000000001b80       0x10 zephyr/arch/arch/arm/core/cortex_m/libarch__arm__core__cortex_m.a(fault.c.obj)
                0x0000000000001b80                z_arm_fault_init
 .text.z_arm_int_lib_init
                0x0000000000001b90       0x18 zephyr/arch/arch/arm/core/cortex_m/libarch__arm__core__cortex_m.a(irq_init.c.obj)
                0x0000000000001b90                z_arm_int_lib_init
 .text.z_impl_k_thread_abort
                0x0000000000001ba8       0x4c zephyr/arch/arch/arm/core/cortex_m/libarch__arm__core__cortex_m.a(thread_abort.c.obj)
                0x0000000000001ba8                z_impl_k_thread_abort
 .text.z_arm_configure_static_mpu_regions
                0x0000000000001bf4       0x38 zephyr/arch/arch/arm/core/cortex_m/mpu/libarch__arm__core__cortex_m__mpu.a(arm_core_mpu.c.obj)
                0x0000000000001bf4                z_arm_configure_static_mpu_regions
 .text.mpu_configure_regions
                0x0000000000001c2c       0xd0 zephyr/arch/arch/arm/core/cortex_m/mpu/libarch__arm__core__cortex_m__mpu.a(arm_mpu.c.obj)
 .text.arm_core_mpu_enable
                0x0000000000001cfc       0x14 zephyr/arch/arch/arm/core/cortex_m/mpu/libarch__arm__core__cortex_m__mpu.a(arm_mpu.c.obj)
                0x0000000000001cfc                arm_core_mpu_enable
 .text.arm_core_mpu_disable
                0x0000000000001d10       0x10 zephyr/arch/arch/arm/core/cortex_m/mpu/libarch__arm__core__cortex_m__mpu.a(arm_mpu.c.obj)
                0x0000000000001d10                arm_core_mpu_disable
 .text.arm_mpu_init
                0x0000000000001d20       0x5c zephyr/arch/arch/arm/core/cortex_m/mpu/libarch__arm__core__cortex_m__mpu.a(arm_mpu.c.obj)
 .text.arm_core_mpu_configure_static_mpu_regions
                0x0000000000001d7c       0x14 zephyr/arch/arch/arm/core/cortex_m/mpu/libarch__arm__core__cortex_m__mpu.a(arm_mpu.c.obj)
                0x0000000000001d7c                arm_core_mpu_configure_static_mpu_regions
 .text.arm_core_mpu_configure_dynamic_mpu_regions
                0x0000000000001d90       0x2c zephyr/arch/arch/arm/core/cortex_m/mpu/libarch__arm__core__cortex_m__mpu.a(arm_mpu.c.obj)
                0x0000000000001d90                arm_core_mpu_configure_dynamic_mpu_regions
 .text.z_prf    0x0000000000001dbc      0x970 zephyr/lib/libc/minimal/liblib__libc__minimal.a(prf.c.obj)
                0x0000000000001dbc                z_prf
 .text.__stdout_hook_install
                0x000000000000272c        0xc zephyr/lib/libc/minimal/liblib__libc__minimal.a(stdout_console.c.obj)
                0x000000000000272c                __stdout_hook_install
 .text.snprintf
                0x0000000000002738       0x30 zephyr/lib/libc/minimal/liblib__libc__minimal.a(sprintf.c.obj)
                0x0000000000002738                snprintf
 .text.nordicsemi_nrf52_init
                0x0000000000002768       0x30 zephyr/soc/arm/nordic_nrf/nrf52/libsoc__arm__nordic_nrf__nrf52.a(soc.c.obj)
 .text.gpio_nrfx_init
                0x0000000000002798       0x30 zephyr/drivers/gpio/libdrivers__gpio.a(gpio_nrfx.c.obj)
 .text.gpiote_pin_int_cfg
                0x00000000000027c8      0x160 zephyr/drivers/gpio/libdrivers__gpio.a(gpio_nrfx.c.obj)
 .text.gpiote_event_handler
                0x0000000000002928      0x160 zephyr/drivers/gpio/libdrivers__gpio.a(gpio_nrfx.c.obj)
 .text.pwm_nrfx_get_cycles_per_sec
                0x0000000000002a88       0x10 zephyr/drivers/pwm/libdrivers__pwm.a(pwm_nrfx.c.obj)
 .text.pwm_nrfx_init
                0x0000000000002a98       0x54 zephyr/drivers/pwm/libdrivers__pwm.a(pwm_nrfx.c.obj)
 .text.pwm_nrfx_pin_set
                0x0000000000002aec      0x1f0 zephyr/drivers/pwm/libdrivers__pwm.a(pwm_nrfx.c.obj)
 .text.uart_nrfx_err_check
                0x0000000000002cdc       0x10 zephyr/drivers/serial/libdrivers__serial.a(uart_nrfx_uart.c.obj)
 .text.uart_nrfx_configure
                0x0000000000002cec      0x16c zephyr/drivers/serial/libdrivers__serial.a(uart_nrfx_uart.c.obj)
 .text.uart_nrfx_poll_in
                0x0000000000002e58       0x2c zephyr/drivers/serial/libdrivers__serial.a(uart_nrfx_uart.c.obj)
 .text.uart_nrfx_poll_out
                0x0000000000002e84       0x34 zephyr/drivers/serial/libdrivers__serial.a(uart_nrfx_uart.c.obj)
 .text.uart_nrfx_init
                0x0000000000002eb8       0x68 zephyr/drivers/serial/libdrivers__serial.a(uart_nrfx_uart.c.obj)
 .text.errata_12
                0x0000000000002f20       0x1c zephyr/modules/nordic/lib..__modules__hal__nordic.a(system_nrf52.c.obj)
 .text.errata_16
                0x0000000000002f3c       0x2c zephyr/modules/nordic/lib..__modules__hal__nordic.a(system_nrf52.c.obj)
 .text.SystemInit
                0x0000000000002f68      0x254 zephyr/modules/nordic/lib..__modules__hal__nordic.a(system_nrf52.c.obj)
                0x0000000000002f68                SystemInit
 .text.nrfx_pwm_init
                0x00000000000031bc      0x10c zephyr/modules/nordic/lib..__modules__hal__nordic.a(nrfx_pwm.c.obj)
                0x00000000000031bc                nrfx_pwm_init
 .text.nrfx_pwm_simple_playback
                0x00000000000032c8       0x78 zephyr/modules/nordic/lib..__modules__hal__nordic.a(nrfx_pwm.c.obj)
                0x00000000000032c8                nrfx_pwm_simple_playback
 .text.nrfx_pwm_is_stopped
                0x0000000000003340       0x28 zephyr/modules/nordic/lib..__modules__hal__nordic.a(nrfx_pwm.c.obj)
                0x0000000000003340                nrfx_pwm_is_stopped
 .text.z_sys_device_do_config_level
                0x0000000000003368       0x34 zephyr/kernel/libkernel.a(device.c.obj)
                0x0000000000003368                z_sys_device_do_config_level
 .text.z_impl_device_get_binding
                0x000000000000339c       0x4c zephyr/kernel/libkernel.a(device.c.obj)
                0x000000000000339c                z_impl_device_get_binding
 .text.k_sys_fatal_error_handler
                0x00000000000033e8       0x38 zephyr/kernel/libkernel.a(fatal.c.obj)
                0x00000000000033e8                k_sys_fatal_error_handler
 .text.z_fatal_error
                0x0000000000003420       0xc8 zephyr/kernel/libkernel.a(fatal.c.obj)
                0x0000000000003420                z_fatal_error
 .text.idle     0x00000000000034e8       0x34 zephyr/kernel/libkernel.a(idle.c.obj)
                0x00000000000034e8                idle
 .text.z_bss_zero
                0x000000000000351c       0x14 zephyr/kernel/libkernel.a(init.c.obj)
                0x000000000000351c                z_bss_zero
 .text.z_data_copy
                0x0000000000003530       0x34 zephyr/kernel/libkernel.a(init.c.obj)
                0x0000000000003530                z_data_copy
 .text.bg_thread_main
                0x0000000000003564       0x3c zephyr/kernel/libkernel.a(init.c.obj)
 .text.z_cstart
                0x00000000000035a0      0x110 zephyr/kernel/libkernel.a(init.c.obj)
                0x00000000000035a0                z_cstart
 .text.init_mem_slab_module
                0x00000000000036b0       0x38 zephyr/kernel/libkernel.a(mem_slab.c.obj)
 .text.k_mem_slab_alloc
                0x00000000000036e8       0x58 zephyr/kernel/libkernel.a(mem_slab.c.obj)
                0x00000000000036e8                k_mem_slab_alloc
 .text.k_mem_slab_free
                0x0000000000003740       0x5c zephyr/kernel/libkernel.a(mem_slab.c.obj)
                0x0000000000003740                k_mem_slab_free
 .text.z_reset_time_slice
                0x000000000000379c       0x2c zephyr/kernel/libkernel.a(sched.c.obj)
                0x000000000000379c                z_reset_time_slice
 .text.k_sched_time_slice_set
                0x00000000000037c8       0x58 zephyr/kernel/libkernel.a(sched.c.obj)
                0x00000000000037c8                k_sched_time_slice_set
 .text.k_sched_lock
                0x0000000000003820       0x28 zephyr/kernel/libkernel.a(sched.c.obj)
                0x0000000000003820                k_sched_lock
 .text.z_priq_dumb_remove
                0x0000000000003848       0x2c zephyr/kernel/libkernel.a(sched.c.obj)
                0x0000000000003848                z_priq_dumb_remove
 .text.update_cache
                0x0000000000003874       0x3c zephyr/kernel/libkernel.a(sched.c.obj)
 .text.k_sched_unlock
                0x00000000000038b0       0x38 zephyr/kernel/libkernel.a(sched.c.obj)
                0x00000000000038b0                k_sched_unlock
 .text.z_add_thread_to_ready_q
                0x00000000000038e8       0x6c zephyr/kernel/libkernel.a(sched.c.obj)
                0x00000000000038e8                z_add_thread_to_ready_q
 .text.z_move_thread_to_end_of_prio_q
                0x0000000000003954       0x84 zephyr/kernel/libkernel.a(sched.c.obj)
                0x0000000000003954                z_move_thread_to_end_of_prio_q
 .text.z_time_slice
                0x00000000000039d8       0x6c zephyr/kernel/libkernel.a(sched.c.obj)
                0x00000000000039d8                z_time_slice
 .text.z_remove_thread_from_ready_q
                0x0000000000003a44       0x4c zephyr/kernel/libkernel.a(sched.c.obj)
                0x0000000000003a44                z_remove_thread_from_ready_q
 .text.pend     0x0000000000003a90       0x88 zephyr/kernel/libkernel.a(sched.c.obj)
 .text.z_pend_curr
                0x0000000000003b18       0x28 zephyr/kernel/libkernel.a(sched.c.obj)
                0x0000000000003b18                z_pend_curr
 .text.z_tick_sleep.part.19
                0x0000000000003b40       0x5c zephyr/kernel/libkernel.a(sched.c.obj)
 .text.z_sched_init
                0x0000000000003b9c       0x18 zephyr/kernel/libkernel.a(sched.c.obj)
                0x0000000000003b9c                z_sched_init
 .text.z_impl_k_yield
                0x0000000000003bb4       0x98 zephyr/kernel/libkernel.a(sched.c.obj)
                0x0000000000003bb4                z_impl_k_yield
 .text.z_impl_k_sleep
                0x0000000000003c4c       0x50 zephyr/kernel/libkernel.a(sched.c.obj)
                0x0000000000003c4c                z_impl_k_sleep
 .text.z_impl_k_current_get
                0x0000000000003c9c        0xc zephyr/kernel/libkernel.a(sched.c.obj)
                0x0000000000003c9c                z_impl_k_current_get
 .text.z_impl_k_sem_give
                0x0000000000003ca8       0x4c zephyr/kernel/libkernel.a(sem.c.obj)
                0x0000000000003ca8                z_impl_k_sem_give
 .text.z_impl_k_sem_take
                0x0000000000003cf4       0x48 zephyr/kernel/libkernel.a(sem.c.obj)
                0x0000000000003cf4                z_impl_k_sem_take
 .text.z_impl_k_thread_start
                0x0000000000003d3c       0x48 zephyr/kernel/libkernel.a(thread.c.obj)
                0x0000000000003d3c                z_impl_k_thread_start
 .text.z_setup_new_thread
                0x0000000000003d84       0x30 zephyr/kernel/libkernel.a(thread.c.obj)
                0x0000000000003d84                z_setup_new_thread
 .text.z_impl_k_thread_create
                0x0000000000003db4       0x60 zephyr/kernel/libkernel.a(thread.c.obj)
                0x0000000000003db4                z_impl_k_thread_create
 .text.z_thread_single_suspend
                0x0000000000003e14       0x48 zephyr/kernel/libkernel.a(thread.c.obj)
                0x0000000000003e14                z_thread_single_suspend
 .text.z_impl_k_thread_suspend
                0x0000000000003e5c       0x40 zephyr/kernel/libkernel.a(thread.c.obj)
                0x0000000000003e5c                z_impl_k_thread_suspend
 .text.z_init_static_threads
                0x0000000000003e9c       0xb4 zephyr/kernel/libkernel.a(thread.c.obj)
                0x0000000000003e9c                z_init_static_threads
 .text.elapsed  0x0000000000003f50       0x14 zephyr/kernel/libkernel.a(timeout.c.obj)
 .text.remove_timeout
                0x0000000000003f64       0x28 zephyr/kernel/libkernel.a(timeout.c.obj)
 .text.next_timeout
                0x0000000000003f8c       0x38 zephyr/kernel/libkernel.a(timeout.c.obj)
 .text.z_add_timeout
                0x0000000000003fc4       0x84 zephyr/kernel/libkernel.a(timeout.c.obj)
                0x0000000000003fc4                z_add_timeout
 .text.z_clock_announce
                0x0000000000004048       0xac zephyr/kernel/libkernel.a(timeout.c.obj)
                0x0000000000004048                z_clock_announce
 .text.z_tick_get
                0x00000000000040f4       0x3c zephyr/kernel/libkernel.a(timeout.c.obj)
                0x00000000000040f4                z_tick_get
 .text.z_timer_expiration_handler
                0x0000000000004130       0x48 zephyr/kernel/libkernel.a(timer.c.obj)
                0x0000000000004130                z_timer_expiration_handler
 .text.z_impl_k_timer_start
                0x0000000000004178       0x5c zephyr/kernel/libkernel.a(timer.c.obj)
                0x0000000000004178                z_impl_k_timer_start
 .text.init_static_pools
                0x00000000000041d4       0x28 zephyr/kernel/libkernel.a(mempool.c.obj)
                0x00000000000041d4                init_static_pools
 .text.k_sleep  0x00000000000041fc        0x4 app/libapp.a(main.c.obj)
 .text.button_create
                0x0000000000004200       0x48 app/libapp.a(es_button.c.obj)
                0x0000000000004200                button_create
 .text.z_sys_mem_pool_base_init
                0x0000000000004248       0x8c zephyr/libzephyr.a(mempool.c.obj)
                0x0000000000004248                z_sys_mem_pool_base_init
 .text.z_thread_entry
                0x00000000000042d4       0x14 zephyr/libzephyr.a(thread_entry.c.obj)
                0x00000000000042d4                z_thread_entry
 .text.arch_printk_char_out
                0x00000000000042e8        0x4 zephyr/libzephyr.a(printk.c.obj)
                0x00000000000042e8                arch_printk_char_out
 .text.print_err
                0x00000000000042ec       0x1c zephyr/libzephyr.a(printk.c.obj)
 .text.z_vprintk
                0x0000000000004308      0x2e0 zephyr/libzephyr.a(printk.c.obj)
                0x0000000000004308                z_vprintk
 .text.printk   0x00000000000045e8       0x1a zephyr/libzephyr.a(printk.c.obj)
                0x00000000000045e8                printk
 .text._ConfigAbsSyms
                0x0000000000004602        0x2 zephyr/libzephyr.a(configs.c.obj)
                0x0000000000004602                _ConfigAbsSyms
 .text.log_list_init
                0x0000000000004604        0x8 zephyr/libzephyr.a(log_list.c.obj)
                0x0000000000004604                log_list_init
 .text.log_list_add_tail
                0x000000000000460c       0x14 zephyr/libzephyr.a(log_list.c.obj)
                0x000000000000460c                log_list_add_tail
 .text.log_list_head_peek
                0x0000000000004620        0x4 zephyr/libzephyr.a(log_list.c.obj)
                0x0000000000004620                log_list_head_peek
 .text.log_list_head_get
                0x0000000000004624        0xc zephyr/libzephyr.a(log_list.c.obj)
                0x0000000000004624                log_list_head_get
 .text.z_log_msg_std_alloc
                0x0000000000004630       0x12 zephyr/libzephyr.a(log_core.c.obj)
 .text.k_cycle_get_32_wrapper
                0x0000000000004642        0x4 zephyr/libzephyr.a(log_core.c.obj)
 .text.dummy_timestamp
                0x0000000000004646        0x4 zephyr/libzephyr.a(log_core.c.obj)
 .text.log_0    0x000000000000464a       0x1a zephyr/libzephyr.a(log_core.c.obj)
                0x000000000000464a                log_0
 .text.log_1    0x0000000000004664       0x28 zephyr/libzephyr.a(log_core.c.obj)
                0x0000000000004664                log_1
 .text.log_2    0x000000000000468c       0x30 zephyr/libzephyr.a(log_core.c.obj)
                0x000000000000468c                log_2
 .text.log_3    0x00000000000046bc       0x36 zephyr/libzephyr.a(log_core.c.obj)
                0x00000000000046bc                log_3
 .text.log_n    0x00000000000046f2       0x16 zephyr/libzephyr.a(log_core.c.obj)
                0x00000000000046f2                log_n
 .text.log_msg_hexdump_data_op
                0x0000000000004708       0xa4 zephyr/libzephyr.a(log_msg.c.obj)
 .text.log_msg_get
                0x00000000000047ac       0x1a zephyr/libzephyr.a(log_msg.c.obj)
                0x00000000000047ac                log_msg_get
 .text.log_msg_nargs_get
                0x00000000000047c6        0x6 zephyr/libzephyr.a(log_msg.c.obj)
                0x00000000000047c6                log_msg_nargs_get
 .text.log_msg_arg_get
                0x00000000000047cc       0x3a zephyr/libzephyr.a(log_msg.c.obj)
                0x00000000000047cc                log_msg_arg_get
 .text.log_msg_put
                0x0000000000004806       0x26 zephyr/libzephyr.a(log_msg.c.obj)
                0x0000000000004806                log_msg_put
 .text.log_msg_str_get
                0x000000000000482c        0x4 zephyr/libzephyr.a(log_msg.c.obj)
                0x000000000000482c                log_msg_str_get
 .text.log_msg_create_n
                0x0000000000004830       0xa8 zephyr/libzephyr.a(log_msg.c.obj)
                0x0000000000004830                log_msg_create_n
 .text.log_msg_hexdump_data_get
                0x00000000000048d8        0xe zephyr/libzephyr.a(log_msg.c.obj)
                0x00000000000048d8                log_msg_hexdump_data_get
 .text.buffer_write
                0x00000000000048e6       0x1a zephyr/libzephyr.a(log_output.c.obj)
 .text.std_print
                0x0000000000004900      0x2ba zephyr/libzephyr.a(log_output.c.obj)
 .text.log_output_flush
                0x0000000000004bba       0x1a zephyr/libzephyr.a(log_output.c.obj)
                0x0000000000004bba                log_output_flush
 .text.out_func
                0x0000000000004bd4       0x22 zephyr/libzephyr.a(log_output.c.obj)
 .text.char_out
                0x0000000000004bf6       0x20 zephyr/libzephyr.a(log_backend_uart.c.obj)
 .text.get_status
                0x0000000000004c16       0x14 zephyr/libzephyr.a(nrf_power_clock.c.obj)
 .text.lfclk_init
                0x0000000000004c2a        0xa zephyr/libzephyr.a(nrf_power_clock.c.obj)
 .text.clkstarted_handle
                0x0000000000004c34       0x40 zephyr/libzephyr.a(nrf_power_clock.c.obj)
 .text.clock_async_start
                0x0000000000004c74       0xb2 zephyr/libzephyr.a(nrf_power_clock.c.obj)
 .text.clock_start
                0x0000000000004d26        0x6 zephyr/libzephyr.a(nrf_power_clock.c.obj)
 .text.hfclk_init
                0x0000000000004d2c       0x2e zephyr/libzephyr.a(nrf_power_clock.c.obj)
 .text.clock_stop
                0x0000000000004d5a       0x68 zephyr/libzephyr.a(nrf_power_clock.c.obj)
 .text.z_clock_isr
                0x0000000000004dc2        0x2 zephyr/libzephyr.a(sys_clock_init.c.obj)
                0x0000000000004dc2                z_clock_isr
 .text.z_clock_idle_exit
                0x0000000000004dc4        0x2 zephyr/libzephyr.a(sys_clock_init.c.obj)
                0x0000000000004dc4                z_clock_idle_exit
 .text.z_irq_spurious
                0x0000000000004dc6        0x4 zephyr/arch/arch/arm/core/libarch__arm__core.a(irq_manage.c.obj)
                0x0000000000004dc6                z_irq_spurious
 .text.z_do_kernel_oops
                0x0000000000004dca        0x8 zephyr/arch/arch/arm/core/libarch__arm__core.a(fatal.c.obj)
                0x0000000000004dca                z_do_kernel_oops
 .text.z_arm_nmi
                0x0000000000004dd2        0xe zephyr/arch/arch/arm/core/libarch__arm__core.a(nmi.c.obj)
                0x0000000000004dd2                z_arm_nmi
 .text.z_arm_configure_dynamic_mpu_regions
                0x0000000000004de0       0x10 zephyr/arch/arch/arm/core/cortex_m/mpu/libarch__arm__core__cortex_m__mpu.a(arm_core_mpu.c.obj)
                0x0000000000004de0                z_arm_configure_dynamic_mpu_regions
 .text.strncpy  0x0000000000004df0       0x26 zephyr/lib/libc/minimal/liblib__libc__minimal.a(string.c.obj)
                0x0000000000004df0                strncpy
 .text.strchr   0x0000000000004e16       0x1c zephyr/lib/libc/minimal/liblib__libc__minimal.a(string.c.obj)
                0x0000000000004e16                strchr
 .text.strcmp   0x0000000000004e32       0x18 zephyr/lib/libc/minimal/liblib__libc__minimal.a(string.c.obj)
                0x0000000000004e32                strcmp
 .text.memcpy   0x0000000000004e4a       0x54 zephyr/lib/libc/minimal/liblib__libc__minimal.a(string.c.obj)
                0x0000000000004e4a                memcpy
 .text.memset   0x0000000000004e9e       0x44 zephyr/lib/libc/minimal/liblib__libc__minimal.a(string.c.obj)
                0x0000000000004e9e                memset
 .text._to_x    0x0000000000004ee2       0x44 zephyr/lib/libc/minimal/liblib__libc__minimal.a(prf.c.obj)
 .text._rlrshift
                0x0000000000004f26       0x24 zephyr/lib/libc/minimal/liblib__libc__minimal.a(prf.c.obj)
 .text._ldiv5   0x0000000000004f4a       0x58 zephyr/lib/libc/minimal/liblib__libc__minimal.a(prf.c.obj)
 .text._get_digit
                0x0000000000004fa2       0x2e zephyr/lib/libc/minimal/liblib__libc__minimal.a(prf.c.obj)
 .text._stdout_hook_default
                0x0000000000004fd0        0x6 zephyr/lib/libc/minimal/liblib__libc__minimal.a(stdout_console.c.obj)
 .text.sprintf_out
                0x0000000000004fd6       0x1a zephyr/lib/libc/minimal/liblib__libc__minimal.a(sprintf.c.obj)
 .text.z_platform_init
                0x0000000000004ff0        0x4 zephyr/soc/arm/nordic_nrf/nrf52/libsoc__arm__nordic_nrf__nrf52.a(soc.c.obj)
                0x0000000000004ff0                z_platform_init
 .text.gpio_nrfx_write
                0x0000000000004ff4       0x3c zephyr/drivers/gpio/libdrivers__gpio.a(gpio_nrfx.c.obj)
 .text.gpio_nrfx_read
                0x0000000000005030       0x30 zephyr/drivers/gpio/libdrivers__gpio.a(gpio_nrfx.c.obj)
 .text.gpio_nrfx_manage_callback
                0x0000000000005060       0x56 zephyr/drivers/gpio/libdrivers__gpio.a(gpio_nrfx.c.obj)
 .text.gpio_nrfx_config
                0x00000000000050b6      0x124 zephyr/drivers/gpio/libdrivers__gpio.a(gpio_nrfx.c.obj)
 .text.gpio_nrfx_pin_disable_callback
                0x00000000000051da       0x42 zephyr/drivers/gpio/libdrivers__gpio.a(gpio_nrfx.c.obj)
 .text.gpio_nrfx_pin_enable_callback
                0x000000000000521c       0x40 zephyr/drivers/gpio/libdrivers__gpio.a(gpio_nrfx.c.obj)
 .text.uart_nrfx_config_get
                0x000000000000525c       0x10 zephyr/drivers/serial/libdrivers__serial.a(uart_nrfx_uart.c.obj)
 .text.nrf_pwm_event_clear
                0x000000000000526c       0x10 zephyr/modules/nordic/lib..__modules__hal__nordic.a(nrfx_pwm.c.obj)
 .text.start_playback.isra.2
                0x000000000000527c       0x4c zephyr/modules/nordic/lib..__modules__hal__nordic.a(nrfx_pwm.c.obj)
 .text.nrfx_pwm_stop
                0x00000000000052c8       0x26 zephyr/modules/nordic/lib..__modules__hal__nordic.a(nrfx_pwm.c.obj)
                0x00000000000052c8                nrfx_pwm_stop
 .text.arch_system_halt
                0x00000000000052ee       0x12 zephyr/kernel/libkernel.a(fatal.c.obj)
                0x00000000000052ee                arch_system_halt
 .text.z_sys_power_save_idle_exit
                0x0000000000005300        0x4 zephyr/kernel/libkernel.a(idle.c.obj)
                0x0000000000005300                z_sys_power_save_idle_exit
 .text.k_mem_slab_init
                0x0000000000005304       0x24 zephyr/kernel/libkernel.a(mem_slab.c.obj)
                0x0000000000005304                k_mem_slab_init
 .text.z_is_thread_ready
                0x0000000000005328       0x12 zephyr/kernel/libkernel.a(sched.c.obj)
 .text.z_find_first_thread_to_unpend
                0x000000000000533a       0x20 zephyr/kernel/libkernel.a(sched.c.obj)
                0x000000000000533a                z_find_first_thread_to_unpend
 .text.z_unpend_thread_no_timeout
                0x000000000000535a       0x32 zephyr/kernel/libkernel.a(sched.c.obj)
                0x000000000000535a                z_unpend_thread_no_timeout
 .text.z_reschedule
                0x000000000000538c       0x16 zephyr/kernel/libkernel.a(sched.c.obj)
                0x000000000000538c                z_reschedule
 .text.z_reschedule_irqlock
                0x00000000000053a2       0x18 zephyr/kernel/libkernel.a(sched.c.obj)
                0x00000000000053a2                z_reschedule_irqlock
 .text.z_reschedule_unlocked
                0x00000000000053ba       0x14 zephyr/kernel/libkernel.a(sched.c.obj)
 .text.z_priq_dumb_best
                0x00000000000053ce        0xc zephyr/kernel/libkernel.a(sched.c.obj)
                0x00000000000053ce                z_priq_dumb_best
 .text.z_thread_timeout
                0x00000000000053da       0x62 zephyr/kernel/libkernel.a(sched.c.obj)
                0x00000000000053da                z_thread_timeout
 .text.z_unpend_first_thread
                0x000000000000543c       0x5a zephyr/kernel/libkernel.a(sched.c.obj)
                0x000000000000543c                z_unpend_first_thread
 .text.z_is_thread_ready
                0x0000000000005496       0x12 zephyr/kernel/libkernel.a(thread.c.obj)
 .text.z_impl_k_thread_name_set
                0x00000000000054a8        0x6 zephyr/kernel/libkernel.a(thread.c.obj)
                0x00000000000054a8                z_impl_k_thread_name_set
 .text.k_thread_name_get
                0x00000000000054ae        0x4 zephyr/kernel/libkernel.a(thread.c.obj)
                0x00000000000054ae                k_thread_name_get
 .text.z_new_thread_init
                0x00000000000054b2       0x1e zephyr/kernel/libkernel.a(thread.c.obj)
                0x00000000000054b2                z_new_thread_init
 .text.z_thread_single_abort
                0x00000000000054d0       0x3e zephyr/kernel/libkernel.a(thread.c.obj)
                0x00000000000054d0                z_thread_single_abort
 .text.z_abort_timeout
                0x000000000000550e       0x2c zephyr/kernel/libkernel.a(timeout.c.obj)
                0x000000000000550e                z_abort_timeout
 .text.z_get_next_timeout_expiry
                0x000000000000553a       0x20 zephyr/kernel/libkernel.a(timeout.c.obj)
                0x000000000000553a                z_get_next_timeout_expiry
 .text.z_set_timeout_expiry
                0x000000000000555a       0x34 zephyr/kernel/libkernel.a(timeout.c.obj)
                0x000000000000555a                z_set_timeout_expiry
 .text.z_tick_get_32
                0x000000000000558e        0x8 zephyr/kernel/libkernel.a(timeout.c.obj)
                0x000000000000558e                z_tick_get_32
 .text.k_timer_init
                0x0000000000005596       0x18 zephyr/kernel/libkernel.a(timer.c.obj)
                0x0000000000005596                k_timer_init
 .text.z_impl_k_timer_stop
                0x00000000000055ae       0x4e zephyr/kernel/libkernel.a(timer.c.obj)
                0x00000000000055ae                z_impl_k_timer_stop
 .text._OffsetAbsSyms
                0x00000000000055fc        0x2 zephyr/CMakeFiles/offsets.dir/arch/arm/core/offsets/offsets.c.obj
                0x00000000000055fc                _OffsetAbsSyms
 *(SORT_BY_ALIGNMENT(.gnu.linkonce.t.*))
 *(SORT_BY_ALIGNMENT(.glue_7t))
 .glue_7t       0x00000000000055fe        0x0 linker stubs
 *(SORT_BY_ALIGNMENT(.glue_7))
 .glue_7        0x00000000000055fe        0x0 linker stubs
 *(SORT_BY_ALIGNMENT(.vfp11_veneer))
 .vfp11_veneer  0x00000000000055fe        0x0 linker stubs
 *(SORT_BY_ALIGNMENT(.v4_bx))
 .v4_bx         0x00000000000055fe        0x0 linker stubs
                0x00000000000055fe                _image_text_end = .

.ARM.exidx      0x0000000000005600        0x8
                0x0000000000005600                __exidx_start = .
 *(SORT_BY_ALIGNMENT(.ARM.exidx*) SORT_BY_ALIGNMENT(gnu.linkonce.armexidx.*))
 .ARM.exidx     0x0000000000005600        0x8 /home/tarcisio/zephyr-sdk-0.10.3/arm-zephyr-eabi/bin/../lib/gcc/arm-zephyr-eabi/8.3.0/thumb/v7e-m/nofp/libgcc.a(_udivmoddi4.o)
                0x0000000000005608                __exidx_end = .
                0x0000000000005608                _image_rodata_start = .

sw_isr_table    0x0000000000005608      0x138
                0x0000000000005608                . = ALIGN (0x0)
 *(SORT_BY_ALIGNMENT(.gnu.linkonce.sw_isr_table))
 .gnu.linkonce.sw_isr_table
                0x0000000000005608      0x138 zephyr/CMakeFiles/zephyr_final.dir/isr_tables.c.obj
                0x0000000000005608                _sw_isr_table

app_shmem_regions
                0x0000000000005740        0x0
                0x0000000000005740                __app_shmem_regions_start = .
 *(SORT_BY_NAME(SORT_BY_ALIGNMENT(.app_regions.*)))
                0x0000000000005740                __app_shmem_regions_end = .

devconfig       0x0000000000005740       0x90
                0x0000000000005740                __devconfig_start = .
 *(SORT_BY_ALIGNMENT(.devconfig.*))
 .devconfig.init
                0x0000000000005740        0xc zephyr/libzephyr.a(log_core.c.obj)
 .devconfig.init
                0x000000000000574c        0xc zephyr/libzephyr.a(uart_console.c.obj)
 .devconfig.init
                0x0000000000005758       0x18 zephyr/libzephyr.a(nrf_power_clock.c.obj)
 .devconfig.init
                0x0000000000005770        0xc zephyr/libzephyr.a(sys_clock_init.c.obj)
 .devconfig.init
                0x000000000000577c        0xc zephyr/arch/arch/arm/core/cortex_m/mpu/libarch__arm__core__cortex_m__mpu.a(arm_mpu.c.obj)
 .devconfig.init
                0x0000000000005788        0xc zephyr/soc/arm/nordic_nrf/nrf52/libsoc__arm__nordic_nrf__nrf52.a(soc.c.obj)
 .devconfig.init
                0x0000000000005794        0xc zephyr/drivers/gpio/libdrivers__gpio.a(gpio_nrfx.c.obj)
 .devconfig.init
                0x00000000000057a0        0xc zephyr/drivers/pwm/libdrivers__pwm.a(pwm_nrfx.c.obj)
 .devconfig.init
                0x00000000000057ac        0xc zephyr/drivers/serial/libdrivers__serial.a(uart_nrfx_uart.c.obj)
 .devconfig.init
                0x00000000000057b8        0xc zephyr/kernel/libkernel.a(mem_slab.c.obj)
 .devconfig.init
                0x00000000000057c4        0xc zephyr/kernel/libkernel.a(mempool.c.obj)
 *(SORT_BY_NAME(SORT_BY_ALIGNMENT(.devconfig*)))
                0x00000000000057d0                __devconfig_end = .

net_l2          0x00000000000057d0        0x0
                0x00000000000057d0                __net_l2_start = .
 *(SORT_BY_ALIGNMENT(.net_l2.init))
 *(SORT_BY_NAME(SORT_BY_ALIGNMENT(.net_l2.init*)))
                0x00000000000057d0                __net_l2_end = .

_bt_channels_area
                0x00000000000057d0        0x0
                0x00000000000057d0                _bt_l2cap_fixed_chan_list_start = .
 *(SORT_BY_NAME(SORT_BY_ALIGNMENT(._bt_l2cap_fixed_chan.static.*)))
                0x00000000000057d0                _bt_l2cap_fixed_chan_list_end = .

_bt_services_area
                0x00000000000057d0        0x0
                0x00000000000057d0                _bt_gatt_service_static_list_start = .
 *(SORT_BY_NAME(SORT_BY_ALIGNMENT(._bt_gatt_service_static.static.*)))
                0x00000000000057d0                _bt_gatt_service_static_list_end = .

log_const_sections
                0x00000000000057d0       0x38
                0x00000000000057d0                __log_const_start = .
 *(SORT_BY_NAME(SORT_BY_ALIGNMENT(.log_const_*)))
 .log_const_clock_control
                0x00000000000057d0        0x8 zephyr/libzephyr.a(nrf_power_clock.c.obj)
                0x00000000000057d0                log_const_clock_control
 .log_const_log
                0x00000000000057d8        0x8 zephyr/libzephyr.a(log_core.c.obj)
                0x00000000000057d8                log_const_log
 .log_const_mpu
                0x00000000000057e0        0x8 zephyr/arch/arch/arm/core/cortex_m/mpu/libarch__arm__core__cortex_m__mpu.a(arm_core_mpu.c.obj)
                0x00000000000057e0                log_const_mpu
 .log_const_os  0x00000000000057e8        0x8 zephyr/kernel/libkernel.a(init.c.obj)
                0x00000000000057e8                log_const_os
 .log_const_power
                0x00000000000057f0        0x8 zephyr/libzephyr.a(power.c.obj)
                0x00000000000057f0                log_const_power
 .log_const_pwm_nrfx
                0x00000000000057f8        0x8 zephyr/drivers/pwm/libdrivers__pwm.a(pwm_nrfx.c.obj)
                0x00000000000057f8                log_const_pwm_nrfx
 .log_const_soc
                0x0000000000005800        0x8 zephyr/soc/arm/nordic_nrf/nrf52/libsoc__arm__nordic_nrf__nrf52.a(soc.c.obj)
                0x0000000000005800                log_const_soc
                0x0000000000005808                __log_const_end = .

log_backends_sections
                0x0000000000005808       0x10
                0x0000000000005808                __log_backends_start = .
 *(SORT_BY_ALIGNMENT(._log_backend.*))
 ._log_backend.static.log_backend_uart
                0x0000000000005808       0x10 zephyr/libzephyr.a(log_backend_uart.c.obj)
                0x0000000000005818                __log_backends_end = .

shell_root_cmds_sections
                0x0000000000005818        0x0
                0x0000000000005818                __shell_root_cmds_start = .
 *(SORT_BY_NAME(SORT_BY_ALIGNMENT(.shell_root_cmd_*)))
                0x0000000000005818                __shell_root_cmds_end = .

font_entry_sections
                0x0000000000005818        0x0
                0x0000000000005818                __font_entry_start = .
 *(SORT_BY_NAME(SORT_BY_ALIGNMENT(._cfb_font.*)))
                0x0000000000005818                __font_entry_end = .

rodata          0x0000000000005818      0x9d4
 *(SORT_BY_ALIGNMENT(.rodata))
 *(SORT_BY_ALIGNMENT(.rodata.*))
 .rodata.colors
                0x0000000000005818       0x14 zephyr/libzephyr.a(log_output.c.obj)
 .rodata.severity
                0x000000000000582c       0x14 zephyr/libzephyr.a(log_output.c.obj)
 .rodata.log_backend_uart_api
                0x0000000000005840       0x18 zephyr/libzephyr.a(log_backend_uart.c.obj)
                0x0000000000005840                log_backend_uart_api
 .rodata.log_output
                0x0000000000005858       0x10 zephyr/libzephyr.a(log_backend_uart.c.obj)
 .rodata.clock_control_api
                0x0000000000005868       0x14 zephyr/libzephyr.a(nrf_power_clock.c.obj)
 .rodata.hfclk_config
                0x000000000000587c        0xc zephyr/libzephyr.a(nrf_power_clock.c.obj)
 .rodata.lfclk_config
                0x0000000000005888        0xc zephyr/libzephyr.a(nrf_power_clock.c.obj)
 .rodata.mpu_config
                0x0000000000005894        0x8 zephyr/soc/arm/common/cortex_m/libsoc__arm__common__cortex_m.a(arm_mpu_regions.c.obj)
                0x0000000000005894                mpu_config
 .rodata.mpu_regions
                0x000000000000589c       0x18 zephyr/soc/arm/common/cortex_m/libsoc__arm__common__cortex_m.a(arm_mpu_regions.c.obj)
 .rodata.gpio_nrfx_drv_api_funcs
                0x00000000000058b4       0x1c zephyr/drivers/gpio/libdrivers__gpio.a(gpio_nrfx.c.obj)
 .rodata.gpio_nrfx_p0_cfg
                0x00000000000058d0        0x8 zephyr/drivers/gpio/libdrivers__gpio.a(gpio_nrfx.c.obj)
 .rodata.pwm_nrfx_0config
                0x00000000000058d8       0x24 zephyr/drivers/pwm/libdrivers__pwm.a(pwm_nrfx.c.obj)
 .rodata.pwm_nrfx_drv_api_funcs
                0x00000000000058fc        0x8 zephyr/drivers/pwm/libdrivers__pwm.a(pwm_nrfx.c.obj)
 .rodata.uart_nrfx_uart_driver_api
                0x0000000000005904       0x14 zephyr/drivers/serial/libdrivers__serial.a(uart_nrfx_uart.c.obj)
 .rodata.config_levels.8412
                0x0000000000005918       0x14 zephyr/kernel/libkernel.a(device.c.obj)
 .rodata._k_neg_eagain
                0x000000000000592c        0x4 zephyr/kernel/libkernel.a(errno.c.obj)
                0x000000000000592c                _k_neg_eagain
 .rodata.CSWTCH.10
                0x0000000000005930       0x14 zephyr/kernel/libkernel.a(fatal.c.obj)
 .rodata.button0_callback.str1.1
                0x0000000000005944       0x28 app/libapp.a(main.c.obj)
 .rodata.buttonPWMThread.str1.1
                0x000000000000596c       0x28 app/libapp.a(main.c.obj)
 .rodata.main.str1.1
                0x0000000000005994       0x94 app/libapp.a(main.c.obj)
 .rodata.printThread.str1.1
                0x0000000000005a28       0x28 app/libapp.a(main.c.obj)
 .rodata.readThread.str1.1
                0x0000000000005a50       0x13 app/libapp.a(main.c.obj)
 .rodata.str1.1
                0x0000000000005a63       0x18 app/libapp.a(main.c.obj)
 .rodata.enable_logger.str1.1
                0x0000000000005a7b        0x8 zephyr/libzephyr.a(log_core.c.obj)
 .rodata.log_strdup.str1.1
                0x0000000000005a83       0x1a zephyr/libzephyr.a(log_core.c.obj)
 .rodata.str1.1
                0x0000000000005a9d        0x4 zephyr/libzephyr.a(log_core.c.obj)
                                          0x5 (size before relaxing)
 .rodata.z_impl_log_process.str1.1
                0x0000000000005aa1       0x36 zephyr/libzephyr.a(log_core.c.obj)
 .rodata.hexdump_line_print.str1.1
                0x0000000000005ad7        0xf zephyr/libzephyr.a(log_output.c.obj)
                                         0x11 (size before relaxing)
 .rodata.log_output_dropped_process.str1.1
                0x0000000000005ae6        0xf zephyr/libzephyr.a(log_output.c.obj)
                                          0x3 (size before relaxing)
 .rodata.log_output_msg_process.str1.1
                0x0000000000005ae6        0x2 zephyr/libzephyr.a(log_output.c.obj)
 .rodata.postfix.9180
                0x0000000000005ae8       0x1c zephyr/libzephyr.a(log_output.c.obj)
 .rodata.postfix_print.str1.1
                0x0000000000005b04        0x3 zephyr/libzephyr.a(log_output.c.obj)
                                          0x5 (size before relaxing)
 .rodata.prefix.9179
                0x0000000000005b07        0xc zephyr/libzephyr.a(log_output.c.obj)
 .rodata.prefix_print.str1.1
                0x0000000000005b13       0x39 zephyr/libzephyr.a(log_output.c.obj)
                                         0x3c (size before relaxing)
 .rodata.str1.1
                0x0000000000005b4c       0x20 zephyr/libzephyr.a(log_output.c.obj)
 .rodata.log_backend_uart_init.str1.1
                0x0000000000005b6c        0x7 zephyr/libzephyr.a(log_backend_uart.c.obj)
 .rodata.str1.1
                0x0000000000005b73       0x11 zephyr/libzephyr.a(log_backend_uart.c.obj)
 .rodata.str1.1
                0x0000000000005b84        0x6 zephyr/libzephyr.a(power.c.obj)
 .rodata.str1.1
                0x0000000000005b8a        0x1 zephyr/libzephyr.a(uart_console.c.obj)
 .rodata.uart_console_init.str1.1
                0x0000000000005b8a        0x7 zephyr/libzephyr.a(uart_console.c.obj)
 .rodata.str1.1
                0x0000000000005b8a       0x22 zephyr/libzephyr.a(nrf_power_clock.c.obj)
 .rodata.str1.1
                0x0000000000005bac        0xa zephyr/libzephyr.a(sys_clock_init.c.obj)
 .rodata.z_clock_driver_init.str1.1
                0x0000000000005bb6        0xa zephyr/libzephyr.a(nrf_rtc_timer.c.obj)
 .rodata.z_arm_fatal_error.str1.1
                0x0000000000005bb6       0x9b zephyr/arch/arch/arm/core/libarch__arm__core.a(fatal.c.obj)
 .rodata.bus_fault.isra.5.str1.1
                0x0000000000005c51       0x88 zephyr/arch/arch/arm/core/cortex_m/libarch__arm__core__cortex_m.a(fault.c.obj)
 .rodata.mem_manage_fault.isra.4.str1.1
                0x0000000000005cd9       0xd8 zephyr/arch/arch/arm/core/cortex_m/libarch__arm__core__cortex_m.a(fault.c.obj)
 .rodata.usage_fault.isra.2.str1.1
                0x0000000000005db1       0xcd zephyr/arch/arch/arm/core/cortex_m/libarch__arm__core__cortex_m.a(fault.c.obj)
 .rodata.z_arm_fault.str1.1
                0x0000000000005e7e       0xf9 zephyr/arch/arch/arm/core/cortex_m/libarch__arm__core__cortex_m.a(fault.c.obj)
 .rodata.str1.1
                0x0000000000005f77        0x4 zephyr/arch/arch/arm/core/cortex_m/mpu/libarch__arm__core__cortex_m__mpu.a(arm_core_mpu.c.obj)
 .rodata.mpu_configure_regions.str1.1
                0x0000000000005f7b       0x49 zephyr/arch/arch/arm/core/cortex_m/mpu/libarch__arm__core__cortex_m__mpu.a(arm_mpu.c.obj)
 .rodata.str1.1
                0x0000000000005fc4        0x1 zephyr/arch/arch/arm/core/cortex_m/mpu/libarch__arm__core__cortex_m__mpu.a(arm_mpu.c.obj)
 .rodata.z_prf.str1.1
                0x0000000000005fc4        0xa zephyr/lib/libc/minimal/liblib__libc__minimal.a(prf.c.obj)
 .rodata.str1.1
                0x0000000000005fce        0xf zephyr/soc/arm/common/cortex_m/libsoc__arm__common__cortex_m.a(arm_mpu_regions.c.obj)
 .rodata.str1.1
                0x0000000000005fdd        0x4 zephyr/soc/arm/nordic_nrf/nrf52/libsoc__arm__nordic_nrf__nrf52.a(soc.c.obj)
                                          0x5 (size before relaxing)
 .rodata.str1.1
                0x0000000000005fe1        0x7 zephyr/drivers/gpio/libdrivers__gpio.a(gpio_nrfx.c.obj)
 .rodata.__func__.9492
                0x0000000000005fe1       0x11 zephyr/drivers/pwm/libdrivers__pwm.a(pwm_nrfx.c.obj)
 .rodata.pwm_nrfx_init.str1.1
                0x0000000000005ff2       0x20 zephyr/drivers/pwm/libdrivers__pwm.a(pwm_nrfx.c.obj)
 .rodata.pwm_nrfx_pin_set.str1.1
                0x0000000000006012       0xa1 zephyr/drivers/pwm/libdrivers__pwm.a(pwm_nrfx.c.obj)
 .rodata.str1.1
                0x00000000000060b3        0x9 zephyr/drivers/pwm/libdrivers__pwm.a(pwm_nrfx.c.obj)
                                          0xf (size before relaxing)
 .rodata.str1.1
                0x00000000000060bc        0x7 zephyr/drivers/serial/libdrivers__serial.a(uart_nrfx_uart.c.obj)
 .rodata.uart_nrfx_uart0_config
                0x00000000000060bc        0x1 zephyr/drivers/serial/libdrivers__serial.a(uart_nrfx_uart.c.obj)
 .rodata.CSWTCH.0
                0x00000000000060bd        0x4 zephyr/modules/nordic/lib..__modules__hal__nordic.a(system_nrf52.c.obj)
 .rodata.CSWTCH.4
                0x00000000000060c1        0x4 zephyr/modules/nordic/lib..__modules__hal__nordic.a(system_nrf52.c.obj)
 .rodata.k_sys_fatal_error_handler.str1.1
                0x00000000000060c5        0xf zephyr/kernel/libkernel.a(fatal.c.obj)
 .rodata.str1.1
                0x00000000000060d4       0x4a zephyr/kernel/libkernel.a(fatal.c.obj)
 .rodata.z_fatal_error.str1.1
                0x000000000000611e       0x77 zephyr/kernel/libkernel.a(fatal.c.obj)
 .rodata.bg_thread_main.str1.1
                0x0000000000006195       0x47 zephyr/kernel/libkernel.a(init.c.obj)
                                         0x48 (size before relaxing)
 .rodata.str1.1
                0x00000000000061dc        0x3 zephyr/kernel/libkernel.a(init.c.obj)
 .rodata.z_cstart.str1.1
                0x00000000000061df        0xa zephyr/kernel/libkernel.a(init.c.obj)
 .rodata.str1.1
                0x00000000000061e9        0x1 zephyr/kernel/libkernel.a(mem_slab.c.obj)
 .rodata.str1.1
                0x00000000000061e9        0x1 zephyr/kernel/libkernel.a(mempool.c.obj)
 *(SORT_BY_ALIGNMENT(.gnu.linkonce.r.*))
                0x00000000000061ec                . = ALIGN (0x4)
 *fill*         0x00000000000061e9        0x3 
                0x00000000000061ec                _image_rodata_end = .
                0x0000000000006200                . = ALIGN (_region_min_align)
                0x0000000000008000                . = ALIGN ((0x1 << LOG2CEIL ((_image_rodata_end - _image_rom_start))))
                0x0000000000008000                _image_rom_end = .
                0x0000000020000000                . = 0x20000000
                0x0000000020000000                . = ALIGN (_region_min_align)
                0x0000000020000000                _image_ram_start = .

.ramfunc        0x0000000020000000        0x0 load address 0x00000000000061ec
                0x0000000020000000                . = ALIGN (_region_min_align)
                0x0000000020000000                . = ALIGN ((0x1 << LOG2CEIL (_ramfunc_ram_size)))
                0x0000000020000000                _ramfunc_ram_start = .
 *(SORT_BY_ALIGNMENT(.ramfunc))
 *(SORT_BY_ALIGNMENT(.ramfunc.*))
                0x0000000020000000                . = ALIGN (_region_min_align)
                0x0000000020000000                . = ALIGN ((0x1 << LOG2CEIL (_ramfunc_ram_size)))
                0x0000000020000000                _ramfunc_ram_end = .
                0x0000000000000000                _ramfunc_ram_size = (_ramfunc_ram_end - _ramfunc_ram_start)
                0x00000000000061ec                _ramfunc_rom_start = LOADADDR (.ramfunc)

bss             0x0000000020000000      0x3d4
                0x0000000020000000                . = ALIGN (0x4)
                0x0000000020000000                __bss_start = .
                0x0000000020000000                __kernel_ram_start = .
 *(SORT_BY_ALIGNMENT(.bss))
 *(SORT_BY_ALIGNMENT(.bss.*))
 .bss.curr_tick
                0x0000000020000000        0x8 zephyr/kernel/libkernel.a(timeout.c.obj)
 .bss._k_thread_obj_buttonid
                0x0000000020000008       0x6c app/libapp.a(main.c.obj)
                0x0000000020000008                _k_thread_obj_buttonid
 .bss._k_thread_obj_printid
                0x0000000020000074       0x6c app/libapp.a(main.c.obj)
                0x0000000020000074                _k_thread_obj_printid
 .bss._k_thread_obj_readid
                0x00000000200000e0       0x6c app/libapp.a(main.c.obj)
                0x00000000200000e0                _k_thread_obj_readid
 .bss.button0   0x000000002000014c       0x14 app/libapp.a(main.c.obj)
                0x000000002000014c                button0
 .bss.pwm_dev   0x0000000020000160        0x4 app/libapp.a(main.c.obj)
                0x0000000020000160                pwm_dev
 .bss.buffered_cnt
                0x0000000020000164        0x4 zephyr/libzephyr.a(log_core.c.obj)
 .bss.dropped_cnt
                0x0000000020000168        0x4 zephyr/libzephyr.a(log_core.c.obj)
 .bss.initialized
                0x000000002000016c        0x4 zephyr/libzephyr.a(log_core.c.obj)
 .bss.list      0x0000000020000170        0x8 zephyr/libzephyr.a(log_core.c.obj)
 .bss.log_process_thread_timer
                0x0000000020000178       0x2c zephyr/libzephyr.a(log_core.c.obj)
 .bss.log_strdup_pool
                0x00000000200001a4       0x1c zephyr/libzephyr.a(log_core.c.obj)
                0x00000000200001a4                log_strdup_pool
 .bss.logging_thread
                0x00000000200001c0       0x6c zephyr/libzephyr.a(log_core.c.obj)
                0x00000000200001c0                logging_thread
 .bss.proc_tid  0x000000002000022c        0x4 zephyr/libzephyr.a(log_core.c.obj)
 .bss.log_msg_pool
                0x0000000020000230       0x1c zephyr/libzephyr.a(log_msg.c.obj)
                0x0000000020000230                log_msg_pool
 .bss.freq      0x000000002000024c        0x4 zephyr/libzephyr.a(log_output.c.obj)
 .bss.timestamp_div
                0x0000000020000250        0x4 zephyr/libzephyr.a(log_output.c.obj)
 .bss.backend_cb_log_backend_uart
                0x0000000020000254        0x8 zephyr/libzephyr.a(log_backend_uart.c.obj)
 .bss.log_output_control_block
                0x000000002000025c        0xc zephyr/libzephyr.a(log_backend_uart.c.obj)
 .bss.uart_console_dev
                0x0000000020000268        0x4 zephyr/libzephyr.a(uart_console.c.obj)
 .bss.hfclk     0x000000002000026c        0xc zephyr/libzephyr.a(nrf_power_clock.c.obj)
 .bss.lfclk     0x0000000020000278        0xc zephyr/libzephyr.a(nrf_power_clock.c.obj)
 .bss.last_count
                0x0000000020000284        0x4 zephyr/libzephyr.a(nrf_rtc_timer.c.obj)
 .bss.gpio_nrfx_p0_data
                0x0000000020000288       0x20 zephyr/drivers/gpio/libdrivers__gpio.a(gpio_nrfx.c.obj)
 .bss.m_cb      0x00000000200002a8        0xc zephyr/modules/nordic/lib..__modules__hal__nordic.a(nrfx_pwm.c.obj)
 .bss.z_idle_thread
                0x00000000200002b4       0x6c zephyr/kernel/libkernel.a(init.c.obj)
                0x00000000200002b4                z_idle_thread
 .bss.z_main_thread
                0x0000000020000320       0x6c zephyr/kernel/libkernel.a(init.c.obj)
                0x0000000020000320                z_main_thread
 .bss._kernel   0x000000002000038c       0x30 zephyr/kernel/libkernel.a(sched.c.obj)
                0x000000002000038c                _kernel
 .bss.pending_current
                0x00000000200003bc        0x4 zephyr/kernel/libkernel.a(sched.c.obj)
 .bss.slice_max_prio
                0x00000000200003c0        0x4 zephyr/kernel/libkernel.a(sched.c.obj)
 .bss.slice_time
                0x00000000200003c4        0x4 zephyr/kernel/libkernel.a(sched.c.obj)
 .bss.announce_remaining
                0x00000000200003c8        0x4 zephyr/kernel/libkernel.a(timeout.c.obj)
 .bss.button0_pressed
                0x00000000200003cc        0x1 app/libapp.a(main.c.obj)
                0x00000000200003cc                button0_pressed
 .bss.data      0x00000000200003cd        0x1 app/libapp.a(main.c.obj)
                0x00000000200003cd                data
 .bss.backend_attached
                0x00000000200003ce        0x1 zephyr/libzephyr.a(log_core.c.obj)
 .bss.panic_mode
                0x00000000200003cf        0x1 zephyr/libzephyr.a(log_core.c.obj)
 .bss.buf       0x00000000200003d0        0x1 zephyr/libzephyr.a(log_backend_uart.c.obj)
 .bss.static_regions_num
                0x00000000200003d1        0x1 zephyr/arch/arch/arm/core/cortex_m/mpu/libarch__arm__core__cortex_m__mpu.a(arm_mpu.c.obj)
 .bss.gpio_initialized.9265
                0x00000000200003d2        0x1 zephyr/drivers/gpio/libdrivers__gpio.a(gpio_nrfx.c.obj)
 .bss.z_sys_device_level
                0x00000000200003d3        0x1 zephyr/kernel/libkernel.a(device.c.obj)
                0x00000000200003d3                z_sys_device_level
 .bss.lock      0x00000000200003d4        0x0 zephyr/kernel/libkernel.a(mem_slab.c.obj)
 .bss.lock      0x00000000200003d4        0x0 zephyr/kernel/libkernel.a(sem.c.obj)
 .bss.lock      0x00000000200003d4        0x0 zephyr/kernel/libkernel.a(thread.c.obj)
 *(SORT_BY_ALIGNMENT(COMMON))
 *(SORT_BY_ALIGNMENT(.kernel_bss.*))
                0x00000000200003d4                __bss_end = ALIGN (0x4)

noinit          0x00000000200003d8     0x2108
 *(SORT_BY_ALIGNMENT(.noinit))
 *(SORT_BY_ALIGNMENT(.noinit.*))
 .noinit."../src/main.c".1
                0x00000000200003d8      0x400 app/libapp.a(main.c.obj)
                0x00000000200003d8                _k_thread_stack_readid
 .noinit."../src/main.c".2
                0x00000000200007d8      0x400 app/libapp.a(main.c.obj)
                0x00000000200007d8                _k_thread_stack_printid
 .noinit."../src/main.c".3
                0x0000000020000bd8      0x400 app/libapp.a(main.c.obj)
                0x0000000020000bd8                _k_thread_stack_buttonid
 .noinit."ZEPHYR_BASE/subsys/logging/log_core.c".1
                0x0000000020000fd8      0x300 zephyr/libzephyr.a(log_core.c.obj)
                0x0000000020000fd8                logging_stack
 .noinit."ZEPHYR_BASE/kernel/init.c".3
                0x00000000200012d8      0x400 zephyr/kernel/libkernel.a(init.c.obj)
                0x00000000200012d8                z_main_stack
 .noinit."ZEPHYR_BASE/kernel/init.c".4
                0x00000000200016d8      0x140 zephyr/kernel/libkernel.a(init.c.obj)
                0x00000000200016d8                z_idle_stack
 .noinit."ZEPHYR_BASE/kernel/init.c".5
                0x0000000020001818      0x800 zephyr/kernel/libkernel.a(init.c.obj)
                0x0000000020001818                _interrupt_stack
 .noinit."../src/main.c".0
                0x0000000020002018       0x28 app/libapp.a(main.c.obj)
 .noinit."ZEPHYR_BASE/subsys/logging/log_core.c".0
                0x0000000020002040       0xa0 zephyr/libzephyr.a(log_core.c.obj)
 .noinit."ZEPHYR_BASE/subsys/logging/log_msg.c".0
                0x00000000200020e0      0x400 zephyr/libzephyr.a(log_msg.c.obj)
 *(SORT_BY_ALIGNMENT(.kernel_noinit.*))

datas           0x00000000200024e0       0x30 load address 0x00000000000061ec
                0x00000000200024e0                __data_ram_start = .
 *(SORT_BY_ALIGNMENT(.data))
 *(SORT_BY_ALIGNMENT(.data.*))
 .data._char_out
                0x00000000200024e0        0x4 zephyr/libzephyr.a(printk.c.obj)
                0x00000000200024e0                _char_out
 .data.timestamp_func
                0x00000000200024e4        0x4 zephyr/libzephyr.a(log_core.c.obj)
 .data._stdout_hook
                0x00000000200024e8        0x4 zephyr/lib/libc/minimal/liblib__libc__minimal.a(stdout_console.c.obj)
 .data.pwm_nrfx_0_data
                0x00000000200024ec       0x10 zephyr/drivers/pwm/libdrivers__pwm.a(pwm_nrfx.c.obj)
 .data.uart_nrfx_uart0_data
                0x00000000200024fc        0x8 zephyr/drivers/serial/libdrivers__serial.a(uart_nrfx_uart.c.obj)
 .data.SystemCoreClock
                0x0000000020002504        0x4 zephyr/modules/nordic/lib..__modules__hal__nordic.a(system_nrf52.c.obj)
                0x0000000020002504                SystemCoreClock
 .data.timeout_list
                0x0000000020002508        0x8 zephyr/kernel/libkernel.a(timeout.c.obj)
 *(SORT_BY_ALIGNMENT(.kernel.*))
                0x00000000000061ec                __data_rom_start = LOADADDR (datas)

initlevel       0x0000000020002510       0x90 load address 0x000000000000621c
                0x0000000020002510                __device_init_start = .
                0x0000000020002510                __device_PRE_KERNEL_1_start = .
 *(SORT_BY_NAME(SORT_BY_ALIGNMENT(.init_PRE_KERNEL_1[0-9])))
 .init_PRE_KERNEL_10
                0x0000000020002510        0xc zephyr/soc/arm/nordic_nrf/nrf52/libsoc__arm__nordic_nrf__nrf52.a(soc.c.obj)
 *(SORT_BY_NAME(SORT_BY_ALIGNMENT(.init_PRE_KERNEL_1[1-9][0-9])))
 .init_PRE_KERNEL_130
                0x000000002000251c        0xc zephyr/kernel/libkernel.a(mem_slab.c.obj)
 .init_PRE_KERNEL_130
                0x0000000020002528        0xc zephyr/kernel/libkernel.a(mempool.c.obj)
 .init_PRE_KERNEL_140
                0x0000000020002534        0xc zephyr/arch/arch/arm/core/cortex_m/mpu/libarch__arm__core__cortex_m__mpu.a(arm_mpu.c.obj)
 .init_PRE_KERNEL_150
                0x0000000020002540       0x18 zephyr/libzephyr.a(nrf_power_clock.c.obj)
 .init_PRE_KERNEL_150
                0x0000000020002558        0xc zephyr/drivers/serial/libdrivers__serial.a(uart_nrfx_uart.c.obj)
 .init_PRE_KERNEL_160
                0x0000000020002564        0xc zephyr/libzephyr.a(uart_console.c.obj)
                0x0000000020002570                __device_PRE_KERNEL_2_start = .
 *(SORT_BY_NAME(SORT_BY_ALIGNMENT(.init_PRE_KERNEL_2[0-9])))
 .init_PRE_KERNEL_20
                0x0000000020002570        0xc zephyr/libzephyr.a(sys_clock_init.c.obj)
 *(SORT_BY_NAME(SORT_BY_ALIGNMENT(.init_PRE_KERNEL_2[1-9][0-9])))
                0x000000002000257c                __device_POST_KERNEL_start = .
 *(SORT_BY_NAME(SORT_BY_ALIGNMENT(.init_POST_KERNEL[0-9])))
 .init_POST_KERNEL0
                0x000000002000257c        0xc zephyr/libzephyr.a(log_core.c.obj)
 *(SORT_BY_NAME(SORT_BY_ALIGNMENT(.init_POST_KERNEL[1-9][0-9])))
 .init_POST_KERNEL40
                0x0000000020002588        0xc zephyr/drivers/gpio/libdrivers__gpio.a(gpio_nrfx.c.obj)
 .init_POST_KERNEL50
                0x0000000020002594        0xc zephyr/drivers/pwm/libdrivers__pwm.a(pwm_nrfx.c.obj)
                0x00000000200025a0                __device_APPLICATION_start = .
 *(SORT_BY_NAME(SORT_BY_ALIGNMENT(.init_APPLICATION[0-9])))
 *(SORT_BY_NAME(SORT_BY_ALIGNMENT(.init_APPLICATION[1-9][0-9])))
                0x00000000200025a0                __device_init_end = .

initlevel_error
                0x0000000020002510        0x0
 *(SORT_BY_NAME(SORT_BY_ALIGNMENT(.init_[_A-Z0-9]*)))
                0x0000000000000001                ASSERT ((SIZEOF (initlevel_error) == 0x0), Undefined initialization levels used.)

initshell       0x00000000200025a0        0x0 load address 0x00000000000062ac
                0x00000000200025a0                __shell_module_start = .
 *(SORT_BY_ALIGNMENT(.shell_module_*))
                0x00000000200025a0                __shell_module_end = .
                0x00000000200025a0                __shell_cmd_start = .
 *(SORT_BY_ALIGNMENT(.shell_cmd_*))
                0x00000000200025a0                __shell_cmd_end = .

log_dynamic_sections
                0x00000000200025a0        0x0 load address 0x00000000000062ac
                0x00000000200025a0                __log_dynamic_start = .
 *(SORT_BY_NAME(SORT_BY_ALIGNMENT(.log_dynamic_*)))
                0x00000000200025a0                __log_dynamic_end = .

_static_thread_area
                0x00000000200025a0       0x90 load address 0x00000000000062ac
                0x00000000200025a0                __static_thread_data_list_start = .
 *(SORT_BY_NAME(SORT_BY_ALIGNMENT(.__static_thread_data.static.*)))
 .__static_thread_data.static._k_thread_data_buttonid
                0x00000000200025a0       0x30 app/libapp.a(main.c.obj)
                0x00000000200025a0                _k_thread_data_buttonid
 .__static_thread_data.static._k_thread_data_printid
                0x00000000200025d0       0x30 app/libapp.a(main.c.obj)
                0x00000000200025d0                _k_thread_data_printid
 .__static_thread_data.static._k_thread_data_readid
                0x0000000020002600       0x30 app/libapp.a(main.c.obj)
                0x0000000020002600                _k_thread_data_readid
                0x0000000020002630                __static_thread_data_list_end = .

_k_timer_area   0x0000000020002630        0x0 load address 0x000000000000633c
                0x0000000020002630                _k_timer_list_start = .
 *(SORT_BY_ALIGNMENT(._k_timer.static.*))
                0x0000000020002630                _k_timer_list_end = .

_k_mem_slab_area
                0x0000000020002630        0x0 load address 0x000000000000633c
                0x0000000020002630                _k_mem_slab_list_start = .
 *(SORT_BY_ALIGNMENT(._k_mem_slab.static.*))
                0x0000000020002630                _k_mem_slab_list_end = .

_k_mem_pool_area
                0x0000000020002630        0x0 load address 0x000000000000633c
                0x0000000020002630                _k_mem_pool_list_start = .
 *(SORT_BY_ALIGNMENT(._k_mem_pool.static.*))
                0x0000000020002630                _k_mem_pool_list_end = .

_k_sem_area     0x0000000020002630       0x20 load address 0x000000000000633c
                0x0000000020002630                _k_sem_list_start = .
 *(SORT_BY_ALIGNMENT(._k_sem.static.*))
 ._k_sem.static.data_sem
                0x0000000020002630       0x10 app/libapp.a(main.c.obj)
                0x0000000020002630                data_sem
 ._k_sem.static.log_process_thread_sem
                0x0000000020002640       0x10 zephyr/libzephyr.a(log_core.c.obj)
                0x0000000020002640                log_process_thread_sem
 *(SORT_BY_ALIGNMENT(._sys_sem.static.*))
                0x0000000020002650                _k_sem_list_end = .

_k_mutex_area   0x0000000020002650       0x14 load address 0x000000000000635c
                0x0000000020002650                _k_mutex_list_start = .
 *(SORT_BY_ALIGNMENT(._k_mutex.static.*))
 ._k_mutex.static.fdtable_lock
                0x0000000020002650       0x14 zephyr/libzephyr.a(fdtable.c.obj)
                0x0000000020002664                _k_mutex_list_end = .

_k_queue_area   0x0000000020002664        0x0 load address 0x0000000000006370
                0x0000000020002664                _k_queue_list_start = .
 *(SORT_BY_ALIGNMENT(._k_queue.static.*))
 *(SORT_BY_ALIGNMENT(._k_fifo.static.*))
 *(SORT_BY_ALIGNMENT(._k_lifo.static.*))
                0x0000000020002664                _k_queue_list_end = .

_k_stack_area   0x0000000020002664        0x0 load address 0x0000000000006370
                0x0000000020002664                _k_stack_list_start = .
 *(SORT_BY_ALIGNMENT(._k_stack.static.*))
                0x0000000020002664                _k_stack_list_end = .

_k_msgq_area    0x0000000020002664       0x28 load address 0x0000000000006370
                0x0000000020002664                _k_msgq_list_start = .
 *(SORT_BY_ALIGNMENT(._k_msgq.static.*))
 ._k_msgq.static.my_msgq
                0x0000000020002664       0x28 app/libapp.a(main.c.obj)
                0x0000000020002664                my_msgq
                0x000000002000268c                _k_msgq_list_end = .

_k_mbox_area    0x000000002000268c        0x0 load address 0x0000000000006398
                0x000000002000268c                _k_mbox_list_start = .
 *(SORT_BY_ALIGNMENT(._k_mbox.static.*))
                0x000000002000268c                _k_mbox_list_end = .

_k_pipe_area    0x000000002000268c        0x0 load address 0x0000000000006398
                0x000000002000268c                _k_pipe_list_start = .
 *(SORT_BY_ALIGNMENT(._k_pipe.static.*))
                0x000000002000268c                _k_pipe_list_end = .

_net_buf_pool_area
                0x000000002000268c        0x0 load address 0x0000000000006398
                0x000000002000268c                _net_buf_pool_list = .
 *(SORT_BY_NAME(SORT_BY_ALIGNMENT(._net_buf_pool.static.*)))

net_if          0x000000002000268c        0x0 load address 0x0000000000006398
                0x000000002000268c                __net_if_start = .
 *(SORT_BY_ALIGNMENT(.net_if.*))
 *(SORT_BY_NAME(SORT_BY_ALIGNMENT(.net_if.*)))
                0x000000002000268c                __net_if_end = .

net_if_dev      0x000000002000268c        0x0 load address 0x0000000000006398
                0x000000002000268c                __net_if_dev_start = .
 *(SORT_BY_ALIGNMENT(.net_if_dev.*))
 *(SORT_BY_NAME(SORT_BY_ALIGNMENT(.net_if_dev.*)))
                0x000000002000268c                __net_if_dev_end = .

net_l2_data     0x000000002000268c        0x0 load address 0x0000000000006398
                0x000000002000268c                __net_l2_data_start = .
 *(SORT_BY_ALIGNMENT(.net_l2.data))
 *(SORT_BY_NAME(SORT_BY_ALIGNMENT(.net_l2.data*)))
                0x000000002000268c                __net_l2_data_end = .

priv_stacks_noinit
                0x000000002000268c        0x0 load address 0x0000000000006398
                0x000000002000268c                z_priv_stacks_ram_start = .
 *(SORT_BY_ALIGNMENT(.priv_stacks.noinit))
                0x000000002000268c                z_priv_stacks_ram_end = .
                0x000000002000268c                __data_ram_end = .
                0x000000002000268c                _image_ram_end = .
                0x000000002000268c                _end = .
                0x0000000020010000                __kernel_ram_end = 0x20010000
                0x0000000000010000                __kernel_ram_size = (__kernel_ram_end - __kernel_ram_start)

.stab
 *(SORT_BY_ALIGNMENT(.stab))

.stabstr
 *(SORT_BY_ALIGNMENT(.stabstr))

.stab.excl
 *(SORT_BY_ALIGNMENT(.stab.excl))

.stab.exclstr
 *(SORT_BY_ALIGNMENT(.stab.exclstr))

.stab.index
 *(SORT_BY_ALIGNMENT(.stab.index))

.stab.indexstr
 *(SORT_BY_ALIGNMENT(.stab.indexstr))

.gnu.build.attributes
 *(SORT_BY_ALIGNMENT(.gnu.build.attributes) SORT_BY_ALIGNMENT(.gnu.build.attributes.*))

.comment        0x0000000000000000       0x2b
 *(SORT_BY_ALIGNMENT(.comment))
 .comment       0x0000000000000000       0x2b zephyr/CMakeFiles/zephyr_final.dir/isr_tables.c.obj
                                         0x2c (size before relaxing)
 .comment       0x000000000000002b       0x2c app/libapp.a(main.c.obj)
 .comment       0x000000000000002b       0x2c app/libapp.a(es_button.c.obj)
 .comment       0x000000000000002b       0x2c zephyr/libzephyr.a(fdtable.c.obj)
 .comment       0x000000000000002b       0x2c zephyr/libzephyr.a(mempool.c.obj)
 .comment       0x000000000000002b       0x2c zephyr/libzephyr.a(thread_entry.c.obj)
 .comment       0x000000000000002b       0x2c zephyr/libzephyr.a(printk.c.obj)
 .comment       0x000000000000002b       0x2c zephyr/libzephyr.a(configs.c.obj)
 .comment       0x000000000000002b       0x2c zephyr/libzephyr.a(log_list.c.obj)
 .comment       0x000000000000002b       0x2c zephyr/libzephyr.a(log_core.c.obj)
 .comment       0x000000000000002b       0x2c zephyr/libzephyr.a(log_msg.c.obj)
 .comment       0x000000000000002b       0x2c zephyr/libzephyr.a(log_output.c.obj)
 .comment       0x000000000000002b       0x2c zephyr/libzephyr.a(log_backend_uart.c.obj)
 .comment       0x000000000000002b       0x2c zephyr/libzephyr.a(power.c.obj)
 .comment       0x000000000000002b       0x2c zephyr/libzephyr.a(uart_console.c.obj)
 .comment       0x000000000000002b       0x2c zephyr/libzephyr.a(nrf_power_clock.c.obj)
 .comment       0x000000000000002b       0x2c zephyr/libzephyr.a(sys_clock_init.c.obj)
 .comment       0x000000000000002b       0x2c zephyr/libzephyr.a(nrf_rtc_timer.c.obj)
 .comment       0x000000000000002b       0x2c zephyr/arch/common/libarch__common.a(isr_tables.c.obj)
 .comment       0x000000000000002b       0x2c zephyr/arch/arch/arm/core/libarch__arm__core.a(swap.c.obj)
 .comment       0x000000000000002b       0x2c zephyr/arch/arch/arm/core/libarch__arm__core.a(irq_manage.c.obj)
 .comment       0x000000000000002b       0x2c zephyr/arch/arch/arm/core/libarch__arm__core.a(thread.c.obj)
 .comment       0x000000000000002b       0x2c zephyr/arch/arch/arm/core/libarch__arm__core.a(fatal.c.obj)
 .comment       0x000000000000002b       0x2c zephyr/arch/arch/arm/core/libarch__arm__core.a(nmi.c.obj)
 .comment       0x000000000000002b       0x2c zephyr/arch/arch/arm/core/libarch__arm__core.a(prep_c.c.obj)
 .comment       0x000000000000002b       0x2c zephyr/arch/arch/arm/core/cortex_m/libarch__arm__core__cortex_m.a(fault.c.obj)
 .comment       0x000000000000002b       0x2c zephyr/arch/arch/arm/core/cortex_m/libarch__arm__core__cortex_m.a(irq_init.c.obj)
 .comment       0x000000000000002b       0x2c zephyr/arch/arch/arm/core/cortex_m/libarch__arm__core__cortex_m.a(thread_abort.c.obj)
 .comment       0x000000000000002b       0x2c zephyr/arch/arch/arm/core/cortex_m/mpu/libarch__arm__core__cortex_m__mpu.a(arm_core_mpu.c.obj)
 .comment       0x000000000000002b       0x2c zephyr/arch/arch/arm/core/cortex_m/mpu/libarch__arm__core__cortex_m__mpu.a(arm_mpu.c.obj)
 .comment       0x000000000000002b       0x2c zephyr/lib/libc/minimal/liblib__libc__minimal.a(string.c.obj)
 .comment       0x000000000000002b       0x2c zephyr/lib/libc/minimal/liblib__libc__minimal.a(prf.c.obj)
 .comment       0x000000000000002b       0x2c zephyr/lib/libc/minimal/liblib__libc__minimal.a(stdout_console.c.obj)
 .comment       0x000000000000002b       0x2c zephyr/lib/libc/minimal/liblib__libc__minimal.a(sprintf.c.obj)
 .comment       0x000000000000002b       0x2c zephyr/soc/arm/common/cortex_m/libsoc__arm__common__cortex_m.a(arm_mpu_regions.c.obj)
 .comment       0x000000000000002b       0x2c zephyr/soc/arm/nordic_nrf/nrf52/libsoc__arm__nordic_nrf__nrf52.a(soc.c.obj)
 .comment       0x000000000000002b       0x2c zephyr/drivers/gpio/libdrivers__gpio.a(gpio_nrfx.c.obj)
 .comment       0x000000000000002b       0x2c zephyr/drivers/pwm/libdrivers__pwm.a(pwm_nrfx.c.obj)
 .comment       0x000000000000002b       0x2c zephyr/drivers/serial/libdrivers__serial.a(uart_nrfx_uart.c.obj)
 .comment       0x000000000000002b       0x2c zephyr/modules/nordic/lib..__modules__hal__nordic.a(system_nrf52.c.obj)
 .comment       0x000000000000002b       0x2c zephyr/modules/nordic/lib..__modules__hal__nordic.a(nrfx_pwm.c.obj)
 .comment       0x000000000000002b       0x2c zephyr/kernel/libkernel.a(device.c.obj)
 .comment       0x000000000000002b       0x2c zephyr/kernel/libkernel.a(errno.c.obj)
 .comment       0x000000000000002b       0x2c zephyr/kernel/libkernel.a(fatal.c.obj)
 .comment       0x000000000000002b       0x2c zephyr/kernel/libkernel.a(idle.c.obj)
 .comment       0x000000000000002b       0x2c zephyr/kernel/libkernel.a(init.c.obj)
 .comment       0x000000000000002b       0x2c zephyr/kernel/libkernel.a(mem_slab.c.obj)
 .comment       0x000000000000002b       0x2c zephyr/kernel/libkernel.a(sched.c.obj)
 .comment       0x000000000000002b       0x2c zephyr/kernel/libkernel.a(sem.c.obj)
 .comment       0x000000000000002b       0x2c zephyr/kernel/libkernel.a(thread.c.obj)
 .comment       0x000000000000002b       0x2c zephyr/kernel/libkernel.a(timeout.c.obj)
 .comment       0x000000000000002b       0x2c zephyr/kernel/libkernel.a(timer.c.obj)
 .comment       0x000000000000002b       0x2c zephyr/kernel/libkernel.a(mempool.c.obj)
 .comment       0x000000000000002b       0x2c zephyr/CMakeFiles/offsets.dir/arch/arm/core/offsets/offsets.c.obj
 .comment       0x000000000000002b       0x2c /home/tarcisio/zephyr-sdk-0.10.3/arm-zephyr-eabi/bin/../lib/gcc/arm-zephyr-eabi/8.3.0/thumb/v7e-m/nofp/libgcc.a(_udivmoddi4.o)

.debug
 *(SORT_BY_ALIGNMENT(.debug))

.line
 *(SORT_BY_ALIGNMENT(.line))

.debug_srcinfo
 *(SORT_BY_ALIGNMENT(.debug_srcinfo))

.debug_sfnames
 *(SORT_BY_ALIGNMENT(.debug_sfnames))

.debug_aranges  0x0000000000000000     0x1198
 *(SORT_BY_ALIGNMENT(.debug_aranges))
 .debug_aranges
                0x0000000000000000       0x20 zephyr/arch/arch/arm/core/libarch__arm__core.a(exc_exit.S.obj)
 .debug_aranges
                0x0000000000000020       0x28 zephyr/arch/arch/arm/core/libarch__arm__core.a(swap_helper.S.obj)
 .debug_aranges
                0x0000000000000048       0x30 zephyr/arch/arch/arm/core/libarch__arm__core.a(cpu_idle.S.obj)
 .debug_aranges
                0x0000000000000078       0x20 zephyr/arch/arch/arm/core/libarch__arm__core.a(fault_s.S.obj)
 .debug_aranges
                0x0000000000000098       0x20 zephyr/arch/arch/arm/core/libarch__arm__core.a(nmi_on_reset.S.obj)
 .debug_aranges
                0x00000000000000b8       0x20 zephyr/arch/arch/arm/core/libarch__arm__core.a(isr_wrapper.S.obj)
 .debug_aranges
                0x00000000000000d8       0x20 zephyr/arch/arch/arm/core/cortex_m/libarch__arm__core__cortex_m.a(reset.S.obj)
 .debug_aranges
                0x00000000000000f8       0x20 /home/tarcisio/zephyr-sdk-0.10.3/arm-zephyr-eabi/bin/../lib/gcc/arm-zephyr-eabi/8.3.0/thumb/v7e-m/nofp/libgcc.a(_aeabi_uldivmod.o)
 .debug_aranges
                0x0000000000000118       0x20 /home/tarcisio/zephyr-sdk-0.10.3/arm-zephyr-eabi/bin/../lib/gcc/arm-zephyr-eabi/8.3.0/thumb/v7e-m/nofp/libgcc.a(_dvmd_tls.o)
 .debug_aranges
                0x0000000000000138       0x18 zephyr/CMakeFiles/zephyr_final.dir/isr_tables.c.obj
 .debug_aranges
                0x0000000000000150       0x50 app/libapp.a(main.c.obj)
 .debug_aranges
                0x00000000000001a0       0x20 app/libapp.a(es_button.c.obj)
 .debug_aranges
                0x00000000000001c0       0x50 zephyr/libzephyr.a(fdtable.c.obj)
 .debug_aranges
                0x0000000000000210       0x68 zephyr/libzephyr.a(mempool.c.obj)
 .debug_aranges
                0x0000000000000278       0x20 zephyr/libzephyr.a(thread_entry.c.obj)
 .debug_aranges
                0x0000000000000298       0x80 zephyr/libzephyr.a(printk.c.obj)
 .debug_aranges
                0x0000000000000318       0x20 zephyr/libzephyr.a(configs.c.obj)
 .debug_aranges
                0x0000000000000338       0x38 zephyr/libzephyr.a(log_list.c.obj)
 .debug_aranges
                0x0000000000000370      0x158 zephyr/libzephyr.a(log_core.c.obj)
 .debug_aranges
                0x00000000000004c8       0x88 zephyr/libzephyr.a(log_msg.c.obj)
 .debug_aranges
                0x0000000000000550       0x80 zephyr/libzephyr.a(log_output.c.obj)
 .debug_aranges
                0x00000000000005d0       0x40 zephyr/libzephyr.a(log_backend_uart.c.obj)
 .debug_aranges
                0x0000000000000610       0x40 zephyr/libzephyr.a(power.c.obj)
 .debug_aranges
                0x0000000000000650       0x30 zephyr/libzephyr.a(uart_console.c.obj)
 .debug_aranges
                0x0000000000000680       0x58 zephyr/libzephyr.a(nrf_power_clock.c.obj)
 .debug_aranges
                0x00000000000006d8       0x40 zephyr/libzephyr.a(sys_clock_init.c.obj)
 .debug_aranges
                0x0000000000000718       0x40 zephyr/libzephyr.a(nrf_rtc_timer.c.obj)
 .debug_aranges
                0x0000000000000758       0x18 zephyr/arch/common/libarch__common.a(isr_tables.c.obj)
 .debug_aranges
                0x0000000000000770       0x20 zephyr/arch/arch/arm/core/libarch__arm__core.a(swap.c.obj)
 .debug_aranges
                0x0000000000000790       0x48 zephyr/arch/arch/arm/core/libarch__arm__core.a(irq_manage.c.obj)
 .debug_aranges
                0x00000000000007d8       0x28 zephyr/arch/arch/arm/core/libarch__arm__core.a(thread.c.obj)
 .debug_aranges
                0x0000000000000800       0x30 zephyr/arch/arch/arm/core/libarch__arm__core.a(fatal.c.obj)
 .debug_aranges
                0x0000000000000830       0x20 zephyr/arch/arch/arm/core/libarch__arm__core.a(nmi.c.obj)
 .debug_aranges
                0x0000000000000850       0x20 zephyr/arch/arch/arm/core/libarch__arm__core.a(prep_c.c.obj)
 .debug_aranges
                0x0000000000000870       0x40 zephyr/arch/arch/arm/core/cortex_m/libarch__arm__core__cortex_m.a(fault.c.obj)
 .debug_aranges
                0x00000000000008b0       0x20 zephyr/arch/arch/arm/core/cortex_m/libarch__arm__core__cortex_m.a(irq_init.c.obj)
 .debug_aranges
                0x00000000000008d0       0x20 zephyr/arch/arch/arm/core/cortex_m/libarch__arm__core__cortex_m.a(thread_abort.c.obj)
 .debug_aranges
                0x00000000000008f0       0x28 zephyr/arch/arch/arm/core/cortex_m/mpu/libarch__arm__core__cortex_m__mpu.a(arm_core_mpu.c.obj)
 .debug_aranges
                0x0000000000000918       0x48 zephyr/arch/arch/arm/core/cortex_m/mpu/libarch__arm__core__cortex_m__mpu.a(arm_mpu.c.obj)
 .debug_aranges
                0x0000000000000960       0x90 zephyr/lib/libc/minimal/liblib__libc__minimal.a(string.c.obj)
 .debug_aranges
                0x00000000000009f0       0x40 zephyr/lib/libc/minimal/liblib__libc__minimal.a(prf.c.obj)
 .debug_aranges
                0x0000000000000a30       0x58 zephyr/lib/libc/minimal/liblib__libc__minimal.a(stdout_console.c.obj)
 .debug_aranges
                0x0000000000000a88       0x40 zephyr/lib/libc/minimal/liblib__libc__minimal.a(sprintf.c.obj)
 .debug_aranges
                0x0000000000000ac8       0x18 zephyr/soc/arm/common/cortex_m/libsoc__arm__common__cortex_m.a(arm_mpu_regions.c.obj)
 .debug_aranges
                0x0000000000000ae0       0x38 zephyr/soc/arm/nordic_nrf/nrf52/libsoc__arm__nordic_nrf__nrf52.a(soc.c.obj)
 .debug_aranges
                0x0000000000000b18       0x60 zephyr/drivers/gpio/libdrivers__gpio.a(gpio_nrfx.c.obj)
 .debug_aranges
                0x0000000000000b78       0x30 zephyr/drivers/pwm/libdrivers__pwm.a(pwm_nrfx.c.obj)
 .debug_aranges
                0x0000000000000ba8       0x48 zephyr/drivers/serial/libdrivers__serial.a(uart_nrfx_uart.c.obj)
 .debug_aranges
                0x0000000000000bf0       0x38 zephyr/modules/nordic/lib..__modules__hal__nordic.a(system_nrf52.c.obj)
 .debug_aranges
                0x0000000000000c28       0x60 zephyr/modules/nordic/lib..__modules__hal__nordic.a(nrfx_pwm.c.obj)
 .debug_aranges
                0x0000000000000c88       0x30 zephyr/kernel/libkernel.a(device.c.obj)
 .debug_aranges
                0x0000000000000cb8       0x20 zephyr/kernel/libkernel.a(errno.c.obj)
 .debug_aranges
                0x0000000000000cd8       0x38 zephyr/kernel/libkernel.a(fatal.c.obj)
 .debug_aranges
                0x0000000000000d10       0x28 zephyr/kernel/libkernel.a(idle.c.obj)
 .debug_aranges
                0x0000000000000d38       0x48 zephyr/kernel/libkernel.a(init.c.obj)
 .debug_aranges
                0x0000000000000d80       0x38 zephyr/kernel/libkernel.a(mem_slab.c.obj)
 .debug_aranges
                0x0000000000000db8      0x188 zephyr/kernel/libkernel.a(sched.c.obj)
 .debug_aranges
                0x0000000000000f40       0x30 zephyr/kernel/libkernel.a(sem.c.obj)
 .debug_aranges
                0x0000000000000f70       0xd8 zephyr/kernel/libkernel.a(thread.c.obj)
 .debug_aranges
                0x0000000000001048       0x78 zephyr/kernel/libkernel.a(timeout.c.obj)
 .debug_aranges
                0x00000000000010c0       0x48 zephyr/kernel/libkernel.a(timer.c.obj)
 .debug_aranges
                0x0000000000001108       0x50 zephyr/kernel/libkernel.a(mempool.c.obj)
 .debug_aranges
                0x0000000000001158       0x20 zephyr/CMakeFiles/offsets.dir/arch/arm/core/offsets/offsets.c.obj
 .debug_aranges
                0x0000000000001178       0x20 /home/tarcisio/zephyr-sdk-0.10.3/arm-zephyr-eabi/bin/../lib/gcc/arm-zephyr-eabi/8.3.0/thumb/v7e-m/nofp/libgcc.a(_udivmoddi4.o)

.debug_pubnames
 *(SORT_BY_ALIGNMENT(.debug_pubnames))

.debug_info     0x0000000000000000    0x44631
 *(SORT_BY_ALIGNMENT(.debug_info) SORT_BY_ALIGNMENT(.gnu.linkonce.wi.*))
 .debug_info    0x0000000000000000      0x1da zephyr/CMakeFiles/zephyr_final.dir/isr_tables.c.obj
 .debug_info    0x00000000000001da     0x167a app/libapp.a(main.c.obj)
 .debug_info    0x0000000000001854     0x102a app/libapp.a(es_button.c.obj)
 .debug_info    0x000000000000287e      0xed9 zephyr/libzephyr.a(fdtable.c.obj)
 .debug_info    0x0000000000003757     0x1c9a zephyr/libzephyr.a(mempool.c.obj)
 .debug_info    0x00000000000053f1      0x9d0 zephyr/libzephyr.a(thread_entry.c.obj)
 .debug_info    0x0000000000005dc1     0x1373 zephyr/libzephyr.a(printk.c.obj)
 .debug_info    0x0000000000007134       0x38 zephyr/libzephyr.a(configs.c.obj)
 .debug_info    0x000000000000716c      0x4cc zephyr/libzephyr.a(log_list.c.obj)
 .debug_info    0x0000000000007638     0x3ccd zephyr/libzephyr.a(log_core.c.obj)
 .debug_info    0x000000000000b305     0x1c04 zephyr/libzephyr.a(log_msg.c.obj)
 .debug_info    0x000000000000cf09     0x2921 zephyr/libzephyr.a(log_output.c.obj)
 .debug_info    0x000000000000f82a     0x1665 zephyr/libzephyr.a(log_backend_uart.c.obj)
 .debug_info    0x0000000000010e8f      0xc8b zephyr/libzephyr.a(power.c.obj)
 .debug_info    0x0000000000011b1a      0xd7f zephyr/libzephyr.a(uart_console.c.obj)
 .debug_info    0x0000000000012899     0x249c zephyr/libzephyr.a(nrf_power_clock.c.obj)
 .debug_info    0x0000000000014d35      0xaf7 zephyr/libzephyr.a(sys_clock_init.c.obj)
 .debug_info    0x000000000001582c     0x1e11 zephyr/libzephyr.a(nrf_rtc_timer.c.obj)
 .debug_info    0x000000000001763d      0x214 zephyr/arch/common/libarch__common.a(isr_tables.c.obj)
 .debug_info    0x0000000000017851       0x26 zephyr/arch/arch/arm/core/libarch__arm__core.a(exc_exit.S.obj)
 .debug_info    0x0000000000017877      0xb5c zephyr/arch/arch/arm/core/libarch__arm__core.a(swap.c.obj)
 .debug_info    0x00000000000183d3       0x22 zephyr/arch/arch/arm/core/libarch__arm__core.a(swap_helper.S.obj)
 .debug_info    0x00000000000183f5      0xf2b zephyr/arch/arch/arm/core/libarch__arm__core.a(irq_manage.c.obj)
 .debug_info    0x0000000000019320      0xcb8 zephyr/arch/arch/arm/core/libarch__arm__core.a(thread.c.obj)
 .debug_info    0x0000000000019fd8       0x22 zephyr/arch/arch/arm/core/libarch__arm__core.a(cpu_idle.S.obj)
 .debug_info    0x0000000000019ffa       0x26 zephyr/arch/arch/arm/core/libarch__arm__core.a(fault_s.S.obj)
 .debug_info    0x000000000001a020      0xf91 zephyr/arch/arch/arm/core/libarch__arm__core.a(fatal.c.obj)
 .debug_info    0x000000000001afb1      0x8c9 zephyr/arch/arch/arm/core/libarch__arm__core.a(nmi.c.obj)
 .debug_info    0x000000000001b87a       0x26 zephyr/arch/arch/arm/core/libarch__arm__core.a(nmi_on_reset.S.obj)
 .debug_info    0x000000000001b8a0      0xd43 zephyr/arch/arch/arm/core/libarch__arm__core.a(prep_c.c.obj)